BL51 BANKED LINKER/LOCATER V6.22.2.0                                                    11/11/2022  18:17:38  PAGE 1


BL51 BANKED LINKER/LOCATER V6.22.2.0, INVOKED BY:
D:\KEIL_V5\C51\BIN\BL51.EXE .\Output\main.c.obj, .\Output\uart2.obj, .\Output\common.obj, .\Output\adc.obj, .\Output\gpi
>> o.obj, .\Output\i2c.obj, .\Output\uart3.obj, .\Output\uart.obj, .\Output\pwm0.obj, .\Output\pwm123.obj, .\Output\eepr
>> om.obj, .\Output\lcd.obj, .\Output\sys.obj, .\Output\STARTUP.obj, .\Output\ADC_USER.obj, .\Output\CO2.obj, .\Output\C
>> RC8_NRSC5.obj, .\Output\EEPROM_USER.obj, .\Output\KEY.obj, .\Output\LCD_User.obj, .\Output\LED.obj, .\Output\SHTC3.ob
>> j, .\Output\Timer0.obj, .\Output\UART1_USER.obj, .\Output\UART2_USER.obj, .\Output\UART3_USER.obj, .\Output\WDT.obj, 
>> .\Output\WIFI.obj, .\Output\CRC16.obj, .\Output\BC3602.obj, .\Output\BC3602_Gateway.obj, .\Output\BC3602_SPI.obj TO .
>> \Output\Temp_Humi_CO2 PRINT (.\LST\Temp_Humi_CO2.m51) RAMSIZE (256) DISABLEWARNING (16)


MEMORY MODEL: LARGE WITH FLOATING POINT ARITHMETIC


INPUT MODULES INCLUDED:
  .\Output\main.c.obj (MAIN_C)
  .\Output\uart2.obj (UART2)
  .\Output\common.obj (COMMON)
  .\Output\adc.obj (ADC)
  .\Output\gpio.obj (GPIO)
  .\Output\i2c.obj (I2C)
  .\Output\uart3.obj (UART3)
  .\Output\uart.obj (UART)
  .\Output\pwm0.obj (PWM0)
  .\Output\pwm123.obj (PWM123)
  .\Output\eeprom.obj (EEPROM)
  .\Output\lcd.obj (LCD)
  .\Output\sys.obj (SYS)
  .\Output\STARTUP.obj (?C_STARTUP)
  .\Output\ADC_USER.obj (ADC_USER)
  .\Output\CO2.obj (CO2)
  .\Output\CRC8_NRSC5.obj (CRC8_NRSC5)
  .\Output\EEPROM_USER.obj (EEPROM_USER)
  .\Output\KEY.obj (KEY)
  .\Output\LCD_User.obj (LCD_USER)
  .\Output\LED.obj (LED)
  .\Output\SHTC3.obj (SHTC3)
  .\Output\Timer0.obj (TIMER0)
  .\Output\UART1_USER.obj (UART1_USER)
  .\Output\UART2_USER.obj (UART2_USER)
  .\Output\UART3_USER.obj (UART3_USER)
  .\Output\WDT.obj (WDT)
  .\Output\WIFI.obj (WIFI)
  .\Output\CRC16.obj (CRC16)
  .\Output\BC3602.obj (BC3602)
  .\Output\BC3602_Gateway.obj (BC3602_GATEWAY)
  .\Output\BC3602_SPI.obj (BC3602_SPI)
  D:\KEIL_V5\C51\LIB\C51FPL.LIB (?C?FPADD)
  D:\KEIL_V5\C51\LIB\C51FPL.LIB (?C?FPMUL)
  D:\KEIL_V5\C51\LIB\C51FPL.LIB (?C?FPDIV)
  D:\KEIL_V5\C51\LIB\C51FPL.LIB (?C?FPCMP)
  D:\KEIL_V5\C51\LIB\C51FPL.LIB (?C?FCAST)
  D:\KEIL_V5\C51\LIB\C51FPL.LIB (?C?CASTF)
  D:\KEIL_V5\C51\LIB\C51FPL.LIB (?C?FPGETOPN)
  D:\KEIL_V5\C51\LIB\C51L.LIB (?C_INIT)
  D:\KEIL_V5\C51\LIB\C51L.LIB (?C?COPY)
  D:\KEIL_V5\C51\LIB\C51L.LIB (?C?CLDPTR)
  D:\KEIL_V5\C51\LIB\C51L.LIB (?C?CLDOPTR)
  D:\KEIL_V5\C51\LIB\C51L.LIB (?C?CILDPTR)
BL51 BANKED LINKER/LOCATER V6.22.2.0                                                  11/11/2022  18:17:38  PAGE 2


  D:\KEIL_V5\C51\LIB\C51L.LIB (?C?CSTPTR)
  D:\KEIL_V5\C51\LIB\C51L.LIB (?C?CSTOPTR)
  D:\KEIL_V5\C51\LIB\C51L.LIB (?C?IMUL)
  D:\KEIL_V5\C51\LIB\C51L.LIB (?C?UIDIV)
  D:\KEIL_V5\C51\LIB\C51L.LIB (?C?IILDX)
  D:\KEIL_V5\C51\LIB\C51L.LIB (?C?ILDIX)
  D:\KEIL_V5\C51\LIB\C51L.LIB (?C?LMUL)
  D:\KEIL_V5\C51\LIB\C51L.LIB (?C?ULDIV)
  D:\KEIL_V5\C51\LIB\C51L.LIB (?C?LNEG)
  D:\KEIL_V5\C51\LIB\C51L.LIB (?C?ULSHR)
  D:\KEIL_V5\C51\LIB\C51L.LIB (?C?LSTXDATA)
  D:\KEIL_V5\C51\LIB\C51L.LIB (?C?LSTKXDATA)
  D:\KEIL_V5\C51\LIB\C51L.LIB (?C?CCASE)
  D:\KEIL_V5\C51\LIB\C51L.LIB (?C?MEMSET)


LINK MAP OF MODULE:  .\Output\Temp_Humi_CO2 (MAIN_C)


            TYPE    BASE      LENGTH    RELOCATION   SEGMENT NAME
            -----------------------------------------------------

            * * * * * * *   D A T A   M E M O R Y   * * * * * * *
            REG     0000H     0008H     ABSOLUTE     "REG BANK 0"
            DATA    0008H     0003H     UNIT         ?DT?COMMON
                    000BH     0015H                  *** GAP ***
            BIT     0020H.0   0000H.4   UNIT         ?BI?UART
            BIT     0020H.4   0000H.1   UNIT         ?BI?UART2
            BIT     0020H.5   0000H.1   UNIT         ?BI?COMMON
            BIT     0020H.6   0000H.1   UNIT         ?BI?UART3
                    0020H.7   0000H.1                *** GAP ***
            IDATA   0021H     0001H     UNIT         ?STACK

            * * * * * * *  X D A T A   M E M O R Y  * * * * * * *
            XDATA   0000H     0200H     UNIT         ?XD?CRC16
            XDATA   0200H     0199H     UNIT         ?XD?EEPROM_USER
            XDATA   0399H     0118H     UNIT         ?XD?ADC_USER
            XDATA   04B1H     008AH     UNIT         ?XD?_WRITEDATATOONEPAGE?EEPROM
            XDATA   053BH     0085H     UNIT         ?XD?WIFI
            XDATA   05C0H     006AH     UNIT         ?XD?BC3602
            XDATA   062AH     0053H     UNIT         ?XD?BC3602_GATEWAY
            XDATA   067DH     003AH     UNIT         ?XD?CO2
            XDATA   06B7H     002DH     UNIT         ?XD?TIMER0
            XDATA   06E4H     0016H     UNIT         ?XD?KEY
            XDATA   06FAH     0015H     UNIT         ?XD?SHTC3
            XDATA   070FH     0012H     UNIT         _XDATA_GROUP_
            XDATA   0721H     0009H     UNIT         ?XD?_I2C_OPEN?I2C
            XDATA   072AH     0009H     UNIT         ?XD?LED
            XDATA   0733H     0008H     UNIT         ?XD?_UART2_OPEN?UART2
            XDATA   073BH     0008H     UNIT         ?XD?_UART3_OPEN?UART3
            XDATA   0743H     0008H     UNIT         ?XD?_WRITE_DATAFLASH_ARRAY?EEPROM
            XDATA   074BH     0006H     UNIT         ?XD?_WRITE_DATAFLASH_BYTE?EEPROM
            XDATA   0751H     0005H     UNIT         ?XD?_GPIO_ENABLEINT?GPIO
            XDATA   0756H     0005H     UNIT         ?XD?_UART0SENDDATA?UART2_USER
            XDATA   075BH     0005H     UNIT         ?XD?_RFWRITEBUF?BC3602
            XDATA   0760H     0004H     UNIT         ?XD?GET_NTCVALU?ADC_USER
            XDATA   0764H     0004H     UNIT         ?XD?LCD_USER
BL51 BANKED LINKER/LOCATER V6.22.2.0                                                  11/11/2022  18:17:38  PAGE 3


            XDATA   0768H     0002H     UNIT         ?XD?_ADC_INITIALCONTINOUS?ADC
            XDATA   076AH     0002H     UNIT         ?XD?UART
            XDATA   076CH     0001H     UNIT         ?XD?UART2
            XDATA   076DH     0001H     UNIT         ?XD?UART3
            XDATA   076EH     0001H     UNIT         ?XD?_PUTCHAR?UART3_USER

            * * * * * * *   C O D E   M E M O R Y   * * * * * * *
            CODE    0000H     0003H     ABSOLUTE     
            CODE    0003H     0008H     UNIT         ?PR?_READ_APROM_BYTE?COMMON
            CODE    000BH     0003H     ABSOLUTE     
            CODE    000EH     0015H     UNIT         ?PR?_UART2_SEND_DATA?UART2
            CODE    0023H     0003H     ABSOLUTE     
            CODE    0026H     0015H     UNIT         ?PR?_SPIWRITEREGCMD?BC3602
            CODE    003BH     0003H     ABSOLUTE     
            CODE    003EH     003DH     UNIT         ?PR?_LCD_CURRENT_MODE?LCD
            CODE    007BH     0003H     ABSOLUTE     
            CODE    007EH     001DH     UNIT         ?PR?UART3_RECEIVE_DATA?UART3
            CODE    009BH     0003H     ABSOLUTE     
            CODE    009EH     0014H     UNIT         ?PR?_UART3_SEND_DATA?UART3
            CODE    00B2H     0001H     UNIT         ?PR?I2C_ERROR?SHTC3
            CODE    00B3H     0003H     ABSOLUTE     
            CODE    00B6H     07C8H     UNIT         ?C?LIB_CODE
            CODE    087EH     04E7H     UNIT         ?PR?_GET_TEMP_BAT?ADC_USER
            CODE    0D65H     0429H     UNIT         ?PR?_VOLTAGE_DISPLAY?ADC_USER
            CODE    118EH     0406H     UNIT         ?PR?_TEMPHUB_DISPLAY_ON?LCD_USER
            CODE    1594H     0344H     UNIT         ?PR?_GPIO_ENABLEINT?GPIO
            CODE    18D8H     0313H     UNIT         ?PR?_DISPLAY_CO2?CO2
            CODE    1BEBH     02FDH     UNIT         ?C_INITSEG
            CODE    1EE8H     02E7H     UNIT         ?PR?GET_KEYVALUE?KEY
            CODE    21CFH     02DAH     UNIT         ?PR?_ADC_OPEN?ADC
            CODE    24A9H     02C2H     UNIT         ?PR?EEPROM_READDATAINIT?EEPROM_USER
            CODE    276BH     02B4H     UNIT         ?PR?_RGB_COLOR?LED
            CODE    2A1FH     02A3H     UNIT         ?PR?_WRITEDATATOONEPAGE?EEPROM
            CODE    2CC2H     027DH     UNIT         ?PR?RF_INIT?BC3602
            CODE    2F3FH     0275H     UNIT         ?PR?_PWM0_CONFIGOUTPUTCHANNEL?PWM0
            CODE    31B4H     0275H     UNIT         ?PR?BAT_POWERDISPLAY?ADC_USER
            CODE    3429H     0203H     UNIT         ?PR?TIMER0_ISR?TIMER0
            CODE    362CH     01DEH     UNIT         ?PR?GET_TEMPHUT?SHTC3
            CODE    380AH     01A3H     UNIT         ?PR?TEMPHUB_DISPLAY_OFF?LCD_USER
            CODE    39ADH     0198H     UNIT         ?PR?_PWM123_CLOCKSOURCE?PWM123
            CODE    3B45H     0191H     UNIT         ?PR?KEYPROCESS?KEY
            CODE    3CD6H     018EH     UNIT         ?PR?GET_AVG_VALU_24H?EEPROM_USER
            CODE    3E64H     017FH     UNIT         ?PR?_LCD_DISPLAY_TEMPHUB?LCD_USER
            CODE    3FE3H     017DH     UNIT         ?PR?_UART_OPEN?UART
            CODE    4160H     017DH     UNIT         ?PR?_EEPROM_WRITE_SENSORDATA?EEPROM_USER
            CODE    42DDH     0179H     UNIT         ?PR?_WRITE_DATAFLASH_BYTE?EEPROM
            CODE    4456H     016DH     UNIT         ?PR?LED_BUZ?LED
            CODE    45C3H     0164H     UNIT         ?PR?_SEND_NETWORKENTRY?WIFI
            CODE    4727H     014BH     UNIT         ?PR?_PREPARE_SENDDATA?BC3602_GATEWAY
            CODE    4872H     0148H     UNIT         ?PR?_SHOWDIGIT?LCD_USER
            CODE    49BAH     013EH     UNIT         ?PR?_WRITE_DATAFLASH?EEPROM_USER
            CODE    4AF8H     013BH     UNIT         ?PR?TIME_PROCESS?TIMER0
            CODE    4C33H     0125H     UNIT         ?PR?INIT_LCD?LCD_USER
            CODE    4D58H     0120H     UNIT         ?PR?_FSYSSELECT?SYS
            CODE    4E78H     011CH     UNIT         ?PR?_I2C_READ?SHTC3
            CODE    4F94H     0113H     UNIT         ?PR?_PWM123_CONFIGOUTPUTCHANNEL?PWM123
            CODE    50A7H     00EDH     UNIT         ?PR?_SIMPLEFIFO_RX_PROCESS?BC3602
BL51 BANKED LINKER/LOCATER V6.22.2.0                                                  11/11/2022  18:17:38  PAGE 4


            CODE    5194H     00EBH     UNIT         ?PR?_ADC_VREF_SET?ADC
            CODE    527FH     00E4H     UNIT         ?PR?_LED_LOW_LIGHT?LED
            CODE    5363H     00D5H     UNIT         ?PR?_GPIO_SETMODE?GPIO
            CODE    5438H     00D5H     UNIT         ?PR?_I2C_WRITE?SHTC3
            CODE    550DH     00D0H     UNIT         ?PR?LED_INIT?LED
            CODE    55DDH     00C1H     UNIT         ?PR?_WRITE_DATAFLASH_ARRAY?EEPROM
            CODE    569EH     00BFH     UNIT         ?PR?_SIMPLEFIFO_TX_PROCESS?BC3602
            CODE    575DH     00BDH     UNIT         ?PR?_CLOCKENABLE?SYS
            CODE    581AH     00B4H     UNIT         ?PR?_UART3_OPEN?UART3
            CODE    58CEH     00AEH     UNIT         ?PR?_UART2_OPEN?UART2
            CODE    597CH     00ABH     UNIT         ?PR?UART1_ISR?CO2
            CODE    5A27H     009BH     UNIT         ?PR?_GPIO_PULL_DISABLE?GPIO
            CODE    5AC2H     009AH     UNIT         ?C_C51STARTUP
            CODE    5B5CH     0096H     UNIT         ?PR?RECIEVE_DATA_ANALYSIS?CO2
            CODE    5BF2H     0087H     UNIT         ?PR?_GPIO_PULL_ENABLE?GPIO
            CODE    5C79H     0085H     UNIT         ?PR?BUZ_ON?LED
            CODE    5CFEH     0084H     UNIT         ?PR?_CLOCKDISABLE?SYS
            CODE    5D82H     007DH     UNIT         ?PR?_I2C_READ_PROCESS?SHTC3
            CODE    5DFFH     007AH     UNIT         ?PR?_KEY_BC3602?BC3602
            CODE    5E79H     0078H     UNIT         ?PR?GET_MAX_VALU_24H?EEPROM_USER
            CODE    5EF1H     0077H     UNIT         ?PR?READ_BANDGAP?ADC
            CODE    5F68H     0071H     UNIT         ?PR?_ADC_RUN?ADC_USER
            CODE    5FD9H     0070H     UNIT         ?PR?ADC_INIT?ADC_USER
            CODE    6049H     0070H     UNIT         ?PR?_BC3602_WRITEREGISTER?BC3602_SPI
            CODE    60B9H     006EH     UNIT         ?PR?_PWM0_CLOCKSOURCE?PWM0
            CODE    6127H     006EH     UNIT         ?PR?_PWM1_CLOCKSOURCE?PWM0
            CODE    6195H     006DH     UNIT         ?PR?GET_NTCVALU?ADC_USER
            CODE    6202H     006AH     UNIT         ?PR?_I2C_OPEN?I2C
            CODE    626CH     0068H     UNIT         ?PR?_READ_DATAFLASH_ARRAY?EEPROM
            CODE    62D4H     0063H     UNIT         ?PR?_ADC_ENABLEHWTRIGGER?ADC
            CODE    6337H     005FH     UNIT         ?PR?_I2C_WRITE_PROCESS?SHTC3
            CODE    6396H     005CH     UNIT         ?PR?_PWM0_DEADZONEENABLE?PWM0
            CODE    63F2H     005CH     UNIT         ?PR?FSYSSWITCHERROR?SYS
            CODE    644EH     005BH     UNIT         ?PR?BC3602_INTERFACECONFIGURE?BC3602
            CODE    64A9H     0059H     UNIT         ?PR?_CRC8_NRSC5?CRC8_NRSC5
            CODE    6502H     0059H     UNIT         ?PR?INIT_I2C?SHTC3
            CODE    655BH     0059H     UNIT         ?PR?BC3602_RF_PROCESS?BC3602
            CODE    65B4H     0057H     UNIT         ?PR?_I2C_SETSLAVEADDRMASK?I2C
            CODE    660BH     0057H     UNIT         ?PR?GET_CO2_VERSIONNUM?CO2
            CODE    6662H     0054H     UNIT         ?PR?GET_CO2VALU?CO2
            CODE    66B6H     0052H     UNIT         ?PR?RGB_COLOR_OFF?LED
            CODE    6708H     0052H     UNIT         ?PR?BLU_COLOR?LED
            CODE    675AH     0052H     UNIT         ?PR?_CRC16MODBUS?CRC16
            CODE    67ACH     0051H     UNIT         ?PR?_CLOCKSWITCH?SYS
            CODE    67FDH     004FH     UNIT         ?PR?_WRITEFIFO?BC3602
            CODE    684CH     004FH     UNIT         ?PR?_READFIFO?BC3602
            CODE    689BH     004BH     UNIT         ?PR?_LCD_OPEN?LCD
            CODE    68E6H     0048H     UNIT         ?PR?_RFWRITEBUF?BC3602
            CODE    692EH     0046H     UNIT         ?PR?INIT_UART1?UART1_USER
            CODE    6974H     0043H     UNIT         ?PR?INIT_UART0?UART2_USER
            CODE    69B7H     0041H     UNIT         ?PR?_GET_CHECKSUM?BC3602_GATEWAY
            CODE    69F8H     003FH     UNIT         ?PR?_UART1SENDDATA?UART1_USER
            CODE    6A37H     003FH     UNIT         ?PR?_UART0SENDDATA?UART2_USER
            CODE    6A76H     003EH     UNIT         ?PR?WDT_INIT?WDT
            CODE    6AB4H     003CH     UNIT         ?PR?_LCD_SETALLPIXELS?LCD
            CODE    6AF0H     003AH     UNIT         ?PR?INIT_UART3?UART3_USER
            CODE    6B2AH     0039H     UNIT         ?PR?_BC3602_STROBECOMMAND?BC3602_SPI
BL51 BANKED LINKER/LOCATER V6.22.2.0                                                  11/11/2022  18:17:38  PAGE 5


            CODE    6B63H     0038H     UNIT         ?PR?MAIN?MAIN_C
            CODE    6B9BH     0035H     UNIT         ?PR?FEED_WDT?WDT
            CODE    6BD0H     0035H     UNIT         ?PR?RF_FINISHED_PROCESS?BC3602
            CODE    6C05H     0035H     UNIT         ?PR?_SPIWRITE?BC3602_SPI
            CODE    6C3AH     0034H     UNIT         ?PR?SPIREAD?BC3602_SPI
            CODE    6C6EH     0031H     UNIT         ?PR?ENABLE_UART0_VCOM_PRINTF?UART
            CODE    6C9FH     002FH     UNIT         ?PR?PININTERRUPT_ISR?BC3602
            CODE    6CCEH     002EH     UNIT         ?PR?_ADC_INTERRUPT?ADC
            CODE    6CFCH     002DH     UNIT         ?PR?_ADC_INITIALCONTINOUS?ADC
            CODE    6D29H     002DH     UNIT         ?PR?_UART_INTERRUPT_ENABLE?UART
            CODE    6D56H     002CH     UNIT         ?PR?INIT_KEYPORT?KEY
            CODE    6D82H     002BH     UNIT         ?PR?_LCD_INTERRUPT_INITIAL?LCD
            CODE    6DADH     0029H     UNIT         ?PR?BC3602_TX_PROCESS?BC3602_GATEWAY
            CODE    6DD6H     0029H     UNIT         ?PR?_SET_RFSDIO_DIR?BC3602_SPI
            CODE    6DFFH     0027H     UNIT         ?PR?_LCD_SETONEPIXEL?LCD
            CODE    6E26H     0025H     UNIT         ?PR?_GET_CS?CO2
            CODE    6E4BH     0024H     UNIT         ?PR?IS_IIC_OVERTIME?SHTC3
            CODE    6E6FH     0023H     UNIT         ?PR?GET_NTC_TEMP?ADC_USER
            CODE    6E92H     0022H     UNIT         ?PR?BUZ_OFF?LED
            CODE    6EB4H     0021H     UNIT         ?PR?_UART_SEND_DATA?UART
            CODE    6ED5H     0020H     UNIT         ?PR?_LCD_CLOCK_SETTING?LCD
            CODE    6EF5H     0020H     UNIT         ?PR?_LCD_POWERDOWN_DISPLAY?LCD
            CODE    6F15H     001FH     UNIT         ?PR?UART0_ISR?WIFI
            CODE    6F34H     001EH     UNIT         ?PR?_UART_RECEIVE_DATA?UART
            CODE    6F52H     001EH     UNIT         ?PR?BC3602_SPI_IOCONFIG?BC3602_SPI
            CODE    6F70H     001DH     UNIT         ?PR?GET_CO2_DATA?CO2
            CODE    6F8DH     001CH     UNIT         ?PR?SMC1_ISR?UART3
            CODE    6FA9H     001CH     UNIT         ?PR?TIMER0_INIT?TIMER0
            CODE    6FC5H     001BH     UNIT         ?PR?_ADC_SAMPLINGTIME?ADC
            CODE    6FE0H     001AH     UNIT         ?PR?SMC0_ISR?UART2
            CODE    6FFAH     0019H     UNIT         ?PR?_DATA_PROCESS?BC3602
            CODE    7013H     0018H     UNIT         ?PR?_I2C_ENABLEINT?I2C
            CODE    702BH     0018H     UNIT         ?PR?_I2C_DISABLEINT?I2C
            CODE    7043H     0017H     UNIT         ?PR?SW_RESET?SYS
            CODE    705AH     0016H     UNIT         ?PR?_SET_RFMODE?BC3602
            CODE    7070H     0013H     UNIT         ?PR?_I2C_GETSTATUS?I2C
            CODE    7083H     0013H     UNIT         ?PR?_I2C_SLAVE_ADDRESS_MASK_DISABLE?I2C
            CODE    7096H     0012H     UNIT         ?PR?_I2C_CLOSE?I2C
            CODE    70A8H     0012H     UNIT         ?PR?_I2C_ENABLETIMEOUT?I2C
            CODE    70BAH     0012H     UNIT         ?PR?_I2C_DISABLETIMEOUT?I2C
            CODE    70CCH     0012H     UNIT         ?PR?_I2C_CLEARTIMEOUTFLAG?I2C
            CODE    70DEH     0011H     UNIT         ?PR?UART2_RECEIVE_ONE_BYTE?UART2
            CODE    70EFH     0011H     UNIT         ?PR?_I2C_SLAVE_ADDRESS_MASK_ENABLE?I2C
            CODE    7100H     0011H     UNIT         ?PR?PWM0_DEADZONE_ALL_DISABLE?PWM0
            CODE    7111H     000FH     UNIT         ?PR?_LCD_BLINK?LCD
            CODE    7120H     000EH     UNIT         ?PR?_PUTCHAR?UART3_USER
            CODE    712EH     000DH     UNIT         ?PR?GET_MAX_VALU_CO2_24H?EEPROM_USER
            CODE    713BH     000DH     UNIT         ?PR?GET_AVG_VALU_CO2_24H?EEPROM_USER
            CODE    7148H     000CH     UNIT         ?PR?CO2_INIT?CO2
            CODE    7154H     000CH     UNIT         ?PR?INIT_WIFI?WIFI
            CODE    7160H     000BH     UNIT         ?PR?_SPIREADREGCMD?BC3602
            CODE    716BH     000BH     UNIT         ?PR?_BC3602_REGISTERBANK?BC3602_SPI
            CODE    7176H     000AH     UNIT         ?PR?LCD_ENABLE?LCD
            CODE    7180H     0009H     UNIT         ?PR?GET_NTC_INIT?ADC_USER
            CODE    7189H     0009H     UNIT         ?PR?GET_CO2VALUE?CO2
            CODE    7192H     0009H     UNIT         ?PR?GET_TEMPVALUE?SHTC3
            CODE    719BH     0009H     UNIT         ?PR?GET_HUBVALUE?SHTC3
BL51 BANKED LINKER/LOCATER V6.22.2.0                                                  11/11/2022  18:17:38  PAGE 6


            CODE    71A4H     0009H     UNIT         ?PR?GET_NTCTEMP?TIMER0
            CODE    71ADH     0008H     UNIT         ?PR?SET_KEY_BLUCORLOR_ENABLE?KEY
            CODE    71B5H     0008H     UNIT         ?PR?SET_KEY_BLUCORLOR_DISABLE?KEY
            CODE    71BDH     0008H     UNIT         ?PR?_SPIWRITESTROBECMD?BC3602
            CODE    71C5H     0007H     UNIT         ?PR?ADC_CLOSE?ADC
            CODE    71CCH     0007H     UNIT         ?PR?ADC_DISABLEHWTRIGGER?ADC
            CODE    71D3H     0007H     UNIT         ?PR?PWM0_RUN?PWM0
            CODE    71DAH     0007H     UNIT         ?PR?PWM0_STOP?PWM0
            CODE    71E1H     0007H     UNIT         ?PR?LCD_DISABLE?LCD
            CODE    71E8H     0007H     UNIT         ?PR?SET_TEMPPOSITIVE?SHTC3
            CODE    71EFH     0006H     UNIT         ?PR?GET_LIGHT_STA?KEY
            CODE    71F5H     0006H     UNIT         ?PR?GET_BELL_STA?KEY
            CODE    71FBH     0006H     UNIT         ?PR?GET_UNIT_STA?KEY
            CODE    7201H     0006H     UNIT         ?PR?GET_COLOR_STA?KEY
            CODE    7207H     0006H     UNIT         ?PR?GET_CO2DISMOD?KEY
            CODE    720DH     0006H     UNIT         ?PR?GET_WIFI_KEY_STA?KEY
            CODE    7213H     0006H     UNIT         ?PR?GET_ACCESSNET_REQUEST?KEY
            CODE    7219H     0006H     UNIT         ?PR?CLR_ACCESSNET_REQUEST?KEY
            CODE    721FH     0006H     UNIT         ?PR?LCD_DISPLAY?LCD_USER
            CODE    7225H     0006H     UNIT         ?PR?INIT_SHTC3?SHTC3
            CODE    722BH     0006H     UNIT         ?PR?GET_TEMPPOSITIVE?SHTC3
            CODE    7231H     0006H     UNIT         ?PR?GET_TEMPHUTSTARTFLAG?TIMER0
            CODE    7237H     0006H     UNIT         ?PR?CLR__TEMPHUTSTARTFLAG?TIMER0
            CODE    723DH     0006H     UNIT         ?PR?GET_SAVEADDR?TIMER0
            CODE    7243H     0006H     UNIT         ?PR?GET_ONECIRCLESAVEFLAG?TIMER0
            CODE    7249H     0006H     UNIT         ?PR?_SET_ONECIRCLE_FLAG?TIMER0
            CODE    724FH     0006H     UNIT         ?PR?_SET_SAVE_ADDRP?TIMER0
            CODE    7255H     0006H     UNIT         ?PR?GET_TEMPHUB_STA?TIMER0
            CODE    725BH     0006H     UNIT         ?PR?GET_RF_MODE?BC3602
            CODE    7261H     0006H     UNIT         ?PR?RESET_RFSTEP?BC3602
            CODE    7267H     0006H     UNIT         ?PR?BC3602_ENTERLIGHTSLEEP?BC3602_SPI



OVERLAY MAP OF MODULE:   .\Output\Temp_Humi_CO2 (MAIN_C)


SEGMENT                                            XDATA_GROUP
  +--> CALLED SEGMENT                            START    LENGTH
----------------------------------------------------------------
?C_C51STARTUP                                    -----    -----
  +--> ?PR?MAIN?MAIN_C
  +--> ?C_INITSEG

?PR?MAIN?MAIN_C                                  -----    -----
  +--> ?PR?_FSYSSELECT?SYS
  +--> ?PR?INIT_UART1?UART1_USER
  +--> ?PR?INIT_UART0?UART2_USER
  +--> ?PR?TIMER0_INIT?TIMER0
  +--> ?PR?LED_INIT?LED
  +--> ?PR?INIT_LCD?LCD_USER
  +--> ?PR?WDT_INIT?WDT
  +--> ?PR?INIT_I2C?SHTC3
  +--> ?PR?CO2_INIT?CO2
  +--> ?PR?ADC_INIT?ADC_USER
  +--> ?PR?INIT_KEYPORT?KEY
  +--> ?PR?EEPROM_READDATAINIT?EEPROM_USER
BL51 BANKED LINKER/LOCATER V6.22.2.0                                                  11/11/2022  18:17:38  PAGE 7


  +--> ?PR?RF_INIT?BC3602
  +--> ?PR?FEED_WDT?WDT
  +--> ?PR?TIME_PROCESS?TIMER0
  +--> ?PR?BC3602_RF_PROCESS?BC3602

?PR?_FSYSSELECT?SYS                              -----    -----
  +--> ?PR?_CLOCKENABLE?SYS
  +--> ?PR?_CLOCKSWITCH?SYS
  +--> ?PR?FSYSSWITCHERROR?SYS

?PR?INIT_UART1?UART1_USER                        -----    -----
  +--> ?PR?_UART_OPEN?UART

?PR?_UART_OPEN?UART                              070FH    0009H

?PR?INIT_UART0?UART2_USER                        -----    -----
  +--> ?PR?_UART_OPEN?UART

?PR?LED_INIT?LED                                 -----    -----
  +--> ?PR?_GPIO_SETMODE?GPIO
  +--> ?PR?_PWM123_CLOCKSOURCE?PWM123
  +--> ?PR?_PWM123_CONFIGOUTPUTCHANNEL?PWM123
  +--> ?PR?_PWM0_CLOCKSOURCE?PWM0
  +--> ?PR?_PWM0_CONFIGOUTPUTCHANNEL?PWM0
  +--> ?PR?PWM0_RUN?PWM0

?PR?_GPIO_SETMODE?GPIO                           071FH    0001H

?PR?_PWM123_CLOCKSOURCE?PWM123                   070FH    0001H

?PR?_PWM123_CONFIGOUTPUTCHANNEL?PWM123           070FH    0006H

?PR?_PWM0_CONFIGOUTPUTCHANNEL?PWM0               0710H    0009H

?PR?INIT_LCD?LCD_USER                            -----    -----
  +--> ?PR?_LCD_CLOCK_SETTING?LCD
  +--> ?PR?_LCD_OPEN?LCD
  +--> ?PR?_LCD_CURRENT_MODE?LCD
  +--> ?PR?LCD_ENABLE?LCD
  +--> ?PR?_LCD_SETALLPIXELS?LCD

?PR?_LCD_OPEN?LCD                                070FH    0005H
  +--> ?PR?LCD_DISABLE?LCD
  +--> ?PR?_LCD_SETALLPIXELS?LCD

?PR?INIT_I2C?SHTC3                               -----    -----
  +--> ?PR?_I2C_WRITE?SHTC3

?PR?_I2C_WRITE?SHTC3                             -----    -----
  +--> ?PR?I2C_ERROR?SHTC3

?PR?CO2_INIT?CO2                                 -----    -----
  +--> ?PR?_GPIO_SETMODE?GPIO

?PR?ADC_INIT?ADC_USER                            -----    -----
  +--> ?PR?_ADC_OPEN?ADC
  +--> ?PR?_ADC_SAMPLINGTIME?ADC
BL51 BANKED LINKER/LOCATER V6.22.2.0                                                  11/11/2022  18:17:38  PAGE 8


  +--> ?PR?_ADC_VREF_SET?ADC
  +--> ?PR?_GPIO_SETMODE?GPIO

?PR?EEPROM_READDATAINIT?EEPROM_USER              070FH    0005H
  +--> ?PR?_READ_DATAFLASH_ARRAY?EEPROM
  +--> ?PR?_CRC8_NRSC5?CRC8_NRSC5
  +--> ?PR?_CRC16MODBUS?CRC16
  +--> ?PR?_SET_ONECIRCLE_FLAG?TIMER0
  +--> ?PR?_SET_SAVE_ADDRP?TIMER0

?PR?_READ_DATAFLASH_ARRAY?EEPROM                 0714H    0009H

?PR?_CRC8_NRSC5?CRC8_NRSC5                       0714H    0005H

?PR?_CRC16MODBUS?CRC16                           0714H    0004H

?PR?RF_INIT?BC3602                               -----    -----
  +--> ?PR?BC3602_SPI_IOCONFIG?BC3602_SPI
  +--> ?PR?BC3602_ENTERLIGHTSLEEP?BC3602_SPI
  +--> ?PR?_BC3602_REGISTERBANK?BC3602_SPI
  +--> ?PR?_BC3602_WRITEREGISTER?BC3602_SPI

?PR?BC3602_SPI_IOCONFIG?BC3602_SPI               -----    -----
  +--> ?PR?_GPIO_SETMODE?GPIO
  +--> ?PR?_SET_RFSDIO_DIR?BC3602_SPI

?PR?_SET_RFSDIO_DIR?BC3602_SPI                   071EH    0001H
  +--> ?PR?_GPIO_SETMODE?GPIO
  +--> ?PR?_GPIO_PULL_ENABLE?GPIO

?PR?BC3602_ENTERLIGHTSLEEP?BC3602_SPI            -----    -----
  +--> ?PR?_BC3602_STROBECOMMAND?BC3602_SPI

?PR?_BC3602_STROBECOMMAND?BC3602_SPI             070FH    0001H
  +--> ?PR?_SET_RFSDIO_DIR?BC3602_SPI

?PR?_BC3602_REGISTERBANK?BC3602_SPI              -----    -----
  +--> ?PR?_BC3602_STROBECOMMAND?BC3602_SPI

?PR?_BC3602_WRITEREGISTER?BC3602_SPI             070FH    0002H
  +--> ?PR?_SET_RFSDIO_DIR?BC3602_SPI

?PR?TIME_PROCESS?TIMER0                          -----    -----
  +--> ?PR?GET_TEMPHUT?SHTC3
  +--> ?PR?RECIEVE_DATA_ANALYSIS?CO2
  +--> ?PR?KEYPROCESS?KEY
  +--> ?PR?LED_BUZ?LED
  +--> ?PR?BLU_COLOR?LED
  +--> ?PR?GET_CO2VALU?CO2
  +--> ?PR?_GET_TEMP_BAT?ADC_USER
  +--> ?PR?_EEPROM_WRITE_SENSORDATA?EEPROM_USER
  +--> ?PR?GET_MAX_VALU_24H?EEPROM_USER
  +--> ?PR?GET_AVG_VALU_24H?EEPROM_USER
  +--> ?PR?GET_TEMPVALUE?SHTC3
  +--> ?PR?GET_HUBVALUE?SHTC3
  +--> ?PR?_LCD_DISPLAY_TEMPHUB?LCD_USER
  +--> ?PR?GET_NTC_TEMP?ADC_USER
BL51 BANKED LINKER/LOCATER V6.22.2.0                                                  11/11/2022  18:17:38  PAGE 9



?PR?GET_TEMPHUT?SHTC3                            -----    -----
  +--> ?PR?_I2C_WRITE?SHTC3
  +--> ?PR?_I2C_READ?SHTC3
  +--> ?PR?_CRC8_NRSC5?CRC8_NRSC5
  +--> ?PR?CLR__TEMPHUTSTARTFLAG?TIMER0

?PR?_I2C_READ?SHTC3                              070FH    0001H
  +--> ?PR?I2C_ERROR?SHTC3

?PR?RECIEVE_DATA_ANALYSIS?CO2                    -----    -----
  +--> ?PR?_GET_CS?CO2

?PR?KEYPROCESS?KEY                               -----    -----
  +--> ?PR?GET_KEYVALUE?KEY

?PR?LED_BUZ?LED                                  -----    -----
  +--> ?PR?GET_LIGHT_STA?KEY
  +--> ?PR?GET_CO2VALUE?CO2
  +--> ?PR?GET_BELL_STA?KEY
  +--> ?PR?BUZ_OFF?LED
  +--> ?PR?BUZ_ON?LED

?PR?BUZ_OFF?LED                                  -----    -----
  +--> ?PR?_PWM123_CONFIGOUTPUTCHANNEL?PWM123

?PR?BUZ_ON?LED                                   -----    -----
  +--> ?PR?_PWM123_CONFIGOUTPUTCHANNEL?PWM123
  +--> ?PR?BUZ_OFF?LED

?PR?BLU_COLOR?LED                                -----    -----
  +--> ?PR?GET_COLOR_STA?KEY
  +--> ?PR?_RGB_COLOR?LED
  +--> ?PR?RGB_COLOR_OFF?LED

?PR?_RGB_COLOR?LED                               070FH    0001H
  +--> ?PR?PWM0_STOP?PWM0
  +--> ?PR?_PWM0_CONFIGOUTPUTCHANNEL?PWM0
  +--> ?PR?PWM0_RUN?PWM0

?PR?RGB_COLOR_OFF?LED                            -----    -----
  +--> ?PR?PWM0_STOP?PWM0
  +--> ?PR?_PWM0_CONFIGOUTPUTCHANNEL?PWM0
  +--> ?PR?PWM0_RUN?PWM0

?PR?GET_CO2VALU?CO2                              -----    -----
  +--> ?PR?_UART1SENDDATA?UART1_USER

?PR?_UART1SENDDATA?UART1_USER                    070FH    0005H
  +--> ?PR?_UART_SEND_DATA?UART

?PR?_GET_TEMP_BAT?ADC_USER                       070FH    0002H
  +--> ?PR?_ADC_RUN?ADC_USER

?PR?_EEPROM_WRITE_SENSORDATA?EEPROM_USER         070FH    0003H
  +--> ?PR?_CRC8_NRSC5?CRC8_NRSC5
  +--> ?PR?_WRITE_DATAFLASH?EEPROM_USER
BL51 BANKED LINKER/LOCATER V6.22.2.0                                                  11/11/2022  18:17:38  PAGE 10


  +--> ?PR?_READ_DATAFLASH_ARRAY?EEPROM
  +--> ?PR?GET_CO2VALUE?CO2
  +--> ?PR?GET_SAVEADDR?TIMER0
  +--> ?PR?GET_ONECIRCLESAVEFLAG?TIMER0
  +--> ?PR?_CRC16MODBUS?CRC16

?PR?_WRITE_DATAFLASH?EEPROM_USER                 0712H    0008H

?PR?GET_MAX_VALU_24H?EEPROM_USER                 070FH    0004H

?PR?GET_AVG_VALU_24H?EEPROM_USER                 070FH    0009H

?PR?_LCD_DISPLAY_TEMPHUB?LCD_USER                070FH    0004H
  +--> ?PR?_LCD_SETALLPIXELS?LCD
  +--> ?PR?GET_TEMPHUB_STA?TIMER0
  +--> ?PR?_TEMPHUB_DISPLAY_ON?LCD_USER
  +--> ?PR?TEMPHUB_DISPLAY_OFF?LCD_USER
  +--> ?PR?_LCD_SETONEPIXEL?LCD
  +--> ?PR?GET_CO2DISMOD?KEY
  +--> ?PR?_DISPLAY_CO2?CO2
  +--> ?PR?GET_LIGHT_STA?KEY
  +--> ?PR?GET_BELL_STA?KEY
  +--> ?PR?BAT_POWERDISPLAY?ADC_USER

?PR?_TEMPHUB_DISPLAY_ON?LCD_USER                 0713H    000AH
  +--> ?PR?GET_UNIT_STA?KEY
  +--> ?PR?GET_TEMPPOSITIVE?SHTC3
  +--> ?PR?_SHOWDIGIT?LCD_USER
  +--> ?PR?_LCD_SETONEPIXEL?LCD

?PR?_SHOWDIGIT?LCD_USER                          071DH    0001H

?PR?TEMPHUB_DISPLAY_OFF?LCD_USER                 -----    -----
  +--> ?PR?_LCD_SETONEPIXEL?LCD

?PR?_DISPLAY_CO2?CO2                             0713H    0007H
  +--> ?PR?_SHOWDIGIT?LCD_USER
  +--> ?PR?_LCD_SETONEPIXEL?LCD

?PR?BAT_POWERDISPLAY?ADC_USER                    -----    -----
  +--> ?PR?_LCD_SETONEPIXEL?LCD
  +--> ?PR?_VOLTAGE_DISPLAY?ADC_USER

?PR?_VOLTAGE_DISPLAY?ADC_USER                    0713H    0001H
  +--> ?PR?_LCD_SETONEPIXEL?LCD

?PR?BC3602_RF_PROCESS?BC3602                     -----    -----
  +--> ?PR?BC3602_TX_PROCESS?BC3602_GATEWAY
  +--> ?PR?_SIMPLEFIFO_TX_PROCESS?BC3602
  +--> ?PR?_SIMPLEFIFO_RX_PROCESS?BC3602
  +--> ?PR?RF_FINISHED_PROCESS?BC3602

?PR?BC3602_TX_PROCESS?BC3602_GATEWAY             -----    -----
  +--> ?PR?GET_ACCESSNET_REQUEST?KEY
  +--> ?PR?GET_RF_MODE?BC3602
  +--> ?PR?_PREPARE_SENDDATA?BC3602_GATEWAY
  +--> ?PR?CLR_ACCESSNET_REQUEST?KEY
BL51 BANKED LINKER/LOCATER V6.22.2.0                                                  11/11/2022  18:17:38  PAGE 11



?PR?_PREPARE_SENDDATA?BC3602_GATEWAY             -----    -----
  +--> ?PR?_GET_CHECKSUM?BC3602_GATEWAY
  +--> ?PR?RESET_RFSTEP?BC3602
  +--> ?PR?_SET_RFMODE?BC3602

?PR?_GET_CHECKSUM?BC3602_GATEWAY                 070FH    0003H

?PR?_SIMPLEFIFO_TX_PROCESS?BC3602                070FH    0009H
  +--> ?PR?_SPIWRITESTROBECMD?BC3602
  +--> ?PR?_SPIWRITEREGCMD?BC3602
  +--> ?PR?_WRITEFIFO?BC3602

?PR?_SPIWRITESTROBECMD?BC3602                    -----    -----
  +--> ?PR?_SPIWRITE?BC3602_SPI

?PR?_SPIWRITE?BC3602_SPI                         071DH    0001H
  +--> ?PR?_SET_RFSDIO_DIR?BC3602_SPI

?PR?_SPIWRITEREGCMD?BC3602                       0718H    0001H
  +--> ?PR?_SPIWRITE?BC3602_SPI

?PR?_WRITEFIFO?BC3602                            0718H    0005H
  +--> ?PR?_SPIWRITE?BC3602_SPI

?PR?_SIMPLEFIFO_RX_PROCESS?BC3602                070FH    0009H
  +--> ?PR?_SPIWRITESTROBECMD?BC3602
  +--> ?PR?_SPIWRITEREGCMD?BC3602
  +--> ?PR?_READFIFO?BC3602

?PR?_READFIFO?BC3602                             0718H    0005H
  +--> ?PR?_SPIWRITE?BC3602_SPI
  +--> ?PR?SPIREAD?BC3602_SPI

?PR?SPIREAD?BC3602_SPI                           071DH    0001H
  +--> ?PR?_SET_RFSDIO_DIR?BC3602_SPI

*** NEW ROOT ***************************************************

?PR?TIMER0_ISR?TIMER0                            -----    -----
  +--> ?PR?_LED_LOW_LIGHT?LED
  +--> ?PR?IS_IIC_OVERTIME?SHTC3

?PR?_LED_LOW_LIGHT?LED                           0720H    0001H
  +--> ?PR?GET_CO2VALUE?CO2



UNRESOLVED EXTERNAL SYMBOLS:
   BC3602_CRYSTALREADY
   BC3602_SOFTWARERESET
   RFGETCLRRFIRQ
   RFXTALREADY



SYMBOL TABLE OF MODULE:  .\Output\Temp_Humi_CO2 (MAIN_C)
BL51 BANKED LINKER/LOCATER V6.22.2.0                                                  11/11/2022  18:17:38  PAGE 12



  VALUE           TYPE          NAME
  ----------------------------------

  -------         MODULE        MAIN_C
  C:0000H         SYMBOL        _ICE_DUMMY_
  D:0080H         PUBLIC        P0
  D:0090H         PUBLIC        P1
  D:00A0H         PUBLIC        P2
  D:00B0H         PUBLIC        P3
  D:00D8H         PUBLIC        P4
  D:00A8H         PUBLIC        IE
  D:00B8H         PUBLIC        IP
  C:6B63H         PUBLIC        main
  D:0098H         PUBLIC        SCON
  D:0088H         PUBLIC        TCON
  D:00C0H         PUBLIC        I2C0CON
  D:00E8H         PUBLIC        I2C1CON
  D:00F8H         PUBLIC        S1CON
  D:00C8H         PUBLIC        T2CON
  D:00D0H         PUBLIC        PSW
  -------         PROC          MAIN
  C:6B63H         LINE#         4
  C:6B63H         LINE#         5
  C:6B63H         LINE#         6
  C:6B68H         LINE#         7
  C:6B6BH         LINE#         8
  C:6B6EH         LINE#         10
  C:6B71H         LINE#         11
  C:6B74H         LINE#         12
  C:6B77H         LINE#         13
  C:6B7AH         LINE#         14
  C:6B7DH         LINE#         15
  C:6B80H         LINE#         16
  C:6B83H         LINE#         17
  C:6B86H         LINE#         18
  C:6B89H         LINE#         20
  C:6B8CH         LINE#         21
  C:6B8FH         LINE#         23
  C:6B8FH         LINE#         24
  C:6B8FH         LINE#         25
  C:6B92H         LINE#         26
  C:6B95H         LINE#         27
  C:6B98H         LINE#         28
  -------         ENDPROC       MAIN
  -------         ENDMOD        MAIN_C

  -------         MODULE        UART2
  C:0000H         SYMBOL        _ICE_DUMMY_
  D:00DCH         PUBLIC        SC0ETURD1
  D:0080H         PUBLIC        P0
  D:0090H         PUBLIC        P1
  D:00A0H         PUBLIC        P2
  D:00B0H         PUBLIC        P3
  D:00D8H         PUBLIC        P4
  D:00D6H         PUBLIC        SC0CR0
  D:00D7H         PUBLIC        SC0CR1
BL51 BANKED LINKER/LOCATER V6.22.2.0                                                  11/11/2022  18:17:38  PAGE 13


  D:00A8H         PUBLIC        IE
  C:70DEH         PUBLIC        UART2_Receive_One_Byte
  D:00B8H         PUBLIC        IP
  D:0098H         PUBLIC        SCON
  D:0088H         PUBLIC        TCON
  C:000EH         PUBLIC        _UART2_Send_Data
  D:0091H         PUBLIC        SFRS
  D:00DFH         PUBLIC        SC0TSR
  D:00C0H         PUBLIC        I2C0CON
  D:00E8H         PUBLIC        I2C1CON
  X:076CH         PUBLIC        uart2rvbuffer
  D:00D9H         PUBLIC        SC0DR
  C:6FE0H         PUBLIC        SMC0_ISR
  C:58CEH         PUBLIC        _UART2_Open
  D:00F8H         PUBLIC        S1CON
  D:00C8H         PUBLIC        T2CON
  B:0020H.4       PUBLIC        uart2rvflag
  D:00D0H         PUBLIC        PSW
  D:00DBH         PUBLIC        SC0ETURD0
  -------         PROC          SMC0_ISR
  C:6FE0H         LINE#         20
  C:6FE6H         LINE#         22
  C:6FE8H         LINE#         24
  C:6FEBH         LINE#         25
  C:6FF1H         LINE#         26
  C:6FF3H         LINE#         27
  -------         ENDPROC       SMC0_ISR
  -------         PROC          _UART2_OPEN
  X:0733H         SYMBOL        u32SysClock
  X:0737H         SYMBOL        u32Baudrate
  C:58CEH         LINE#         36
  C:58D4H         LINE#         37
  C:58D4H         LINE#         38
  C:58DAH         LINE#         39
  C:58DFH         LINE#         40
  C:58E4H         LINE#         41
  C:58E9H         LINE#         42
  C:58EEH         LINE#         44
  C:5929H         LINE#         45
  C:592CH         LINE#         46
  C:596DH         LINE#         47
  C:5973H         LINE#         48
  C:5976H         LINE#         49
  C:597BH         LINE#         50
  -------         ENDPROC       _UART2_OPEN
  -------         PROC          UART2_RECEIVE_ONE_BYTE
  -------         DO            
  D:0007H         SYMBOL        c
  -------         ENDDO         
  C:70DEH         LINE#         59
  C:70DEH         LINE#         60
  C:70DEH         LINE#         62
  C:70E4H         LINE#         63
  C:70ECH         LINE#         64
  C:70EEH         LINE#         65
  C:70EEH         LINE#         66
  -------         ENDPROC       UART2_RECEIVE_ONE_BYTE
BL51 BANKED LINKER/LOCATER V6.22.2.0                                                  11/11/2022  18:17:38  PAGE 14


  -------         PROC          _UART2_SEND_DATA
  D:0007H         SYMBOL        c
  C:000EH         LINE#         75
  C:000EH         LINE#         76
  C:000EH         LINE#         77
  C:0014H         LINE#         78
  C:0016H         LINE#         79
  C:001CH         LINE#         80
  C:0022H         LINE#         81
  -------         ENDPROC       _UART2_SEND_DATA
  -------         ENDMOD        UART2

  -------         MODULE        COMMON
  C:0000H         SYMBOL        _ICE_DUMMY_
  D:0080H         PUBLIC        P0
  D:0090H         PUBLIC        P1
  D:00A0H         PUBLIC        P2
  D:00B0H         PUBLIC        P3
  D:00D8H         PUBLIC        P4
  D:0008H         PUBLIC        BYTE_TMP
  D:00A8H         PUBLIC        IE
  D:0009H         PUBLIC        SFRS_TMP
  D:00B8H         PUBLIC        IP
  D:000AH         PUBLIC        TA_REG_TMP
  B:0020H.5       PUBLIC        BIT_TMP
  D:0098H         PUBLIC        SCON
  D:0088H         PUBLIC        TCON
  D:00C0H         PUBLIC        I2C0CON
  D:00E8H         PUBLIC        I2C1CON
  D:00F8H         PUBLIC        S1CON
  D:00C8H         PUBLIC        T2CON
  C:0003H         PUBLIC        _Read_APROM_BYTE
  D:00D0H         PUBLIC        PSW
  -------         PROC          _READ_APROM_BYTE
  D:0082H         SYMBOL        u16_addr
  -------         DO            
  D:0007H         SYMBOL        rdata
  -------         ENDDO         
  C:0003H         LINE#         17
  C:0007H         LINE#         18
  C:0007H         LINE#         20
  C:000AH         LINE#         21
  C:000AH         LINE#         22
  -------         ENDPROC       _READ_APROM_BYTE
  -------         ENDMOD        COMMON

  -------         MODULE        ADC
  C:0000H         SYMBOL        _ICE_DUMMY_
  D:00F4H         PUBLIC        P2MF54
  D:0080H         PUBLIC        P0
  D:00B5H         PUBLIC        P2M1
  D:0090H         PUBLIC        P1
  D:00C2H         PUBLIC        P3M1
  D:00B6H         PUBLIC        P2M2
  D:00A0H         PUBLIC        P2
  D:00C3H         PUBLIC        P3M2
  D:00B0H         PUBLIC        P3
BL51 BANKED LINKER/LOCATER V6.22.2.0                                                  11/11/2022  18:17:38  PAGE 15


  D:00F5H         PUBLIC        P2MF76
  D:0094H         PUBLIC        P6MF54
  D:00D8H         PUBLIC        P4
  D:0084H         PUBLIC        P6M1
  B:00A8H.7       PUBLIC        EA
  D:0085H         PUBLIC        P6M2
  D:0095H         PUBLIC        P6MF76
  D:00A8H         PUBLIC        IE
  D:00E4H         PUBLIC        ADCBAH
  D:00C7H         PUBLIC        TA
  D:00CBH         PUBLIC        ADCBAL
  D:00B8H         PUBLIC        IP
  C:71C5H         PUBLIC        ADC_Close
  D:00CEH         PUBLIC        AINDIDS0
  D:00CEH         PUBLIC        AINDIDS1
  D:00E3H         PUBLIC        ADCDLY
  D:0098H         PUBLIC        SCON
  D:0088H         PUBLIC        TCON
  D:009FH         PUBLIC        CHPCON
  C:21CFH         PUBLIC        _ADC_Open
  D:0091H         PUBLIC        SFRS
  C:6CFCH         PUBLIC        _ADC_InitialContinous
  D:00A4H         PUBLIC        IAPTRG
  C:5194H         PUBLIC        _ADC_Vref_Set
  D:00A9H         PUBLIC        VRFCON
  D:00C0H         PUBLIC        I2C0CON
  D:00E8H         PUBLIC        I2C1CON
  D:00A1H         PUBLIC        ADCCON0
  D:00E1H         PUBLIC        ADCCON1
  C:71CCH         PUBLIC        ADC_DisableHWTrigger
  D:00E2H         PUBLIC        ADCCON2
  D:00A7H         PUBLIC        IAPAH
  D:00F8H         PUBLIC        S1CON
  D:00AEH         PUBLIC        IAPFD
  D:00C8H         PUBLIC        T2CON
  D:00A6H         PUBLIC        IAPAL
  D:00E5H         PUBLIC        ADCSN
  D:00AFH         PUBLIC        IAPCN
  C:5EF1H         PUBLIC        READ_BANDGAP
  C:62D4H         PUBLIC        _ADC_EnableHWTrigger
  D:00E7H         PUBLIC        ADCSR
  D:00F2H         PUBLIC        P2MF10
  D:00F6H         PUBLIC        P3MF10
  D:00D0H         PUBLIC        PSW
  D:00F3H         PUBLIC        P2MF32
  C:6FC5H         PUBLIC        _ADC_SamplingTime
  D:00F7H         PUBLIC        P3MF32
  C:6CCEH         PUBLIC        _ADC_Interrupt
  -------         PROC          _ADC_OPEN
  D:0006H         SYMBOL        u8ADCOpMode
  D:0005H         SYMBOL        u8ADCChMask
  C:21CFH         LINE#         29
  C:21CFH         LINE#         30
  C:21CFH         LINE#         31
  C:21DAH         LINE#         32
  C:21DAH         LINE#         33
  C:21E2H         LINE#         34
BL51 BANKED LINKER/LOCATER V6.22.2.0                                                  11/11/2022  18:17:38  PAGE 16


  C:21E8H         LINE#         35
  C:21E8H         LINE#         36
  C:21E8H         LINE#         38
  C:222BH         LINE#         39
  C:222BH         LINE#         40
  C:2251H         LINE#         41
  C:227AH         LINE#         42
  C:22A3H         LINE#         43
  C:22CCH         LINE#         44
  C:22F5H         LINE#         45
  C:231EH         LINE#         46
  C:2347H         LINE#         47
  C:2370H         LINE#         48
  C:239BH         LINE#         49
  C:23C6H         LINE#         50
  C:23F1H         LINE#         51
  C:241CH         LINE#         52
  C:2446H         LINE#         53
  C:2470H         LINE#         54
  C:2488H         LINE#         55
  C:2496H         LINE#         56
  C:24A2H         LINE#         57
  C:24A2H         LINE#         58
  C:24A2H         LINE#         59
  C:24A8H         LINE#         61
  -------         ENDPROC       _ADC_OPEN
  -------         PROC          ADC_CLOSE
  C:71C5H         LINE#         68
  C:71C5H         LINE#         69
  C:71C5H         LINE#         70
  C:71CBH         LINE#         71
  -------         ENDPROC       ADC_CLOSE
  -------         PROC          _ADC_INITIALCONTINOUS
  X:0768H         SYMBOL        u16ADCRBase
  D:0005H         SYMBOL        u8ADCRLength
  D:0003H         SYMBOL        u8ADCSpeed
  C:6CFCH         LINE#         84
  C:6D04H         LINE#         85
  C:6D04H         LINE#         86
  C:6D07H         LINE#         87
  C:6D0AH         LINE#         88
  C:6D10H         LINE#         89
  C:6D14H         LINE#         90
  C:6D1BH         LINE#         91
  C:6D1BH         LINE#         92
  C:6D22H         LINE#         93
  C:6D28H         LINE#         94
  C:6D28H         LINE#         95
  C:6D28H         LINE#         96
  -------         ENDPROC       _ADC_INITIALCONTINOUS
  -------         PROC          _ADC_SAMPLINGTIME
  D:0007H         SYMBOL        u8ADCDIV
  D:0005H         SYMBOL        u8ADCAQT
  C:6FC5H         LINE#         107
  C:6FC5H         LINE#         108
  C:6FC5H         LINE#         109
  C:6FC8H         LINE#         110
BL51 BANKED LINKER/LOCATER V6.22.2.0                                                  11/11/2022  18:17:38  PAGE 17


  C:6FCBH         LINE#         111
  C:6FD4H         LINE#         112
  C:6FD7H         LINE#         113
  C:6FDFH         LINE#         114
  -------         ENDPROC       _ADC_SAMPLINGTIME
  -------         PROC          _ADC_ENABLEHWTRIGGER
  D:0007H         SYMBOL        u8ADCSHWTource
  D:0005H         SYMBOL        u8ADCHWTParam
  D:0003H         SYMBOL        u8ADCHWTDelay
  C:62D4H         LINE#         138
  C:62D4H         LINE#         139
  C:62D4H         LINE#         140
  C:62D7H         LINE#         141
  C:62E5H         LINE#         142
  C:62E5H         LINE#         143
  C:62EAH         LINE#         144
  C:62F2H         LINE#         145
  C:62FAH         LINE#         146
  C:6300H         LINE#         147
  C:6300H         LINE#         148
  C:6300H         LINE#         149
  C:630EH         LINE#         150
  C:630EH         LINE#         151
  C:6313H         LINE#         152
  C:631BH         LINE#         153
  C:6323H         LINE#         154
  C:6329H         LINE#         155
  C:6329H         LINE#         156
  C:6329H         LINE#         157
  C:632DH         LINE#         158
  C:6333H         LINE#         159
  C:6336H         LINE#         160
  -------         ENDPROC       _ADC_ENABLEHWTRIGGER
  -------         PROC          ADC_DISABLEHWTRIGGER
  C:71CCH         LINE#         162
  C:71CCH         LINE#         163
  C:71CCH         LINE#         164
  C:71D2H         LINE#         165
  -------         ENDPROC       ADC_DISABLEHWTRIGGER
  -------         PROC          _ADC_INTERRUPT
  D:0007H         SYMBOL        u8ADCINT
  D:0005H         SYMBOL        u8ADCIntSource
  C:6CCEH         LINE#         182
  C:6CCEH         LINE#         183
  C:6CCEH         LINE#         184
  C:6CD1H         LINE#         185
  C:6CD8H         LINE#         186
  C:6CD8H         LINE#         187
  C:6CD8H         LINE#         188
  C:6CDBH         LINE#         189
  C:6CDCH         LINE#         191
  C:6CDCH         LINE#         192
  C:6CE8H         LINE#         193
  C:6CE8H         LINE#         194
  C:6CEDH         LINE#         195
  C:6CF5H         LINE#         196
  C:6CF8H         LINE#         197
BL51 BANKED LINKER/LOCATER V6.22.2.0                                                  11/11/2022  18:17:38  PAGE 18


  C:6CF8H         LINE#         198
  C:6CF8H         LINE#         199
  C:6CFBH         LINE#         200
  C:6CFBH         LINE#         201
  C:6CFBH         LINE#         202
  C:6CFBH         LINE#         203
  -------         ENDPROC       _ADC_INTERRUPT
  -------         PROC          READ_BANDGAP
  -------         DO            
  D:0007H         SYMBOL        BandgapHigh
  D:0005H         SYMBOL        BandgapLow
  D:0006H         SYMBOL        u16bgvalue
  -------         ENDDO         
  C:5EF1H         LINE#         211
  C:5EF1H         LINE#         212
  C:5EF1H         LINE#         215
  C:5F07H         LINE#         216
  C:5F0AH         LINE#         217
  C:5F0DH         LINE#         218
  C:5F0FH         LINE#         219
  C:5F24H         LINE#         220
  C:5F29H         LINE#         221
  C:5F2CH         LINE#         222
  C:5F42H         LINE#         223
  C:5F44H         LINE#         224
  C:5F51H         LINE#         225
  C:5F67H         LINE#         226
  C:5F67H         LINE#         227
  -------         ENDPROC       READ_BANDGAP
  -------         PROC          _ADC_VREF_SET
  D:0007H         SYMBOL        u8ADCVref
  D:0005H         SYMBOL        u8ADCVrefPreload
  D:0003H         SYMBOL        u8ADCVrefLevel
  C:5194H         LINE#         241
  C:5194H         LINE#         242
  C:5194H         LINE#         243
  C:519BH         LINE#         244
  C:519BH         LINE#         245
  C:519BH         LINE#         246
  C:51B1H         LINE#         247
  C:51B3H         LINE#         248
  C:51B3H         LINE#         249
  C:51C9H         LINE#         250
  C:51C9H         LINE#         251
  C:51C9H         LINE#         252
  C:51C9H         LINE#         254
  C:51D0H         LINE#         255
  C:51D0H         LINE#         256
  C:51D0H         LINE#         257
  C:51E6H         LINE#         258
  C:51E8H         LINE#         259
  C:51E8H         LINE#         260
  C:51FEH         LINE#         261
  C:51FEH         LINE#         262
  C:51FEH         LINE#         263
  C:51FEH         LINE#         264
  C:520FH         LINE#         265
BL51 BANKED LINKER/LOCATER V6.22.2.0                                                  11/11/2022  18:17:38  PAGE 19


  C:520FH         LINE#         266
  C:520FH         LINE#         267
  C:5222H         LINE#         268
  C:5223H         LINE#         269
  C:5223H         LINE#         270
  C:5239H         LINE#         271
  C:523AH         LINE#         272
  C:523AH         LINE#         273
  C:5250H         LINE#         274
  C:5251H         LINE#         275
  C:5251H         LINE#         276
  C:5267H         LINE#         277
  C:5268H         LINE#         278
  C:5268H         LINE#         279
  C:527EH         LINE#         280
  C:527EH         LINE#         281
  C:527EH         LINE#         283
  C:527EH         LINE#         286
  -------         ENDPROC       _ADC_VREF_SET
  -------         ENDMOD        ADC

  -------         MODULE        GPIO
  C:0000H         SYMBOL        _ICE_DUMMY_
  D:00B1H         PUBLIC        P0M1
  D:00B3H         PUBLIC        P1M1
  D:00B2H         PUBLIC        P0M2
  D:0080H         PUBLIC        P0
  D:00B5H         PUBLIC        P2M1
  D:00B4H         PUBLIC        P1M2
  D:0090H         PUBLIC        P1
  D:00C2H         PUBLIC        P3M1
  D:00B6H         PUBLIC        P2M2
  D:00A0H         PUBLIC        P2
  D:00C3H         PUBLIC        P3M2
  D:00B9H         PUBLIC        P4M1
  D:00B0H         PUBLIC        P3
  D:00BDH         PUBLIC        P5M1
  D:00BAH         PUBLIC        P4M2
  D:00D8H         PUBLIC        P4
  D:009BH         PUBLIC        EIE0
  D:0084H         PUBLIC        P6M1
  D:00BEH         PUBLIC        P5M2
  D:0085H         PUBLIC        P6M2
  C:1594H         PUBLIC        _GPIO_EnableInt
  D:00A8H         PUBLIC        IE
  D:00B8H         PUBLIC        IP
  D:008AH         PUBLIC        P0DW
  D:008BH         PUBLIC        P1DW
  D:008CH         PUBLIC        P2DW
  D:008DH         PUBLIC        P3DW
  D:008EH         PUBLIC        P4DW
  D:008FH         PUBLIC        P5DW
  D:008FH         PUBLIC        P6DW
  D:0092H         PUBLIC        P0UP
  D:0093H         PUBLIC        P1UP
  D:0094H         PUBLIC        P2UP
  D:0095H         PUBLIC        P3UP
BL51 BANKED LINKER/LOCATER V6.22.2.0                                                  11/11/2022  18:17:38  PAGE 20


  D:0096H         PUBLIC        P4UP
  D:0097H         PUBLIC        P5UP
  D:0097H         PUBLIC        P6UP
  D:0098H         PUBLIC        SCON
  D:0088H         PUBLIC        TCON
  D:0091H         PUBLIC        SFRS
  C:5363H         PUBLIC        _GPIO_SetMode
  C:5A27H         PUBLIC        _GPIO_Pull_Disable
  D:00C0H         PUBLIC        I2C0CON
  D:00E8H         PUBLIC        I2C1CON
  C:5BF2H         PUBLIC        _GPIO_Pull_Enable
  D:00F8H         PUBLIC        S1CON
  D:00C8H         PUBLIC        T2CON
  D:00A1H         PUBLIC        PIPS0
  D:00A2H         PUBLIC        PIPS1
  D:00A3H         PUBLIC        PIPS2
  D:00A4H         PUBLIC        PIPS3
  D:00A5H         PUBLIC        PIPS4
  D:00A6H         PUBLIC        PIPS5
  D:00A7H         PUBLIC        PIPS6
  D:00AFH         PUBLIC        PIPS7
  D:00E9H         PUBLIC        PICON
  D:00D0H         PUBLIC        PSW
  D:00EAH         PUBLIC        PINEN
  D:00EBH         PUBLIC        PIPEN
  -------         PROC          _GPIO_ENABLEINT
  D:0007H         SYMBOL        u8PIT
  D:0005H         SYMBOL        u8IntStatus
  D:0003H         SYMBOL        u8IntMode
  X:0754H         SYMBOL        u8Port
  X:0755H         SYMBOL        u8Bit
  C:1594H         LINE#         20
  C:1594H         LINE#         21
  C:1594H         LINE#         22
  C:15D2H         LINE#         23
  C:15D2H         LINE#         24
  C:15DAH         LINE#         25
  C:15E2H         LINE#         26
  C:15EAH         LINE#         27
  C:15F2H         LINE#         28
  C:15FAH         LINE#         29
  C:1602H         LINE#         30
  C:160AH         LINE#         31
  C:1612H         LINE#         33
  C:161AH         LINE#         34
  C:1622H         LINE#         35
  C:162AH         LINE#         36
  C:1632H         LINE#         37
  C:163AH         LINE#         38
  C:1642H         LINE#         39
  C:164AH         LINE#         40
  C:1650H         LINE#         41
  C:1650H         LINE#         42
  C:1650H         LINE#         43
  C:16A6H         LINE#         44
  C:16A6H         LINE#         45
  C:16B5H         LINE#         46
BL51 BANKED LINKER/LOCATER V6.22.2.0                                                  11/11/2022  18:17:38  PAGE 21


  C:16C4H         LINE#         47
  C:16D3H         LINE#         48
  C:16E2H         LINE#         49
  C:16F1H         LINE#         50
  C:1700H         LINE#         51
  C:170FH         LINE#         52
  C:171EH         LINE#         54
  C:172DH         LINE#         55
  C:173CH         LINE#         56
  C:174BH         LINE#         57
  C:175AH         LINE#         58
  C:1769H         LINE#         59
  C:1778H         LINE#         60
  C:1786H         LINE#         61
  C:1794H         LINE#         63
  C:17A2H         LINE#         64
  C:17B0H         LINE#         65
  C:17BEH         LINE#         66
  C:17CCH         LINE#         67
  C:17DAH         LINE#         68
  C:17E8H         LINE#         69
  C:17F6H         LINE#         70
  C:1802H         LINE#         72
  C:1802H         LINE#         73
  C:1802H         LINE#         74
  C:182AH         LINE#         75
  C:182AH         LINE#         76
  C:1840H         LINE#         77
  C:1855H         LINE#         78
  C:186AH         LINE#         79
  C:187FH         LINE#         80
  C:1894H         LINE#         81
  C:18A9H         LINE#         82
  C:18BEH         LINE#         83
  C:18D1H         LINE#         84
  C:18D1H         LINE#         85
  C:18D1H         LINE#         86
  C:18D7H         LINE#         87
  -------         ENDPROC       _GPIO_ENABLEINT
  -------         PROC          _GPIO_PULL_ENABLE
  D:0007H         SYMBOL        u8Port
  D:0005H         SYMBOL        u8PinMask
  D:0003H         SYMBOL        u8PullMode
  C:5BF2H         LINE#         102
  C:5BF2H         LINE#         103
  C:5BF2H         LINE#         104
  C:5BF5H         LINE#         105
  C:5BFCH         LINE#         106
  C:5BFCH         LINE#         107
  C:5BFCH         LINE#         108
  C:5C1EH         LINE#         109
  C:5C1EH         LINE#         110
  C:5C22H         LINE#         111
  C:5C26H         LINE#         112
  C:5C2AH         LINE#         113
  C:5C2EH         LINE#         114
  C:5C32H         LINE#         115
BL51 BANKED LINKER/LOCATER V6.22.2.0                                                  11/11/2022  18:17:38  PAGE 22


  C:5C36H         LINE#         116
  C:5C3AH         LINE#         117
  C:5C3AH         LINE#         118
  C:5C3BH         LINE#         119
  C:5C3BH         LINE#         120
  C:5C5DH         LINE#         121
  C:5C5DH         LINE#         122
  C:5C61H         LINE#         123
  C:5C65H         LINE#         124
  C:5C69H         LINE#         125
  C:5C6DH         LINE#         126
  C:5C71H         LINE#         127
  C:5C75H         LINE#         128
  C:5C78H         LINE#         129
  C:5C78H         LINE#         130
  C:5C78H         LINE#         131
  C:5C78H         LINE#         132
  -------         ENDPROC       _GPIO_PULL_ENABLE
  -------         PROC          _GPIO_PULL_DISABLE
  D:0007H         SYMBOL        u8Port
  D:0005H         SYMBOL        u8PinMask
  D:0003H         SYMBOL        u8PullMode
  C:5A27H         LINE#         144
  C:5A27H         LINE#         145
  C:5A27H         LINE#         146
  C:5A2AH         LINE#         147
  C:5A34H         LINE#         148
  C:5A34H         LINE#         149
  C:5A34H         LINE#         150
  C:5A59H         LINE#         151
  C:5A59H         LINE#         152
  C:5A5EH         LINE#         153
  C:5A63H         LINE#         154
  C:5A68H         LINE#         155
  C:5A6DH         LINE#         156
  C:5A72H         LINE#         157
  C:5A77H         LINE#         158
  C:5A7CH         LINE#         159
  C:5A7CH         LINE#         160
  C:5A7DH         LINE#         161
  C:5A7DH         LINE#         162
  C:5A9FH         LINE#         163
  C:5A9FH         LINE#         164
  C:5AA4H         LINE#         165
  C:5AA9H         LINE#         166
  C:5AAEH         LINE#         167
  C:5AB3H         LINE#         168
  C:5AB8H         LINE#         169
  C:5ABDH         LINE#         170
  C:5AC1H         LINE#         171
  C:5AC1H         LINE#         172
  C:5AC1H         LINE#         173
  C:5AC1H         LINE#         174
  -------         ENDPROC       _GPIO_PULL_DISABLE
  -------         PROC          _GPIO_SETMODE
  X:071FH         SYMBOL        u8Port
  D:0001H         SYMBOL        u8PinMask
BL51 BANKED LINKER/LOCATER V6.22.2.0                                                  11/11/2022  18:17:38  PAGE 23


  D:0003H         SYMBOL        u8Mode
  -------         DO            
  D:0004H         SYMBOL        u8PnM1
  D:0006H         SYMBOL        u8PnM2
  -------         ENDDO         
  C:5363H         LINE#         186
  C:536AH         LINE#         187
  C:536AH         LINE#         190
  C:536DH         LINE#         191
  C:538FH         LINE#         192
  C:538FH         LINE#         193
  C:5395H         LINE#         194
  C:539BH         LINE#         195
  C:53A1H         LINE#         196
  C:53A7H         LINE#         197
  C:53ADH         LINE#         198
  C:53B3H         LINE#         199
  C:53B7H         LINE#         200
  C:53B7H         LINE#         201
  C:53C5H         LINE#         202
  C:53C5H         LINE#         203
  C:53C5H         LINE#         204
  C:53CAH         LINE#         205
  C:53CDH         LINE#         206
  C:53CFH         LINE#         207
  C:53CFH         LINE#         208
  C:53D3H         LINE#         209
  C:53D6H         LINE#         210
  C:53D8H         LINE#         211
  C:53D8H         LINE#         212
  C:53DBH         LINE#         213
  C:53DFH         LINE#         214
  C:53E1H         LINE#         215
  C:53E1H         LINE#         216
  C:53E4H         LINE#         217
  C:53E7H         LINE#         218
  C:53E7H         LINE#         219
  C:53E7H         LINE#         220
  C:540CH         LINE#         221
  C:540CH         LINE#         222
  C:5412H         LINE#         223
  C:5418H         LINE#         224
  C:541EH         LINE#         225
  C:5424H         LINE#         226
  C:542AH         LINE#         227
  C:5430H         LINE#         228
  C:5434H         LINE#         229
  C:5434H         LINE#         230
  C:5437H         LINE#         232
  -------         ENDPROC       _GPIO_SETMODE
  -------         ENDMOD        GPIO

  -------         MODULE        I2C
  C:0000H         SYMBOL        _ICE_DUMMY_
  D:0080H         PUBLIC        P0
  D:0090H         PUBLIC        P1
  D:00A0H         PUBLIC        P2
BL51 BANKED LINKER/LOCATER V6.22.2.0                                                  11/11/2022  18:17:38  PAGE 24


  D:00B0H         PUBLIC        P3
  D:00D8H         PUBLIC        P4
  D:009BH         PUBLIC        EIE0
  D:009CH         PUBLIC        EIE1
  C:702BH         PUBLIC        _I2C_DisableInt
  D:00A8H         PUBLIC        IE
  C:7013H         PUBLIC        _I2C_EnableInt
  C:7096H         PUBLIC        _I2C_Close
  D:00B8H         PUBLIC        IP
  C:70EFH         PUBLIC        _I2C_SLAVE_ADDRESS_MASK_ENABLE
  D:00BDH         PUBLIC        I2C0STAT
  D:00B4H         PUBLIC        I2C1STAT
  C:6202H         PUBLIC        _I2C_Open
  D:0098H         PUBLIC        SCON
  D:0088H         PUBLIC        TCON
  D:00C1H         PUBLIC        I2C0ADDR0
  D:00A1H         PUBLIC        I2C0ADDR1
  D:00B2H         PUBLIC        I2C1ADDR0
  D:00A4H         PUBLIC        I2C1ADDR1
  D:00A2H         PUBLIC        I2C0ADDR2
  D:00A5H         PUBLIC        I2C1ADDR2
  D:00A3H         PUBLIC        I2C0ADDR3
  D:0091H         PUBLIC        SFRS
  D:00A6H         PUBLIC        I2C1ADDR3
  C:70BAH         PUBLIC        _I2C_DisableTimeout
  C:7070H         PUBLIC        _I2C_GetStatus
  D:00BEH         PUBLIC        I2C0CLK
  D:00B5H         PUBLIC        I2C1CLK
  D:00C0H         PUBLIC        I2C0CON
  D:00E8H         PUBLIC        I2C1CON
  D:00BFH         PUBLIC        I2C0TOC
  C:70A8H         PUBLIC        _I2C_EnableTimeout
  D:00B6H         PUBLIC        I2C1TOC
  C:65B4H         PUBLIC        _I2C_SetSlaveAddrMask
  D:00CFH         PUBLIC        I2C0ADDRM
  D:00D7H         PUBLIC        I2C1ADDRM
  D:00F8H         PUBLIC        S1CON
  D:00C8H         PUBLIC        T2CON
  C:7083H         PUBLIC        _I2C_SLAVE_ADDRESS_MASK_DISABLE
  C:70CCH         PUBLIC        _I2C_ClearTimeoutFlag
  D:00D0H         PUBLIC        PSW
  -------         PROC          _I2C_OPEN
  D:0007H         SYMBOL        u8I2CSel
  X:0722H         SYMBOL        u32SYSCLK
  X:0726H         SYMBOL        u32I2CCLK
  C:6202H         LINE#         21
  C:6202H         LINE#         22
  C:6202H         LINE#         23
  C:6205H         LINE#         24
  C:620CH         LINE#         25
  C:620CH         LINE#         26
  C:623CH         LINE#         27
  C:626BH         LINE#         28
  C:626BH         LINE#         29
  -------         ENDPROC       _I2C_OPEN
  -------         PROC          _I2C_CLOSE
  D:0007H         SYMBOL        u8I2CSel
BL51 BANKED LINKER/LOCATER V6.22.2.0                                                  11/11/2022  18:17:38  PAGE 25


  C:7096H         LINE#         36
  C:7096H         LINE#         37
  C:7096H         LINE#         38
  C:7099H         LINE#         39
  C:70A0H         LINE#         40
  C:70A0H         LINE#         41
  C:70A4H         LINE#         42
  C:70A7H         LINE#         43
  C:70A7H         LINE#         44
  -------         ENDPROC       _I2C_CLOSE
  -------         PROC          _I2C_ENABLEINT
  D:0007H         SYMBOL        u8I2CSel
  C:7013H         LINE#         51
  C:7013H         LINE#         52
  C:7013H         LINE#         53
  C:7016H         LINE#         54
  C:701DH         LINE#         55
  C:701DH         LINE#         56
  C:7024H         LINE#         57
  C:702AH         LINE#         58
  C:702AH         LINE#         59
  -------         ENDPROC       _I2C_ENABLEINT
  -------         PROC          _I2C_DISABLEINT
  D:0007H         SYMBOL        u8I2CSel
  C:702BH         LINE#         66
  C:702BH         LINE#         67
  C:702BH         LINE#         68
  C:702EH         LINE#         69
  C:7035H         LINE#         70
  C:7035H         LINE#         71
  C:703CH         LINE#         72
  C:7042H         LINE#         73
  C:7042H         LINE#         74
  -------         ENDPROC       _I2C_DISABLEINT
  -------         PROC          _I2C_GETSTATUS
  D:0007H         SYMBOL        u8I2CSel
  -------         DO            
  D:0006H         SYMBOL        u8i2cstat
  -------         ENDDO         
  C:7070H         LINE#         82
  C:7070H         LINE#         83
  C:7070H         LINE#         85
  C:7073H         LINE#         86
  C:707AH         LINE#         87
  C:707AH         LINE#         88
  C:707EH         LINE#         89
  C:7080H         LINE#         90
  C:7080H         LINE#         91
  C:7082H         LINE#         92
  -------         ENDPROC       _I2C_GETSTATUS
  -------         PROC          _I2C_SETSLAVEADDRMASK
  D:0007H         SYMBOL        u8I2CSel
  D:0005H         SYMBOL        u8SlaveNo
  D:0003H         SYMBOL        u8SlaveAddrMask
  C:65B4H         LINE#         104
  C:65B4H         LINE#         105
  C:65B4H         LINE#         106
BL51 BANKED LINKER/LOCATER V6.22.2.0                                                  11/11/2022  18:17:38  PAGE 26


  C:65BBH         LINE#         107
  C:65BBH         LINE#         108
  C:65BBH         LINE#         109
  C:65C9H         LINE#         110
  C:65C9H         LINE#         111
  C:65D0H         LINE#         112
  C:65D7H         LINE#         113
  C:65DEH         LINE#         114
  C:65E3H         LINE#         115
  C:65E3H         LINE#         116
  C:65E3H         LINE#         117
  C:65F1H         LINE#         118
  C:65F1H         LINE#         119
  C:65F7H         LINE#         120
  C:65FDH         LINE#         121
  C:6603H         LINE#         122
  C:660AH         LINE#         123
  C:660AH         LINE#         124
  C:660AH         LINE#         125
  C:660AH         LINE#         126
  -------         ENDPROC       _I2C_SETSLAVEADDRMASK
  -------         PROC          _I2C_ENABLETIMEOUT
  D:0007H         SYMBOL        u8I2CSel
  C:70A8H         LINE#         136
  C:70A8H         LINE#         137
  C:70A8H         LINE#         138
  C:70ABH         LINE#         139
  C:70B2H         LINE#         140
  C:70B2H         LINE#         141
  C:70B6H         LINE#         142
  C:70B9H         LINE#         143
  C:70B9H         LINE#         144
  -------         ENDPROC       _I2C_ENABLETIMEOUT
  -------         PROC          _I2C_DISABLETIMEOUT
  D:0007H         SYMBOL        u8I2CSel
  C:70BAH         LINE#         153
  C:70BAH         LINE#         154
  C:70BAH         LINE#         155
  C:70BDH         LINE#         156
  C:70C4H         LINE#         157
  C:70C4H         LINE#         158
  C:70C8H         LINE#         159
  C:70CBH         LINE#         160
  C:70CBH         LINE#         161
  -------         ENDPROC       _I2C_DISABLETIMEOUT
  -------         PROC          _I2C_CLEARTIMEOUTFLAG
  D:0007H         SYMBOL        u8I2CSel
  C:70CCH         LINE#         163
  C:70CCH         LINE#         164
  C:70CCH         LINE#         165
  C:70CFH         LINE#         166
  C:70D6H         LINE#         167
  C:70D6H         LINE#         168
  C:70DAH         LINE#         169
  C:70DDH         LINE#         170
  C:70DDH         LINE#         171
  C:70DDH         LINE#         172
BL51 BANKED LINKER/LOCATER V6.22.2.0                                                  11/11/2022  18:17:38  PAGE 27


  -------         ENDPROC       _I2C_CLEARTIMEOUTFLAG
  -------         PROC          _I2C_SLAVE_ADDRESS_MASK_ENABLE
  D:0007H         SYMBOL        u8I2CSel
  D:0005H         SYMBOL        u8I2CAddMaskBit
  C:70EFH         LINE#         182
  C:70EFH         LINE#         183
  C:70EFH         LINE#         184
  C:70F2H         LINE#         185
  C:70F9H         LINE#         186
  C:70F9H         LINE#         187
  C:70FCH         LINE#         188
  C:70FFH         LINE#         189
  C:70FFH         LINE#         190
  C:70FFH         LINE#         191
  -------         ENDPROC       _I2C_SLAVE_ADDRESS_MASK_ENABLE
  -------         PROC          _I2C_SLAVE_ADDRESS_MASK_DISABLE
  D:0007H         SYMBOL        u8I2CSLVSEL
  D:0005H         SYMBOL        u8I2CAddMaskBit
  C:7083H         LINE#         201
  C:7083H         LINE#         202
  C:7083H         LINE#         203
  C:7086H         LINE#         204
  C:708DH         LINE#         205
  C:708DH         LINE#         206
  C:7091H         LINE#         207
  C:7095H         LINE#         208
  C:7095H         LINE#         209
  C:7095H         LINE#         210
  -------         ENDPROC       _I2C_SLAVE_ADDRESS_MASK_DISABLE
  -------         ENDMOD        I2C

  -------         MODULE        UART3
  C:0000H         SYMBOL        _ICE_DUMMY_
  D:00DBH         PUBLIC        SC1ETURD0
  D:00DCH         PUBLIC        SC1ETURD1
  D:0080H         PUBLIC        P0
  D:0090H         PUBLIC        P1
  D:00A0H         PUBLIC        P2
  D:00B0H         PUBLIC        P3
  D:00D8H         PUBLIC        P4
  D:00E6H         PUBLIC        SC1CR0
  D:00A8H         PUBLIC        IE
  D:00E7H         PUBLIC        SC1CR1
  D:00B8H         PUBLIC        IP
  D:0098H         PUBLIC        SCON
  D:0088H         PUBLIC        TCON
  C:009EH         PUBLIC        _UART3_Send_Data
  D:0091H         PUBLIC        SFRS
  D:00DFH         PUBLIC        SC1TSR
  D:00C0H         PUBLIC        I2C0CON
  D:00E8H         PUBLIC        I2C1CON
  X:076DH         PUBLIC        uart3rvbuffer
  D:00D9H         PUBLIC        SC1DR
  C:6F8DH         PUBLIC        SMC1_ISR
  D:00F8H         PUBLIC        S1CON
  C:581AH         PUBLIC        _UART3_Open
  D:00C8H         PUBLIC        T2CON
BL51 BANKED LINKER/LOCATER V6.22.2.0                                                  11/11/2022  18:17:38  PAGE 28


  C:007EH         PUBLIC        UART3_Receive_Data
  B:0020H.6       PUBLIC        uart3rvflag
  D:00D0H         PUBLIC        PSW
  -------         PROC          SMC1_ISR
  C:6F8DH         LINE#         19
  C:6F93H         LINE#         21
  C:6F95H         LINE#         22
  C:6F98H         LINE#         23
  C:6F9AH         LINE#         24
  C:6FA0H         LINE#         25
  C:6FA2H         LINE#         26
  -------         ENDPROC       SMC1_ISR
  -------         PROC          _UART3_OPEN
  X:073BH         SYMBOL        u32SysClock
  X:073FH         SYMBOL        u32Baudrate
  C:581AH         LINE#         35
  C:5820H         LINE#         36
  C:5820H         LINE#         37
  C:5826H         LINE#         38
  C:582CH         LINE#         39
  C:5832H         LINE#         40
  C:5838H         LINE#         41
  C:583EH         LINE#         42
  C:587AH         LINE#         43
  C:587DH         LINE#         44
  C:58BEH         LINE#         45
  C:58C4H         LINE#         46
  C:58C7H         LINE#         47
  C:58CDH         LINE#         48
  -------         ENDPROC       _UART3_OPEN
  -------         PROC          UART3_RECEIVE_DATA
  -------         DO            
  D:0007H         SYMBOL        c
  -------         ENDDO         
  C:007EH         LINE#         57
  C:007EH         LINE#         58
  C:007EH         LINE#         61
  C:0084H         LINE#         62
  C:0098H         LINE#         63
  C:009AH         LINE#         65
  C:009AH         LINE#         66
  -------         ENDPROC       UART3_RECEIVE_DATA
  -------         PROC          _UART3_SEND_DATA
  D:0007H         SYMBOL        c
  C:009EH         LINE#         75
  C:009EH         LINE#         76
  C:009EH         LINE#         77
  C:00A4H         LINE#         78
  C:00A6H         LINE#         79
  C:00ABH         LINE#         80
  C:00B1H         LINE#         81
  -------         ENDPROC       _UART3_SEND_DATA
  -------         ENDMOD        UART3

  -------         MODULE        UART
  C:0000H         SYMBOL        _ICE_DUMMY_
  D:0080H         PUBLIC        P0
BL51 BANKED LINKER/LOCATER V6.22.2.0                                                  11/11/2022  18:17:38  PAGE 29


  D:0090H         PUBLIC        P1
  D:00C2H         PUBLIC        P3M1
  D:00A0H         PUBLIC        P2
  D:00C3H         PUBLIC        P3M2
  D:00B0H         PUBLIC        P3
  D:00D8H         PUBLIC        P4
  D:009CH         PUBLIC        EIE1
  C:6EB4H         PUBLIC        _UART_Send_Data
  B:0020H.0       PUBLIC        UART0PRINTFG
  B:0020H.1       PUBLIC        UART1PRINTFG
  D:00A8H         PUBLIC        IE
  D:00B8H         PUBLIC        IP
  B:0098H.0       PUBLIC        RI
  B:0098H.1       PUBLIC        TI
  C:6D29H         PUBLIC        _UART_Interrupt_Enable
  C:6C6EH         PUBLIC        Enable_UART0_VCOM_printf
  B:00F8H.0       PUBLIC        RI_1
  B:00F8H.1       PUBLIC        TI_1
  D:0099H         PUBLIC        SBUF
  D:0087H         PUBLIC        PCON
  C:3FE3H         PUBLIC        _UART_Open
  D:0098H         PUBLIC        SCON
  X:076AH         PUBLIC        uart0_receive_data
  B:0020H.2       PUBLIC        uart0_receive_flag
  D:0089H         PUBLIC        TMOD
  D:0088H         PUBLIC        TCON
  X:076BH         PUBLIC        uart1_receive_data
  B:0020H.3       PUBLIC        uart1_receive_flag
  D:0091H         PUBLIC        SFRS
  C:6F34H         PUBLIC        _UART_Receive_Data
  D:00C6H         PUBLIC        RH3
  D:008DH         PUBLIC        TH1
  D:00C0H         PUBLIC        I2C0CON
  D:00E8H         PUBLIC        I2C1CON
  D:00C5H         PUBLIC        RL3
  D:009AH         PUBLIC        SBUF1
  D:00F8H         PUBLIC        S1CON
  D:00C8H         PUBLIC        T2CON
  D:00C4H         PUBLIC        T3CON
  D:008EH         PUBLIC        CKCON
  D:00F6H         PUBLIC        P3MF10
  D:00D0H         PUBLIC        PSW
  -------         PROC          ENABLE_UART0_VCOM_PRINTF
  C:6C6EH         LINE#         20
  C:6C6EH         LINE#         21
  C:6C6EH         LINE#         26
  C:6C77H         LINE#         27
  C:6C80H         LINE#         28
  C:6C99H         LINE#         29
  C:6C9EH         LINE#         30
  -------         ENDPROC       ENABLE_UART0_VCOM_PRINTF
  -------         PROC          _UART_OPEN
  X:070FH         SYMBOL        u32SysClock
  X:0713H         SYMBOL        u8UARTPort
  X:0714H         SYMBOL        u32Baudrate
  C:3FE3H         LINE#         51
  C:3FE9H         LINE#         52
BL51 BANKED LINKER/LOCATER V6.22.2.0                                                  11/11/2022  18:17:38  PAGE 30


  C:3FE9H         LINE#         53
  C:4008H         LINE#         54
  C:4008H         LINE#         55
  C:4008H         LINE#         56
  C:4008H         LINE#         57
  C:400BH         LINE#         58
  C:400EH         LINE#         59
  C:4011H         LINE#         60
  C:4014H         LINE#         61
  C:4019H         LINE#         62
  C:401EH         LINE#         63
  C:404AH         LINE#         64
  C:404DH         LINE#         65
  C:404EH         LINE#         66
  C:404EH         LINE#         67
  C:4051H         LINE#         68
  C:4054H         LINE#         69
  C:4057H         LINE#         70
  C:405AH         LINE#         71
  C:405FH         LINE#         72
  C:409BH         LINE#         73
  C:40D5H         LINE#         74
  C:40DAH         LINE#         75
  C:40DBH         LINE#         76
  C:40DBH         LINE#         77
  C:40DBH         LINE#         78
  C:40DEH         LINE#         79
  C:40E1H         LINE#         80
  C:40E4H         LINE#         81
  C:4120H         LINE#         82
  C:415AH         LINE#         83
  C:415FH         LINE#         84
  C:415FH         LINE#         86
  C:415FH         LINE#         87
  -------         ENDPROC       _UART_OPEN
  -------         PROC          _UART_RECEIVE_DATA
  D:0007H         SYMBOL        UARTPort
  -------         DO            
  D:0006H         SYMBOL        c
  -------         ENDDO         
  C:6F34H         LINE#         91
  C:6F34H         LINE#         92
  C:6F34H         LINE#         94
  C:6F37H         LINE#         95
  C:6F3FH         LINE#         96
  C:6F3FH         LINE#         97
  C:6F3FH         LINE#         98
  C:6F42H         LINE#         99
  C:6F44H         LINE#         100
  C:6F46H         LINE#         101
  C:6F48H         LINE#         102
  C:6F48H         LINE#         103
  C:6F4BH         LINE#         104
  C:6F4DH         LINE#         105
  C:6F4FH         LINE#         106
  C:6F4FH         LINE#         107
  C:6F4FH         LINE#         108
BL51 BANKED LINKER/LOCATER V6.22.2.0                                                  11/11/2022  18:17:38  PAGE 31


  C:6F51H         LINE#         109
  -------         ENDPROC       _UART_RECEIVE_DATA
  -------         PROC          _UART_SEND_DATA
  D:0007H         SYMBOL        UARTPort
  D:0005H         SYMBOL        c
  C:6EB4H         LINE#         113
  C:6EB4H         LINE#         114
  C:6EB4H         LINE#         115
  C:6EB7H         LINE#         116
  C:6EBFH         LINE#         117
  C:6EBFH         LINE#         118
  C:6EBFH         LINE#         119
  C:6EC1H         LINE#         120
  C:6EC3H         LINE#         121
  C:6EC6H         LINE#         122
  C:6EC8H         LINE#         123
  C:6EC9H         LINE#         124
  C:6EC9H         LINE#         125
  C:6ECBH         LINE#         126
  C:6ECFH         LINE#         127
  C:6ED2H         LINE#         128
  C:6ED4H         LINE#         129
  C:6ED4H         LINE#         130
  C:6ED4H         LINE#         131
  -------         ENDPROC       _UART_SEND_DATA
  -------         PROC          _UART_INTERRUPT_ENABLE
  D:0007H         SYMBOL        u8UARTPort
  D:0005H         SYMBOL        u8UARTINTStatus
  C:6D29H         LINE#         142
  C:6D29H         LINE#         143
  C:6D29H         LINE#         144
  C:6D31H         LINE#         145
  C:6D31H         LINE#         146
  C:6D31H         LINE#         147
  C:6D38H         LINE#         148
  C:6D38H         LINE#         149
  C:6D3CH         LINE#         150
  C:6D40H         LINE#         151
  C:6D40H         LINE#         152
  C:6D41H         LINE#         153
  C:6D41H         LINE#         154
  C:6D48H         LINE#         155
  C:6D48H         LINE#         156
  C:6D4FH         LINE#         157
  C:6D55H         LINE#         158
  C:6D55H         LINE#         159
  C:6D55H         LINE#         160
  C:6D55H         LINE#         161
  -------         ENDPROC       _UART_INTERRUPT_ENABLE
  -------         ENDMOD        UART

  -------         MODULE        PWM0
  C:0000H         SYMBOL        _ICE_DUMMY_
  D:0080H         PUBLIC        P0
  D:0090H         PUBLIC        P1
  D:00A0H         PUBLIC        P2
  D:00B0H         PUBLIC        P3
BL51 BANKED LINKER/LOCATER V6.22.2.0                                                  11/11/2022  18:17:38  PAGE 32


  D:00D8H         PUBLIC        P4
  B:00A8H.7       PUBLIC        EA
  D:00A8H         PUBLIC        IE
  D:00C7H         PUBLIC        TA
  D:00B8H         PUBLIC        IP
  D:00FAH         PUBLIC        PWM0DTCNT
  D:0098H         PUBLIC        SCON
  C:2F3FH         PUBLIC        _PWM0_ConfigOutputChannel
  D:0088H         PUBLIC        TCON
  D:00D1H         PUBLIC        PWM0CON0
  D:00DFH         PUBLIC        PWM0CON1
  D:009DH         PUBLIC        PWM1CON1
  D:00D1H         PUBLIC        PWM0PH
  D:0091H         PUBLIC        SFRS
  D:00D9H         PUBLIC        PWM0PL
  D:00E0H         PUBLIC        ACC
  C:71DAH         PUBLIC        PWM0_STOP
  D:00C0H         PUBLIC        I2C0CON
  D:00E8H         PUBLIC        I2C1CON
  D:00F9H         PUBLIC        PWM0DTEN
  C:6396H         PUBLIC        _PWM0_DeadZoneEnable
  D:00D2H         PUBLIC        PWM0C0H
  D:00D3H         PUBLIC        PWM0C1H
  D:00D4H         PUBLIC        PWM0C2H
  D:00D5H         PUBLIC        PWM0C3H
  D:00DAH         PUBLIC        PWM0C0L
  D:00C4H         PUBLIC        PWM0C4H
  D:00F8H         PUBLIC        S1CON
  D:00DBH         PUBLIC        PWM0C1L
  D:00C5H         PUBLIC        PWM0C5H
  D:00DCH         PUBLIC        PWM0C2L
  D:00C8H         PUBLIC        T2CON
  D:00DDH         PUBLIC        PWM0C3L
  C:7100H         PUBLIC        PWM0_DeadZone_ALL_Disable
  D:00CCH         PUBLIC        PWM0C4L
  D:00CDH         PUBLIC        PWM0C5L
  C:60B9H         PUBLIC        _PWM0_ClockSource
  C:6127H         PUBLIC        _PWM1_ClockSource
  D:008EH         PUBLIC        CKCON
  D:00D0H         PUBLIC        PSW
  C:71D3H         PUBLIC        PWM0_RUN
  -------         PROC          _PWM0_CLOCKSOURCE
  D:0007H         SYMBOL        u8PWMCLKSource
  D:0005H         SYMBOL        u8PWM0CLKDIV
  C:60B9H         LINE#         25
  C:60B9H         LINE#         26
  C:60B9H         LINE#         27
  C:60C0H         LINE#         28
  C:60C0H         LINE#         29
  C:60C8H         LINE#         30
  C:60CEH         LINE#         31
  C:60CEH         LINE#         32
  C:60D1H         LINE#         33
  C:60F2H         LINE#         34
  C:60F2H         LINE#         35
  C:60F6H         LINE#         36
  C:60FDH         LINE#         37
[...]
  C:50CDH         LINE#         662
  C:50D9H         LINE#         663
  C:50E8H         LINE#         665
  C:50EDH         LINE#         666
  C:50F4H         LINE#         668
  C:50F9H         LINE#         669
  C:5109H         LINE#         670
  C:5119H         LINE#         671
  C:511AH         LINE#         673
  C:511AH         LINE#         674
  C:511DH         LINE#         675
  C:512FH         LINE#         677
  C:5138H         LINE#         678
  C:5138H         LINE#         679
  C:513CH         LINE#         680
  C:5147H         LINE#         681
  C:515AH         LINE#         682
  C:515FH         LINE#         683
  C:516FH         LINE#         684
  C:517EH         LINE#         685
  C:5183H         LINE#         686
  C:5183H         LINE#         687
  C:5184H         LINE#         689
  C:5184H         LINE#         690
  C:5193H         LINE#         691
BL51 BANKED LINKER/LOCATER V6.22.2.0                                                  11/11/2022  18:17:38  PAGE 115


  C:5193H         LINE#         692
  C:5193H         LINE#         693
  -------         ENDPROC       _SIMPLEFIFO_RX_PROCESS
  -------         PROC          RF_FINISHED_PROCESS
  C:6BD0H         LINE#         703
  C:6BD0H         LINE#         704
  C:6BD0H         LINE#         705
  C:6BD7H         LINE#         706
  C:6BD7H         LINE#         707
  C:6BD9H         LINE#         708
  C:6BDFH         LINE#         710
  C:6BE6H         LINE#         711
  C:6BE6H         LINE#         712
  C:6BE6H         LINE#         715
  C:6BE6H         LINE#         716
  C:6BE6H         LINE#         719
  C:6BE6H         LINE#         720
  C:6BE6H         LINE#         723
  C:6BE6H         LINE#         724
  C:6BE6H         LINE#         727
  C:6BE6H         LINE#         728
  C:6BE6H         LINE#         729
  C:6BE6H         LINE#         730
  C:6BE6H         LINE#         732
  C:6BE6H         LINE#         734
  C:6BEEH         LINE#         735
  C:6BEEH         LINE#         736
  C:6BF0H         LINE#         737
  C:6BF6H         LINE#         738
  C:6BFDH         LINE#         739
  C:6BFDH         LINE#         743
  C:6BFDH         LINE#         745
  C:6BFDH         LINE#         746
  C:6C04H         LINE#         747
  C:6C04H         LINE#         748
  C:6C04H         LINE#         751
  C:6C04H         LINE#         752
  C:6C04H         LINE#         755
  C:6C04H         LINE#         756
  C:6C04H         LINE#         759
  C:6C04H         LINE#         760
  C:6C04H         LINE#         763
  C:6C04H         LINE#         764
  C:6C04H         LINE#         765
  C:6C04H         LINE#         766
  C:6C04H         LINE#         767
  C:6C04H         LINE#         768
  C:6C04H         LINE#         769
  -------         ENDPROC       RF_FINISHED_PROCESS
  -------         PROC          BC3602_RF_PROCESS
  C:655BH         LINE#         772
  C:655BH         LINE#         773
  C:655BH         LINE#         774
  C:655EH         LINE#         775
  C:6566H         LINE#         776
  C:6587H         LINE#         778
  C:658FH         LINE#         779
BL51 BANKED LINKER/LOCATER V6.22.2.0                                                  11/11/2022  18:17:38  PAGE 116


  C:65B0H         LINE#         780
  C:65B3H         LINE#         782
  -------         ENDPROC       BC3602_RF_PROCESS
  -------         PROC          _SET_RFMODE
  D:0007H         SYMBOL        Mode_x
  C:705AH         LINE#         784
  C:705AH         LINE#         785
  C:705AH         LINE#         786
  C:7062H         LINE#         787
  C:7062H         LINE#         788
  C:7062H         LINE#         790
  C:7068H         LINE#         791
  C:7069H         LINE#         792
  C:7069H         LINE#         793
  C:706FH         LINE#         795
  C:706FH         LINE#         796
  C:706FH         LINE#         797
  C:706FH         LINE#         798
  C:706FH         LINE#         799
  C:706FH         LINE#         800
  -------         ENDPROC       _SET_RFMODE
  -------         PROC          RESET_RFSTEP
  C:7261H         LINE#         802
  C:7261H         LINE#         803
  C:7261H         LINE#         804
  C:7266H         LINE#         805
  -------         ENDPROC       RESET_RFSTEP
  -------         ENDMOD        BC3602

  -------         MODULE        BC3602_GATEWAY
  C:0000H         SYMBOL        _ICE_DUMMY_
  D:0080H         PUBLIC        P0
  D:0090H         PUBLIC        P1
  D:00A0H         PUBLIC        P2
  D:00B0H         PUBLIC        P3
  D:00D8H         PUBLIC        P4
  D:00A8H         PUBLIC        IE
  D:00B8H         PUBLIC        IP
  C:6DADH         PUBLIC        BC3602_TX_Process
  X:062AH         PUBLIC        BC3602_Data
  D:0098H         PUBLIC        SCON
  D:0088H         PUBLIC        TCON
  C:69B7H         PUBLIC        _Get_Checksum
  C:4727H         PUBLIC        _Prepare_SendData
  D:00C0H         PUBLIC        I2C0CON
  D:00E8H         PUBLIC        I2C1CON
  D:00F8H         PUBLIC        S1CON
  D:00C8H         PUBLIC        T2CON
  D:00D0H         PUBLIC        PSW
  -------         PROC          BC3602_TX_PROCESS
  C:6DADH         LINE#         68
  C:6DADH         LINE#         69
  C:6DADH         LINE#         70
  C:6DB5H         LINE#         71
  C:6DB5H         LINE#         72
  C:6DBDH         LINE#         73
  C:6DBDH         LINE#         74
BL51 BANKED LINKER/LOCATER V6.22.2.0                                                  11/11/2022  18:17:38  PAGE 117


  C:6DC3H         LINE#         75
  C:6DC5H         LINE#         76
  C:6DC5H         LINE#         77
  C:6DCDH         LINE#         78
  C:6DD2H         LINE#         79
  C:6DD5H         LINE#         80
  C:6DD5H         LINE#         81
  -------         ENDPROC       BC3602_TX_PROCESS
  -------         PROC          _GET_CHECKSUM
  D:0001H         SYMBOL        pucFrame
  X:070FH         SYMBOL        usLen
  -------         DO            
  X:0710H         SYMBOL        Checksum
  X:0711H         SYMBOL        i
  -------         ENDDO         
  C:69B7H         LINE#         84
  C:69BCH         LINE#         85
  C:69BCH         LINE#         87
  C:69DAH         LINE#         88
  C:69DAH         LINE#         89
  C:69ECH         LINE#         90
  C:69F2H         LINE#         91
  C:69F7H         LINE#         92
  -------         ENDPROC       _GET_CHECKSUM
  -------         PROC          _PREPARE_SENDDATA
  D:0007H         SYMBOL        BC3602_TX_M
  C:4727H         LINE#         95
  C:4727H         LINE#         96
  C:4727H         LINE#         97
  C:472EH         LINE#         98
  C:472EH         LINE#         99
  C:472EH         LINE#         100
  C:4734H         LINE#         101
  C:4738H         LINE#         102
  C:473BH         LINE#         103
  C:473FH         LINE#         104
  C:4747H         LINE#         105
  C:474DH         LINE#         106
  C:4751H         LINE#         107
  C:4755H         LINE#         108
  C:4757H         LINE#         109
  C:4759H         LINE#         110
  C:475FH         LINE#         111
  C:4767H         LINE#         112
  C:476DH         LINE#         113
  C:4771H         LINE#         114
  C:4775H         LINE#         115
  C:477DH         LINE#         116
  C:4785H         LINE#         117
  C:478DH         LINE#         118
  C:4795H         LINE#         119
  C:479EH         LINE#         120
  C:47B6H         LINE#         121
  C:47CEH         LINE#         122
  C:47E6H         LINE#         123
  C:47F4H         LINE#         124
  C:47FCH         LINE#         125
BL51 BANKED LINKER/LOCATER V6.22.2.0                                                  11/11/2022  18:17:38  PAGE 118


  C:4804H         LINE#         126
  C:480CH         LINE#         127
  C:4814H         LINE#         128
  C:481CH         LINE#         129
  C:4824H         LINE#         130
  C:482DH         LINE#         131
  C:4835H         LINE#         132
  C:483EH         LINE#         133
  C:4841H         LINE#         134
  C:4843H         LINE#         135
  C:4856H         LINE#         136
  C:4869H         LINE#         137
  C:486CH         LINE#         138
  C:4871H         LINE#         139
  C:4871H         LINE#         141
  C:4871H         LINE#         142
  C:4871H         LINE#         143
  C:4871H         LINE#         144
  -------         ENDPROC       _PREPARE_SENDDATA
  -------         ENDMOD        BC3602_GATEWAY

  -------         MODULE        BC3602_SPI
  C:0000H         SYMBOL        _ICE_DUMMY_
  D:0080H         PUBLIC        P0
  D:0090H         PUBLIC        P1
  D:00A0H         PUBLIC        P2
  D:00B0H         PUBLIC        P3
  D:00D8H         PUBLIC        P4
  C:6049H         PUBLIC        _BC3602_WriteRegister
  D:00A8H         PUBLIC        IE
  D:00B8H         PUBLIC        IP
  C:7267H         PUBLIC        BC3602_EnterLightSleep
  C:6C3AH         PUBLIC        SpiRead
  B:0080H.0       PUBLIC        P00
  B:0090H.0       PUBLIC        P10
  B:0080H.1       PUBLIC        P01
  D:0098H         PUBLIC        SCON
  D:0088H         PUBLIC        TCON
  C:6C05H         PUBLIC        _SpiWrite
  D:00C0H         PUBLIC        I2C0CON
  D:00E8H         PUBLIC        I2C1CON
  C:6DD6H         PUBLIC        _Set_RFSDIO_Dir
  D:00F8H         PUBLIC        S1CON
  D:00C8H         PUBLIC        T2CON
  C:6B2AH         PUBLIC        _BC3602_StrobeCommand
  C:6F52H         PUBLIC        BC3602_SPI_IOConfig
  D:00D0H         PUBLIC        PSW
  C:716BH         PUBLIC        _BC3602_RegisterBank
  -------         PROC          BC3602_SPI_IOCONFIG
  C:6F52H         LINE#         4
  C:6F52H         LINE#         5
  C:6F52H         LINE#         7
  C:6F5BH         LINE#         8
  C:6F60H         LINE#         9
  C:6F69H         LINE#         10
  C:6F6BH         LINE#         11
  C:6F6DH         LINE#         12
BL51 BANKED LINKER/LOCATER V6.22.2.0                                                  11/11/2022  18:17:38  PAGE 119


  C:6F6FH         LINE#         13
  -------         ENDPROC       BC3602_SPI_IOCONFIG
  -------         PROC          _SET_RFSDIO_DIR
  X:071EH         SYMBOL        Director
  C:6DD6H         LINE#         15
  C:6DDBH         LINE#         16
  C:6DDBH         LINE#         17
  C:6DDDH         LINE#         18
  C:6DDDH         LINE#         19
  C:6DE5H         LINE#         21
  C:6DE6H         LINE#         22
  C:6DEEH         LINE#         23
  C:6DEEH         LINE#         24
  C:6DF6H         LINE#         25
  C:6DFEH         LINE#         26
  C:6DFEH         LINE#         27
  -------         ENDPROC       _SET_RFSDIO_DIR
  -------         PROC          _SPIWRITE
  X:071DH         SYMBOL        SIMD
  -------         DO            
  D:0007H         SYMBOL        cnt
  -------         ENDDO         
  C:6C05H         LINE#         29
  C:6C0AH         LINE#         30
  C:6C0AH         LINE#         34
  C:6C0FH         LINE#         35
  C:6C1BH         LINE#         36
  C:6C1BH         LINE#         38
  C:6C1DH         LINE#         39
  C:6C25H         LINE#         40
  C:6C29H         LINE#         42
  C:6C2BH         LINE#         43
  C:6C32H         LINE#         45
  C:6C34H         LINE#         46
  C:6C37H         LINE#         48
  C:6C39H         LINE#         50
  -------         ENDPROC       _SPIWRITE
  -------         PROC          SPIREAD
  -------         DO            
  D:0003H         SYMBOL        cnt
  X:071DH         SYMBOL        SIMD
  -------         ENDDO         
  C:6C3AH         LINE#         58
  C:6C3AH         LINE#         59
  C:6C3AH         LINE#         61
  C:6C3FH         LINE#         63
  C:6C44H         LINE#         65
  C:6C46H         LINE#         66
  C:6C52H         LINE#         67
  C:6C52H         LINE#         68
  C:6C5AH         LINE#         70
  C:6C5CH         LINE#         71
  C:6C5FH         LINE#         72
  C:6C63H         LINE#         74
  C:6C65H         LINE#         75
  C:6C68H         LINE#         76
  C:6C6DH         LINE#         78
BL51 BANKED LINKER/LOCATER V6.22.2.0                                                  11/11/2022  18:17:38  PAGE 120


  -------         ENDPROC       SPIREAD
  -------         PROC          _BC3602_STROBECOMMAND
  X:070FH         SYMBOL        StrobeCmd
  -------         DO            
  D:0007H         SYMBOL        cnt
  -------         ENDDO         
  C:6B2AH         LINE#         80
  C:6B2FH         LINE#         81
  C:6B2FH         LINE#         84
  C:6B34H         LINE#         86
  C:6B36H         LINE#         87
  C:6B42H         LINE#         88
  C:6B42H         LINE#         89
  C:6B44H         LINE#         90
  C:6B4CH         LINE#         91
  C:6B50H         LINE#         93
  C:6B52H         LINE#         94
  C:6B59H         LINE#         95
  C:6B5BH         LINE#         96
  C:6B5EH         LINE#         97
  C:6B60H         LINE#         98
  C:6B62H         LINE#         99
  -------         ENDPROC       _BC3602_STROBECOMMAND
  -------         PROC          BC3602_ENTERLIGHTSLEEP
  C:7267H         LINE#         101
  C:7267H         LINE#         102
  C:7267H         LINE#         103
  C:726CH         LINE#         104
  -------         ENDPROC       BC3602_ENTERLIGHTSLEEP
  -------         PROC          _BC3602_REGISTERBANK
  D:0007H         SYMBOL        reg_Bank
  C:716BH         LINE#         106
  C:716BH         LINE#         107
  C:716BH         LINE#         108
  C:716FH         LINE#         109
  C:7172H         LINE#         110
  C:7175H         LINE#         111
  -------         ENDPROC       _BC3602_REGISTERBANK
  -------         PROC          _BC3602_WRITEREGISTER
  X:070FH         SYMBOL        reg
  X:0710H         SYMBOL        value
  -------         DO            
  D:0007H         SYMBOL        cnt
  -------         ENDDO         
  C:6049H         LINE#         113
  C:6051H         LINE#         114
  C:6051H         LINE#         117
  C:6056H         LINE#         119
  C:605DH         LINE#         120
  C:6060H         LINE#         121
  C:6062H         LINE#         122
  C:606EH         LINE#         123
  C:606EH         LINE#         124
  C:6070H         LINE#         125
  C:6078H         LINE#         126
  C:607CH         LINE#         128
  C:607EH         LINE#         129
BL51 BANKED LINKER/LOCATER V6.22.2.0                                                  11/11/2022  18:17:38  PAGE 121


  C:6085H         LINE#         130
  C:6087H         LINE#         131
  C:608AH         LINE#         132
  C:608CH         LINE#         134
  C:6098H         LINE#         135
  C:6098H         LINE#         136
  C:609AH         LINE#         137
  C:60A2H         LINE#         138
  C:60A6H         LINE#         140
  C:60A8H         LINE#         141
  C:60AFH         LINE#         142
  C:60B1H         LINE#         143
  C:60B4H         LINE#         144
  C:60B6H         LINE#         146
  C:60B8H         LINE#         147
  -------         ENDPROC       _BC3602_WRITEREGISTER
  -------         ENDMOD        BC3602_SPI

  -------         MODULE        ?C?FPADD
  C:00BDH         PUBLIC        ?C?FPADD
  C:00B9H         PUBLIC        ?C?FPSUB
  -------         ENDMOD        ?C?FPADD

  -------         MODULE        ?C?FPMUL
  C:01AEH         PUBLIC        ?C?FPMUL
  -------         ENDMOD        ?C?FPMUL

  -------         MODULE        ?C?FPDIV
  C:02B7H         PUBLIC        ?C?FPDIV
  -------         ENDMOD        ?C?FPDIV

  -------         MODULE        ?C?FPCMP
  C:0356H         PUBLIC        ?C?FPCMP
  C:0354H         PUBLIC        ?C?FPCMP3
  -------         ENDMOD        ?C?FPCMP

  -------         MODULE        ?C?FCAST
  C:03D7H         PUBLIC        ?C?FCASTC
  C:03D2H         PUBLIC        ?C?FCASTI
  C:03CDH         PUBLIC        ?C?FCASTL
  -------         ENDMOD        ?C?FCAST

  -------         MODULE        ?C?CASTF
  C:040BH         PUBLIC        ?C?CASTF
  -------         ENDMOD        ?C?CASTF

  -------         MODULE        ?C?COPY
  C:055CH         PUBLIC        ?C?COPY
  -------         ENDMOD        ?C?COPY

  -------         MODULE        ?C?CLDPTR
  C:0582H         PUBLIC        ?C?CLDPTR
  -------         ENDMOD        ?C?CLDPTR

  -------         MODULE        ?C?CLDOPTR
  C:059BH         PUBLIC        ?C?CLDOPTR
  -------         ENDMOD        ?C?CLDOPTR
BL51 BANKED LINKER/LOCATER V6.22.2.0                                                  11/11/2022  18:17:38  PAGE 122



  -------         MODULE        ?C?CILDPTR
  C:05C8H         PUBLIC        ?C?CILDPTR
  -------         ENDMOD        ?C?CILDPTR

  -------         MODULE        ?C?CSTPTR
  C:05EAH         PUBLIC        ?C?CSTPTR
  -------         ENDMOD        ?C?CSTPTR

  -------         MODULE        ?C?CSTOPTR
  C:05FCH         PUBLIC        ?C?CSTOPTR
  -------         ENDMOD        ?C?CSTOPTR

  -------         MODULE        ?C?IMUL
  C:061EH         PUBLIC        ?C?IMUL
  -------         ENDMOD        ?C?IMUL

  -------         MODULE        ?C?UIDIV
  C:0630H         PUBLIC        ?C?UIDIV
  -------         ENDMOD        ?C?UIDIV

  -------         MODULE        ?C?IILDX
  C:0685H         PUBLIC        ?C?IILDX
  -------         ENDMOD        ?C?IILDX

  -------         MODULE        ?C?ILDIX
  C:069BH         PUBLIC        ?C?ILDIX
  -------         ENDMOD        ?C?ILDIX

  -------         MODULE        ?C?LMUL
  C:06B1H         PUBLIC        ?C?LMUL
  -------         ENDMOD        ?C?LMUL

  -------         MODULE        ?C?ULDIV
  C:073CH         PUBLIC        ?C?ULDIV
  -------         ENDMOD        ?C?ULDIV

  -------         MODULE        ?C?LNEG
  C:07CEH         PUBLIC        ?C?LNEG
  -------         ENDMOD        ?C?LNEG

  -------         MODULE        ?C?ULSHR
  C:07DCH         PUBLIC        ?C?ULSHR
  -------         ENDMOD        ?C?ULSHR

  -------         MODULE        ?C?LSTXDATA
  C:07EFH         PUBLIC        ?C?LSTXDATA
  -------         ENDMOD        ?C?LSTXDATA

  -------         MODULE        ?C?LSTKXDATA
  C:07FBH         PUBLIC        ?C?LSTKXDATA
  -------         ENDMOD        ?C?LSTKXDATA

  -------         MODULE        ?C?CCASE
  C:082CH         PUBLIC        ?C?CCASE
  -------         ENDMOD        ?C?CCASE

BL51 BANKED LINKER/LOCATER V6.22.2.0                                                  11/11/2022  18:17:38  PAGE 123


  -------         MODULE        ?C?MEMSET
  C:0852H         PUBLIC        ?C?MEMSET
  -------         ENDMOD        ?C?MEMSET

*** WARNING L1: UNRESOLVED EXTERNAL SYMBOL
    SYMBOL:  BC3602_SOFTWARERESET
    MODULE:  .\Output\BC3602.obj (BC3602)

*** WARNING L1: UNRESOLVED EXTERNAL SYMBOL
    SYMBOL:  BC3602_CRYSTALREADY
    MODULE:  .\Output\BC3602.obj (BC3602)

*** WARNING L1: UNRESOLVED EXTERNAL SYMBOL
    SYMBOL:  RFGETCLRRFIRQ
    MODULE:  .\Output\BC3602.obj (BC3602)

*** WARNING L1: UNRESOLVED EXTERNAL SYMBOL
    SYMBOL:  RFXTALREADY
    MODULE:  .\Output\BC3602.obj (BC3602)

*** WARNING L2: REFERENCE MADE TO UNRESOLVED EXTERNAL
    SYMBOL:  BC3602_SOFTWARERESET
    MODULE:  .\Output\BC3602.obj (BC3602)
    ADDRESS: 649EH

*** WARNING L2: REFERENCE MADE TO UNRESOLVED EXTERNAL
    SYMBOL:  BC3602_CRYSTALREADY
    MODULE:  .\Output\BC3602.obj (BC3602)
    ADDRESS: 64A6H

*** WARNING L2: REFERENCE MADE TO UNRESOLVED EXTERNAL
    SYMBOL:  RFXTALREADY
    MODULE:  .\Output\BC3602.obj (BC3602)
    ADDRESS: 56C6H

*** WARNING L2: REFERENCE MADE TO UNRESOLVED EXTERNAL
    SYMBOL:  RFGETCLRRFIRQ
    MODULE:  .\Output\BC3602.obj (BC3602)
    ADDRESS: 5710H

*** WARNING L2: REFERENCE MADE TO UNRESOLVED EXTERNAL
    SYMBOL:  RFXTALREADY
    MODULE:  .\Output\BC3602.obj (BC3602)
    ADDRESS: 50C4H

*** WARNING L2: REFERENCE MADE TO UNRESOLVED EXTERNAL
    SYMBOL:  RFGETCLRRFIRQ
    MODULE:  .\Output\BC3602.obj (BC3602)
    ADDRESS: 511EH

Program Size: data=12.7 xdata=1903 code=29293
LINK/LOCATE RUN COMPLETE.  10 WARNING(S),  0 ERROR(S)
