BL51 BANKED LINKER/LOCATER V6.22.2.0                                                    08/18/2022  10:44:42  PAGE 1


BL51 BANKED LINKER/LOCATER V6.22.2.0, INVOKED BY:
D:\KEIL_V5\C51\BIN\BL51.EXE .\Output\main.c.obj, .\Output\uart2.obj, .\Output\common.obj, .\Output\adc.obj, .\Output\gpi
>> o.obj, .\Output\i2c.obj, .\Output\uart3.obj, .\Output\uart.obj, .\Output\pwm0.obj, .\Output\pwm123.obj, .\Output\eepr
>> om.obj, .\Output\lcd.obj, .\Output\STARTUP.obj, .\Output\ADC_USER.obj, .\Output\CO2.obj, .\Output\CRC8_NRSC5.obj, .\O
>> utput\EEPROM_USER.obj, .\Output\KEY.obj, .\Output\LCD_User.obj, .\Output\LED.obj, .\Output\SHTC3.obj, .\Output\Timer0
>> .obj, .\Output\UART1_USER.obj, .\Output\UART2_USER.obj, .\Output\UART3_USER.obj, .\Output\WDT.obj, .\Output\WIFI.obj 
>> TO .\Output\uart2 PRINT (.\LST\uart2.m51) RAMSIZE (256) DISABLEWARNING (16)


MEMORY MODEL: LARGE


INPUT MODULES INCLUDED:
  .\Output\main.c.obj (MAIN_C)
  .\Output\uart2.obj (UART2)
  .\Output\common.obj (COMMON)
  .\Output\adc.obj (ADC)
  .\Output\gpio.obj (GPIO)
  .\Output\i2c.obj (I2C)
  .\Output\uart3.obj (UART3)
  .\Output\uart.obj (UART)
  .\Output\pwm0.obj (PWM0)
  .\Output\pwm123.obj (PWM123)
  .\Output\eeprom.obj (EEPROM)
  .\Output\lcd.obj (LCD)
  .\Output\STARTUP.obj (?C_STARTUP)
  .\Output\ADC_USER.obj (ADC_USER)
  .\Output\CO2.obj (CO2)
  .\Output\CRC8_NRSC5.obj (CRC8_NRSC5)
  .\Output\EEPROM_USER.obj (EEPROM_USER)
  .\Output\KEY.obj (KEY)
  .\Output\LCD_User.obj (LCD_USER)
  .\Output\LED.obj (LED)
  .\Output\SHTC3.obj (SHTC3)
  .\Output\Timer0.obj (TIMER0)
  .\Output\UART1_USER.obj (UART1_USER)
  .\Output\UART2_USER.obj (UART2_USER)
  .\Output\UART3_USER.obj (UART3_USER)
  .\Output\WDT.obj (WDT)
  .\Output\WIFI.obj (WIFI)
  D:\KEIL_V5\C51\LIB\C51L.LIB (?C_INIT)
  D:\KEIL_V5\C51\LIB\C51L.LIB (?C?CLDPTR)
  D:\KEIL_V5\C51\LIB\C51L.LIB (?C?CLDOPTR)
  D:\KEIL_V5\C51\LIB\C51L.LIB (?C?CSTPTR)
  D:\KEIL_V5\C51\LIB\C51L.LIB (?C?CSTOPTR)
  D:\KEIL_V5\C51\LIB\C51L.LIB (?C?IMUL)
  D:\KEIL_V5\C51\LIB\C51L.LIB (?C?UIDIV)
  D:\KEIL_V5\C51\LIB\C51L.LIB (?C?IILDX)
  D:\KEIL_V5\C51\LIB\C51L.LIB (?C?ILDIX)
  D:\KEIL_V5\C51\LIB\C51L.LIB (?C?LMUL)
  D:\KEIL_V5\C51\LIB\C51L.LIB (?C?ULDIV)
  D:\KEIL_V5\C51\LIB\C51L.LIB (?C?ULSHR)
  D:\KEIL_V5\C51\LIB\C51L.LIB (?C?LSTXDATA)
  D:\KEIL_V5\C51\LIB\C51L.LIB (?C?LSTKXDATA)
  D:\KEIL_V5\C51\LIB\C51L.LIB (PRINTF)
  D:\KEIL_V5\C51\LIB\C51L.LIB (?C?PLDIXDATA)
  D:\KEIL_V5\C51\LIB\C51L.LIB (?C?PSTXDATA)
  D:\KEIL_V5\C51\LIB\C51L.LIB (?C?CCASE)
BL51 BANKED LINKER/LOCATER V6.22.2.0                                                  08/18/2022  10:44:42  PAGE 2




LINK MAP OF MODULE:  .\Output\uart2 (MAIN_C)


            TYPE    BASE      LENGTH    RELOCATION   SEGMENT NAME
            -----------------------------------------------------

            * * * * * * *   D A T A   M E M O R Y   * * * * * * *
            REG     0000H     0008H     ABSOLUTE     "REG BANK 0"
            DATA    0008H     0005H     UNIT         _DATA_GROUP_
            DATA    000DH     0003H     UNIT         ?DT?COMMON
                    0010H     0010H                  *** GAP ***
            BIT     0020H.0   0001H.1   UNIT         _BIT_GROUP_
            BIT     0021H.1   0000H.4   UNIT         ?BI?UART
            BIT     0021H.5   0000H.1   UNIT         ?BI?UART2
            BIT     0021H.6   0000H.1   UNIT         ?BI?COMMON
            BIT     0021H.7   0000H.1   UNIT         ?BI?UART3
            IDATA   0022H     0001H     UNIT         ?STACK

            * * * * * * *  X D A T A   M E M O R Y  * * * * * * *
            XDATA   0000H     018DH     UNIT         ?XD?EEPROM_USER
            XDATA   018DH     008AH     UNIT         ?XD?_WRITEDATATOONEPAGE?EEPROM
            XDATA   0217H     0029H     UNIT         _XDATA_GROUP_
            XDATA   0240H     0022H     UNIT         ?XD?CO2
            XDATA   0262H     001DH     UNIT         ?XD?TIMER0
            XDATA   027FH     000BH     UNIT         ?XD?KEY
            XDATA   028AH     000AH     UNIT         ?XD?SHTC3
            XDATA   0294H     0009H     UNIT         ?XD?_I2C_OPEN?I2C
            XDATA   029DH     0008H     UNIT         ?XD?_WRITE_DATAFLASH_ARRAY?EEPROM
            XDATA   02A5H     0006H     UNIT         ?XD?_WRITE_DATAFLASH_BYTE?EEPROM
            XDATA   02ABH     0002H     UNIT         ?XD?_ADC_INITIALCONTINOUS?ADC
            XDATA   02ADH     0002H     UNIT         ?XD?UART
            XDATA   02AFH     0001H     UNIT         ?XD?UART2
            XDATA   02B0H     0001H     UNIT         ?XD?UART3

            * * * * * * *   C O D E   M E M O R Y   * * * * * * *
            CODE    0000H     0003H     ABSOLUTE     
            CODE    0003H     0008H     UNIT         ?PR?_READ_APROM_BYTE?COMMON
            CODE    000BH     0003H     ABSOLUTE     
            CODE    000EH     0015H     UNIT         ?PR?_UART2_SEND_DATA?UART2
            CODE    0023H     0003H     ABSOLUTE     
            CODE    0026H     0048H     UNIT         ?PR?_LCD_OPEN?LCD
            CODE    006EH     000CH     UNIT         ?PR?INIT_WIFI?WIFI
                    007AH     0001H                  *** GAP ***
            CODE    007BH     0003H     ABSOLUTE     
            CODE    007EH     001DH     UNIT         ?PR?UART3_RECEIVE_DATA?UART3
            CODE    009BH     0003H     ABSOLUTE     
            CODE    009EH     0014H     UNIT         ?PR?_UART3_SEND_DATA?UART3
                    00B2H     0001H                  *** GAP ***
            CODE    00B3H     0003H     ABSOLUTE     
            CODE    00B6H     0365H     UNIT         ?PR?PRINTF?PRINTF
            CODE    041BH     02DAH     UNIT         ?PR?_ADC_OPEN?ADC
            CODE    06F5H     02C0H     UNIT         ?C?LIB_CODE
            CODE    09B5H     02A3H     UNIT         ?PR?_WRITEDATATOONEPAGE?EEPROM
            CODE    0C58H     0275H     UNIT         ?PR?_PWM0_CONFIGOUTPUTCHANNEL?PWM0
            CODE    0ECDH     0259H     UNIT         ?PR?EEPROM_READDATAINIT?EEPROM_USER
BL51 BANKED LINKER/LOCATER V6.22.2.0                                                  08/18/2022  10:44:42  PAGE 3


            CODE    1126H     0198H     UNIT         ?PR?_PWM123_CLOCKSOURCE?PWM123
            CODE    12BEH     017DH     UNIT         ?PR?_UART_OPEN?UART
            CODE    143BH     0179H     UNIT         ?PR?_WRITE_DATAFLASH_BYTE?EEPROM
            CODE    15B4H     0164H     UNIT         ?PR?_EEPROM_WRITE_SENSORDATA?EEPROM_USER
            CODE    1718H     0153H     UNIT         ?PR?TIMER0_ISR?TIMER0
            CODE    186BH     014CH     UNIT         ?PR?INIT_LCD?LCD_USER
            CODE    19B7H     0145H     UNIT         ?PR?_WRITE_DATAFLASH?EEPROM_USER
            CODE    1AFCH     0113H     UNIT         ?PR?_PWM123_CONFIGOUTPUTCHANNEL?PWM123
            CODE    1C0FH     00EBH     UNIT         ?PR?_ADC_VREF_SET?ADC
            CODE    1CFAH     00E2H     UNIT         ?PR?LED_INIT?LED
            CODE    1DDCH     00D9H     UNIT         ?PR?GET_KEYVALUE?KEY
            CODE    1EB5H     00CCH     UNIT         ?PR?_GPIO_SETMODE?GPIO
            CODE    1F81H     00C1H     UNIT         ?PR?_WRITE_DATAFLASH_ARRAY?EEPROM
            CODE    2042H     00B9H     UNIT         ?PR?TIME_PROCESS?TIMER0
            CODE    20FBH     00B4H     UNIT         ?PR?_UART3_OPEN?UART3
            CODE    21AFH     00AEH     UNIT         ?PR?_UART2_OPEN?UART2
            CODE    225DH     00A7H     UNIT         ?PR?GET_TEMPHUT?SHTC3
            CODE    2304H     009BH     UNIT         ?PR?_GPIO_PULL_DISABLE?GPIO
            CODE    239FH     009AH     UNIT         ?C_C51STARTUP
            CODE    2439H     008BH     UNIT         ?PR?_I2C_READ?SHTC3
            CODE    24C4H     0087H     UNIT         ?PR?_GPIO_PULL_ENABLE?GPIO
            CODE    254BH     007DH     UNIT         ?PR?_I2C_READ_PROCESS?SHTC3
            CODE    25C8H     0077H     UNIT         ?PR?READ_BANDGAP?ADC
            CODE    263FH     006EH     UNIT         ?PR?_PWM0_CLOCKSOURCE?PWM0
            CODE    26ADH     006EH     UNIT         ?PR?_PWM1_CLOCKSOURCE?PWM0
            CODE    271BH     006AH     UNIT         ?PR?_I2C_OPEN?I2C
            CODE    2785H     0068H     UNIT         ?PR?_READ_DATAFLASH_ARRAY?EEPROM
            CODE    27EDH     0063H     UNIT         ?PR?_ADC_ENABLEHWTRIGGER?ADC
            CODE    2850H     0061H     UNIT         ?PR?_I2C_WRITE?SHTC3
            CODE    28B1H     0060H     UNIT         ?PR?_CRC8_NRSC5?CRC8_NRSC5
            CODE    2911H     005FH     UNIT         ?PR?_I2C_WRITE_PROCESS?SHTC3
            CODE    2970H     005CH     UNIT         ?PR?_PWM0_DEADZONEENABLE?PWM0
            CODE    29CCH     0057H     UNIT         ?PR?_I2C_SETSLAVEADDRMASK?I2C
            CODE    2A23H     0046H     UNIT         ?PR?INIT_UART1?UART1_USER
            CODE    2A69H     0043H     UNIT         ?PR?GET_CO2VALU?CO2
            CODE    2AACH     0042H     UNIT         ?PR?INIT_UART2?UART2_USER
            CODE    2AEEH     0042H     UNIT         ?PR?INIT_UART3?UART3_USER
            CODE    2B30H     003EH     UNIT         ?PR?WDT_INIT?WDT
            CODE    2B6EH     003DH     UNIT         ?PR?_LCD_CURRENT_MODE?LCD
            CODE    2BABH     003BH     UNIT         ?PR?GET_NTCVALU?ADC_USER
            CODE    2BE6H     0035H     UNIT         ?PR?FEED_WDT?WDT
            CODE    2C1BH     0031H     UNIT         ?PR?ENABLE_UART0_VCOM_PRINTF?UART
            CODE    2C4CH     0030H     UNIT         ?PR?MAIN?MAIN_C
            CODE    2C7CH     002EH     UNIT         ?PR?_ADC_INTERRUPT?ADC
            CODE    2CAAH     002EH     UNIT         ?PR?INIT_I2C?SHTC3
            CODE    2CD8H     002DH     UNIT         ?PR?_ADC_INITIALCONTINOUS?ADC
            CODE    2D05H     002DH     UNIT         ?PR?_UART_INTERRUPT_ENABLE?UART
            CODE    2D32H     002BH     UNIT         ?PR?_LCD_INTERRUPT_INITIAL?LCD
            CODE    2D5DH     0027H     UNIT         ?PR?_LCD_SETONEPIXEL?LCD
            CODE    2D84H     0026H     UNIT         ?PR?UART1_ISR?UART
            CODE    2DAAH     0021H     UNIT         ?PR?_UART_SEND_DATA?UART
            CODE    2DCBH     0020H     UNIT         ?PR?_LCD_CLOCK_SETTING?LCD
            CODE    2DEBH     0020H     UNIT         ?PR?_LCD_SETALLPIXELS?LCD
            CODE    2E0BH     0020H     UNIT         ?PR?ADC_INIT?ADC_USER
            CODE    2E2BH     001FH     UNIT         ?PR?UART0_ISR?UART
            CODE    2E4AH     001EH     UNIT         ?PR?_UART_RECEIVE_DATA?UART
            CODE    2E68H     001CH     UNIT         ?PR?SMC1_ISR?UART3
BL51 BANKED LINKER/LOCATER V6.22.2.0                                                  08/18/2022  10:44:42  PAGE 4


            CODE    2E84H     001CH     UNIT         ?PR?_LCD_POWERDOWN_DISPLAY?LCD
            CODE    2EA0H     001BH     UNIT         ?PR?_ADC_SAMPLINGTIME?ADC
            CODE    2EBBH     001AH     UNIT         ?PR?SMC0_ISR?UART2
            CODE    2ED5H     001AH     UNIT         ?PR?TIMER0_INIT?TIMER0
            CODE    2EEFH     0018H     UNIT         ?PR?_I2C_ENABLEINT?I2C
            CODE    2F07H     0018H     UNIT         ?PR?_I2C_DISABLEINT?I2C
            CODE    2F1FH     0013H     UNIT         ?PR?_I2C_GETSTATUS?I2C
            CODE    2F32H     0013H     UNIT         ?PR?_I2C_SLAVE_ADDRESS_MASK_DISABLE?I2C
            CODE    2F45H     0012H     UNIT         ?PR?_I2C_CLOSE?I2C
            CODE    2F57H     0012H     UNIT         ?PR?_I2C_ENABLETIMEOUT?I2C
            CODE    2F69H     0012H     UNIT         ?PR?_I2C_DISABLETIMEOUT?I2C
            CODE    2F7BH     0012H     UNIT         ?PR?_I2C_CLEARTIMEOUTFLAG?I2C
            CODE    2F8DH     0011H     UNIT         ?PR?UART2_RECEIVE_ONE_BYTE?UART2
            CODE    2F9EH     0011H     UNIT         ?PR?_I2C_SLAVE_ADDRESS_MASK_ENABLE?I2C
            CODE    2FAFH     0011H     UNIT         ?PR?PWM0_DEADZONE_ALL_DISABLE?PWM0
            CODE    2FC0H     000FH     UNIT         ?CO?MAIN_C
            CODE    2FCFH     000FH     UNIT         ?C_INITSEG
            CODE    2FDEH     000FH     UNIT         ?PR?_LCD_BLINK?LCD
            CODE    2FEDH     000EH     UNIT         ?PR?_PUTCHAR?UART3_USER
            CODE    2FFBH     000AH     UNIT         ?PR?INIT_KEYPORT?KEY
            CODE    3005H     000AH     UNIT         ?PR?LCD_DISPLAY?LCD_USER
            CODE    300FH     0007H     UNIT         ?PR?ADC_CLOSE?ADC
            CODE    3016H     0007H     UNIT         ?PR?ADC_DISABLEHWTRIGGER?ADC
            CODE    301DH     0007H     UNIT         ?PR?PWM0_RUN?PWM0
            CODE    3024H     0007H     UNIT         ?PR?PWM0_STOP?PWM0
            CODE    302BH     0007H     UNIT         ?PR?LCD_ENABLE?LCD
            CODE    3032H     0007H     UNIT         ?PR?LCD_DISABLE?LCD
            CODE    3039H     0006H     UNIT         ?PR?INIT_SHTC3?SHTC3
            CODE    303FH     0006H     UNIT         ?PR?GET_TEMPHUTSTARTFLAG?TIMER0
            CODE    3045H     0006H     UNIT         ?PR?CLR__TEMPHUTSTARTFLAG?TIMER0
            CODE    304BH     0006H     UNIT         ?PR?GET_SAVEADDR?TIMER0
            CODE    3051H     0006H     UNIT         ?PR?GET_ONECIRCLESAVEFLAG?TIMER0
            CODE    3057H     0006H     UNIT         ?PR?_SET_ONECIRCLE_FLAG?TIMER0
            CODE    305DH     0006H     UNIT         ?PR?_SET_SAVE_ADDRP?TIMER0
            CODE    3063H     0004H     UNIT         ?PR?KEYPROCESS?KEY
            CODE    3067H     0003H     UNIT         ?PR?I2C_ERROR?SHTC3



OVERLAY MAP OF MODULE:   .\Output\uart2 (MAIN_C)


SEGMENT                                             BIT_GROUP          DATA_GROUP          XDATA_GROUP
  +--> CALLED SEGMENT                            START    LENGTH     START    LENGTH     START    LENGTH
--------------------------------------------------------------------------------------------------------
?C_C51STARTUP                                    -----    -----      -----    -----      -----    -----
  +--> ?PR?MAIN?MAIN_C
  +--> ?C_INITSEG

?PR?MAIN?MAIN_C                                  -----    -----      -----    -----      -----    -----
  +--> ?PR?EEPROM_READDATAINIT?EEPROM_USER
  +--> ?PR?INIT_UART1?UART1_USER
  +--> ?PR?INIT_UART2?UART2_USER
  +--> ?PR?INIT_UART3?UART3_USER
  +--> ?PR?TIMER0_INIT?TIMER0
  +--> ?PR?LED_INIT?LED
  +--> ?PR?INIT_LCD?LCD_USER
BL51 BANKED LINKER/LOCATER V6.22.2.0                                                  08/18/2022  10:44:42  PAGE 5


  +--> ?PR?WDT_INIT?WDT
  +--> ?PR?INIT_KEYPORT?KEY
  +--> ?PR?INIT_WIFI?WIFI
  +--> ?PR?FEED_WDT?WDT
  +--> ?PR?TIME_PROCESS?TIMER0
  +--> ?CO?MAIN_C
  +--> ?PR?PRINTF?PRINTF

?PR?EEPROM_READDATAINIT?EEPROM_USER              -----    -----      -----    -----      0217H    0005H
  +--> ?PR?_READ_DATAFLASH_ARRAY?EEPROM
  +--> ?PR?_CRC8_NRSC5?CRC8_NRSC5
  +--> ?PR?_SET_ONECIRCLE_FLAG?TIMER0
  +--> ?PR?_SET_SAVE_ADDRP?TIMER0

?PR?_READ_DATAFLASH_ARRAY?EEPROM                 -----    -----      -----    -----      021CH    0009H

?PR?_CRC8_NRSC5?CRC8_NRSC5                       -----    -----      -----    -----      021CH    0006H

?PR?INIT_UART1?UART1_USER                        -----    -----      -----    -----      -----    -----
  +--> ?PR?_UART_OPEN?UART

?PR?_UART_OPEN?UART                              -----    -----      -----    -----      0217H    0009H

?PR?INIT_UART2?UART2_USER                        -----    -----      -----    -----      -----    -----
  +--> ?PR?_UART2_OPEN?UART2

?PR?_UART2_OPEN?UART2                            -----    -----      -----    -----      0217H    0008H

?PR?INIT_UART3?UART3_USER                        -----    -----      -----    -----      -----    -----
  +--> ?PR?_UART3_OPEN?UART3

?PR?_UART3_OPEN?UART3                            -----    -----      -----    -----      0217H    0008H

?PR?LED_INIT?LED                                 -----    -----      -----    -----      -----    -----
  +--> ?PR?_GPIO_SETMODE?GPIO
  +--> ?PR?_PWM123_CLOCKSOURCE?PWM123
  +--> ?PR?_PWM123_CONFIGOUTPUTCHANNEL?PWM123
  +--> ?PR?_PWM0_CLOCKSOURCE?PWM0
  +--> ?PR?_PWM0_CONFIGOUTPUTCHANNEL?PWM0

?PR?_GPIO_SETMODE?GPIO                           -----    -----      -----    -----      0217H    0001H

?PR?_PWM123_CLOCKSOURCE?PWM123                   -----    -----      -----    -----      0217H    0001H

?PR?_PWM123_CONFIGOUTPUTCHANNEL?PWM123           -----    -----      -----    -----      0217H    0006H

?PR?_PWM0_CONFIGOUTPUTCHANNEL?PWM0               -----    -----      -----    -----      0217H    0009H

?PR?INIT_LCD?LCD_USER                            -----    -----      -----    -----      -----    -----
  +--> ?PR?_LCD_CLOCK_SETTING?LCD
  +--> ?PR?_LCD_OPEN?LCD
  +--> ?PR?_LCD_CURRENT_MODE?LCD
  +--> ?PR?_LCD_BLINK?LCD
  +--> ?PR?_LCD_POWERDOWN_DISPLAY?LCD
  +--> ?PR?LCD_ENABLE?LCD
  +--> ?PR?_LCD_SETALLPIXELS?LCD

BL51 BANKED LINKER/LOCATER V6.22.2.0                                                  08/18/2022  10:44:42  PAGE 6


?PR?_LCD_OPEN?LCD                                -----    -----      -----    -----      0217H    0005H
  +--> ?PR?LCD_DISABLE?LCD
  +--> ?PR?_LCD_SETALLPIXELS?LCD

?PR?INIT_WIFI?WIFI                               -----    -----      -----    -----      -----    -----
  +--> ?PR?_GPIO_SETMODE?GPIO

?PR?TIME_PROCESS?TIMER0                          -----    -----      -----    -----      -----    -----
  +--> ?PR?GET_TEMPHUT?SHTC3
  +--> ?PR?LCD_DISPLAY?LCD_USER
  +--> ?PR?KEYPROCESS?KEY
  +--> ?PR?_EEPROM_WRITE_SENSORDATA?EEPROM_USER

?PR?GET_TEMPHUT?SHTC3                            -----    -----      -----    -----      -----    -----
  +--> ?PR?_I2C_WRITE?SHTC3
  +--> ?PR?_I2C_READ?SHTC3
  +--> ?PR?CLR__TEMPHUTSTARTFLAG?TIMER0

?PR?_I2C_WRITE?SHTC3                             -----    -----      -----    -----      -----    -----
  +--> ?PR?I2C_ERROR?SHTC3

?PR?_I2C_READ?SHTC3                              -----    -----      -----    -----      0217H    0001H
  +--> ?PR?I2C_ERROR?SHTC3

?PR?LCD_DISPLAY?LCD_USER                         -----    -----      -----    -----      -----    -----
  +--> ?PR?_LCD_SETONEPIXEL?LCD

?PR?KEYPROCESS?KEY                               -----    -----      -----    -----      -----    -----
  +--> ?PR?GET_KEYVALUE?KEY

?PR?_EEPROM_WRITE_SENSORDATA?EEPROM_USER         -----    -----      -----    -----      0217H    0001H
  +--> ?PR?_CRC8_NRSC5?CRC8_NRSC5
  +--> ?PR?_WRITE_DATAFLASH?EEPROM_USER
  +--> ?PR?_READ_DATAFLASH_ARRAY?EEPROM
  +--> ?PR?GET_CO2VALU?CO2
  +--> ?PR?GET_SAVEADDR?TIMER0
  +--> ?PR?GET_ONECIRCLESAVEFLAG?TIMER0

?PR?_WRITE_DATAFLASH?EEPROM_USER                 -----    -----      -----    -----      0218H    0008H

?PR?PRINTF?PRINTF                                0020H.0  0001H.1    0008H    0005H      0217H    0028H
  +--> ?PR?_PUTCHAR?UART3_USER

?PR?_PUTCHAR?UART3_USER                          -----    -----      -----    -----      023FH    0001H
  +--> ?PR?_UART3_SEND_DATA?UART3



SYMBOL TABLE OF MODULE:  .\Output\uart2 (MAIN_C)

  VALUE           TYPE          NAME
  ----------------------------------

  -------         MODULE        MAIN_C
  C:0000H         SYMBOL        _ICE_DUMMY_
  D:0080H         PUBLIC        P0
  D:0090H         PUBLIC        P1
BL51 BANKED LINKER/LOCATER V6.22.2.0                                                  08/18/2022  10:44:42  PAGE 7


  D:00A0H         PUBLIC        P2
  D:00B0H         PUBLIC        P3
  D:00D8H         PUBLIC        P4
  D:00A8H         PUBLIC        IE
  D:00B8H         PUBLIC        IP
  C:2C4CH         PUBLIC        main
  D:0098H         PUBLIC        SCON
  D:0088H         PUBLIC        TCON
  D:00C0H         PUBLIC        I2C0CON
  D:00E8H         PUBLIC        I2C1CON
  D:00F8H         PUBLIC        S1CON
  D:00C8H         PUBLIC        T2CON
  D:00D0H         PUBLIC        PSW
  -------         PROC          MAIN
  C:2C4CH         LINE#         3
  C:2C4CH         LINE#         4
  C:2C4CH         LINE#         5
  C:2C4FH         LINE#         6
  C:2C52H         LINE#         7
  C:2C55H         LINE#         8
  C:2C58H         LINE#         9
  C:2C5BH         LINE#         10
  C:2C5EH         LINE#         11
  C:2C61H         LINE#         12
  C:2C64H         LINE#         13
  C:2C67H         LINE#         14
  C:2C6AH         LINE#         16
  C:2C6AH         LINE#         17
  C:2C6AH         LINE#         18
  C:2C6DH         LINE#         19
  C:2C70H         LINE#         20
  C:2C79H         LINE#         21
  -------         ENDPROC       MAIN
  -------         ENDMOD        MAIN_C

  -------         MODULE        UART2
  C:0000H         SYMBOL        _ICE_DUMMY_
  D:00DCH         PUBLIC        SC0ETURD1
  D:0080H         PUBLIC        P0
  D:0090H         PUBLIC        P1
  D:00A0H         PUBLIC        P2
  D:00B0H         PUBLIC        P3
  D:00D8H         PUBLIC        P4
  D:00D6H         PUBLIC        SC0CR0
  D:00D7H         PUBLIC        SC0CR1
  D:00A8H         PUBLIC        IE
  C:2F8DH         PUBLIC        UART2_Receive_One_Byte
  D:00B8H         PUBLIC        IP
  D:0098H         PUBLIC        SCON
  D:0088H         PUBLIC        TCON
  C:000EH         PUBLIC        _UART2_Send_Data
  D:0091H         PUBLIC        SFRS
  D:00DFH         PUBLIC        SC0TSR
  D:00C0H         PUBLIC        I2C0CON
  D:00E8H         PUBLIC        I2C1CON
  X:02AFH         PUBLIC        uart2rvbuffer
  D:00D9H         PUBLIC        SC0DR
BL51 BANKED LINKER/LOCATER V6.22.2.0                                                  08/18/2022  10:44:42  PAGE 8


  C:2EBBH         PUBLIC        SMC0_ISR
  C:21AFH         PUBLIC        _UART2_Open
  D:00F8H         PUBLIC        S1CON
  D:00C8H         PUBLIC        T2CON
  B:0021H.5       PUBLIC        uart2rvflag
  D:00D0H         PUBLIC        PSW
  D:00DBH         PUBLIC        SC0ETURD0
  -------         PROC          SMC0_ISR
  C:2EBBH         LINE#         20
  C:2EC1H         LINE#         22
  C:2EC3H         LINE#         24
  C:2EC6H         LINE#         25
  C:2ECCH         LINE#         26
  C:2ECEH         LINE#         27
  -------         ENDPROC       SMC0_ISR
  -------         PROC          _UART2_OPEN
  X:0217H         SYMBOL        u32SysClock
  X:021BH         SYMBOL        u32Baudrate
  C:21AFH         LINE#         36
  C:21B5H         LINE#         37
  C:21B5H         LINE#         38
  C:21BBH         LINE#         39
  C:21C0H         LINE#         40
  C:21C5H         LINE#         41
  C:21CAH         LINE#         42
  C:21CFH         LINE#         44
  C:220AH         LINE#         45
  C:220DH         LINE#         46
  C:224EH         LINE#         47
  C:2254H         LINE#         48
  C:2257H         LINE#         49
  C:225CH         LINE#         50
  -------         ENDPROC       _UART2_OPEN
  -------         PROC          UART2_RECEIVE_ONE_BYTE
  -------         DO            
  D:0007H         SYMBOL        c
  -------         ENDDO         
  C:2F8DH         LINE#         59
  C:2F8DH         LINE#         60
  C:2F8DH         LINE#         62
  C:2F93H         LINE#         63
  C:2F9BH         LINE#         64
  C:2F9DH         LINE#         65
  C:2F9DH         LINE#         66
  -------         ENDPROC       UART2_RECEIVE_ONE_BYTE
  -------         PROC          _UART2_SEND_DATA
  D:0007H         SYMBOL        c
  C:000EH         LINE#         75
  C:000EH         LINE#         76
  C:000EH         LINE#         77
  C:0014H         LINE#         78
  C:0016H         LINE#         79
  C:001CH         LINE#         80
  C:0022H         LINE#         81
  -------         ENDPROC       _UART2_SEND_DATA
  -------         ENDMOD        UART2

BL51 BANKED LINKER/LOCATER V6.22.2.0                                                  08/18/2022  10:44:42  PAGE 9


  -------         MODULE        COMMON
  C:0000H         SYMBOL        _ICE_DUMMY_
  D:0080H         PUBLIC        P0
  D:0090H         PUBLIC        P1
  D:00A0H         PUBLIC        P2
  D:00B0H         PUBLIC        P3
  D:00D8H         PUBLIC        P4
  D:000DH         PUBLIC        BYTE_TMP
  D:00A8H         PUBLIC        IE
  D:000EH         PUBLIC        SFRS_TMP
  D:00B8H         PUBLIC        IP
  D:000FH         PUBLIC        TA_REG_TMP
  B:0021H.6       PUBLIC        BIT_TMP
  D:0098H         PUBLIC        SCON
  D:0088H         PUBLIC        TCON
  D:00C0H         PUBLIC        I2C0CON
  D:00E8H         PUBLIC        I2C1CON
  D:00F8H         PUBLIC        S1CON
  D:00C8H         PUBLIC        T2CON
  C:0003H         PUBLIC        _Read_APROM_BYTE
  D:00D0H         PUBLIC        PSW
  -------         PROC          _READ_APROM_BYTE
  D:0082H         SYMBOL        u16_addr
  -------         DO            
  D:0007H         SYMBOL        rdata
  -------         ENDDO         
  C:0003H         LINE#         17
  C:0007H         LINE#         18
  C:0007H         LINE#         20
  C:000AH         LINE#         21
  C:000AH         LINE#         22
  -------         ENDPROC       _READ_APROM_BYTE
  -------         ENDMOD        COMMON

  -------         MODULE        ADC
  C:0000H         SYMBOL        _ICE_DUMMY_
  D:00F4H         PUBLIC        P2MF54
  D:0080H         PUBLIC        P0
  D:00B5H         PUBLIC        P2M1
  D:0090H         PUBLIC        P1
  D:00C2H         PUBLIC        P3M1
  D:00B6H         PUBLIC        P2M2
  D:00A0H         PUBLIC        P2
  D:00C3H         PUBLIC        P3M2
  D:00B0H         PUBLIC        P3
  D:00F5H         PUBLIC        P2MF76
  D:0094H         PUBLIC        P6MF54
  D:00D8H         PUBLIC        P4
  D:0084H         PUBLIC        P6M1
  B:00A8H.7       PUBLIC        EA
  D:0085H         PUBLIC        P6M2
  D:0095H         PUBLIC        P6MF76
  D:00A8H         PUBLIC        IE
  D:00E4H         PUBLIC        ADCBAH
  D:00C7H         PUBLIC        TA
  D:00CBH         PUBLIC        ADCBAL
  D:00B8H         PUBLIC        IP
BL51 BANKED LINKER/LOCATER V6.22.2.0                                                  08/18/2022  10:44:42  PAGE 10


  C:300FH         PUBLIC        ADC_Close
  D:00CEH         PUBLIC        AINDIDS0
  D:00CEH         PUBLIC        AINDIDS1
  D:00E3H         PUBLIC        ADCDLY
  D:0098H         PUBLIC        SCON
  D:0088H         PUBLIC        TCON
  D:009FH         PUBLIC        CHPCON
  C:041BH         PUBLIC        _ADC_Open
  D:0091H         PUBLIC        SFRS
  C:2CD8H         PUBLIC        _ADC_InitialContinous
  D:00A4H         PUBLIC        IAPTRG
  C:1C0FH         PUBLIC        _ADC_Vref_Set
  D:00A9H         PUBLIC        VRFCON
  D:00C0H         PUBLIC        I2C0CON
  D:00E8H         PUBLIC        I2C1CON
  D:00A1H         PUBLIC        ADCCON0
  D:00E1H         PUBLIC        ADCCON1
  C:3016H         PUBLIC        ADC_DisableHWTrigger
  D:00E2H         PUBLIC        ADCCON2
  D:00A7H         PUBLIC        IAPAH
  D:00F8H         PUBLIC        S1CON
  D:00AEH         PUBLIC        IAPFD
  D:00C8H         PUBLIC        T2CON
  D:00A6H         PUBLIC        IAPAL
  D:00E5H         PUBLIC        ADCSN
  D:00AFH         PUBLIC        IAPCN
  C:25C8H         PUBLIC        READ_BANDGAP
  C:27EDH         PUBLIC        _ADC_EnableHWTrigger
  D:00E7H         PUBLIC        ADCSR
  D:00F2H         PUBLIC        P2MF10
  D:00F6H         PUBLIC        P3MF10
  D:00D0H         PUBLIC        PSW
  D:00F3H         PUBLIC        P2MF32
  C:2EA0H         PUBLIC        _ADC_SamplingTime
  D:00F7H         PUBLIC        P3MF32
  C:2C7CH         PUBLIC        _ADC_Interrupt
  -------         PROC          _ADC_OPEN
  D:0006H         SYMBOL        u8ADCOpMode
  D:0005H         SYMBOL        u8ADCChMask
  C:041BH         LINE#         29
  C:041BH         LINE#         30
  C:041BH         LINE#         31
  C:0426H         LINE#         32
  C:0426H         LINE#         33
  C:042EH         LINE#         34
  C:0434H         LINE#         35
  C:0434H         LINE#         36
  C:0434H         LINE#         38
  C:0477H         LINE#         39
  C:0477H         LINE#         40
  C:049DH         LINE#         41
  C:04C6H         LINE#         42
  C:04EFH         LINE#         43
  C:0518H         LINE#         44
  C:0541H         LINE#         45
  C:056AH         LINE#         46
  C:0593H         LINE#         47
BL51 BANKED LINKER/LOCATER V6.22.2.0                                                  08/18/2022  10:44:42  PAGE 11


  C:05BCH         LINE#         48
  C:05E7H         LINE#         49
  C:0612H         LINE#         50
  C:063DH         LINE#         51
  C:0668H         LINE#         52
  C:0692H         LINE#         53
  C:06BCH         LINE#         54
  C:06D4H         LINE#         55
  C:06E2H         LINE#         56
  C:06EEH         LINE#         57
  C:06EEH         LINE#         58
  C:06EEH         LINE#         59
  C:06F4H         LINE#         61
  -------         ENDPROC       _ADC_OPEN
  -------         PROC          ADC_CLOSE
  C:300FH         LINE#         68
  C:300FH         LINE#         69
  C:300FH         LINE#         70
  C:3015H         LINE#         71
  -------         ENDPROC       ADC_CLOSE
  -------         PROC          _ADC_INITIALCONTINOUS
  X:02ABH         SYMBOL        u16ADCRBase
  D:0005H         SYMBOL        u8ADCRLength
  D:0003H         SYMBOL        u8ADCSpeed
  C:2CD8H         LINE#         84
  C:2CE0H         LINE#         85
  C:2CE0H         LINE#         86
  C:2CE3H         LINE#         87
  C:2CE6H         LINE#         88
  C:2CECH         LINE#         89
  C:2CF0H         LINE#         90
  C:2CF7H         LINE#         91
  C:2CF7H         LINE#         92
  C:2CFEH         LINE#         93
  C:2D04H         LINE#         94
  C:2D04H         LINE#         95
  C:2D04H         LINE#         96
  -------         ENDPROC       _ADC_INITIALCONTINOUS
  -------         PROC          _ADC_SAMPLINGTIME
  D:0007H         SYMBOL        u8ADCDIV
  D:0005H         SYMBOL        u8ADCAQT
  C:2EA0H         LINE#         107
  C:2EA0H         LINE#         108
  C:2EA0H         LINE#         109
  C:2EA3H         LINE#         110
  C:2EA6H         LINE#         111
  C:2EAFH         LINE#         112
  C:2EB2H         LINE#         113
  C:2EBAH         LINE#         114
  -------         ENDPROC       _ADC_SAMPLINGTIME
  -------         PROC          _ADC_ENABLEHWTRIGGER
  D:0007H         SYMBOL        u8ADCSHWTource
  D:0005H         SYMBOL        u8ADCHWTParam
  D:0003H         SYMBOL        u8ADCHWTDelay
  C:27EDH         LINE#         138
  C:27EDH         LINE#         139
  C:27EDH         LINE#         140
BL51 BANKED LINKER/LOCATER V6.22.2.0                                                  08/18/2022  10:44:42  PAGE 12


  C:27F0H         LINE#         141
  C:27FEH         LINE#         142
  C:27FEH         LINE#         143
  C:2803H         LINE#         144
  C:280BH         LINE#         145
  C:2813H         LINE#         146
  C:2819H         LINE#         147
  C:2819H         LINE#         148
  C:2819H         LINE#         149
  C:2827H         LINE#         150
  C:2827H         LINE#         151
  C:282CH         LINE#         152
  C:2834H         LINE#         153
  C:283CH         LINE#         154
  C:2842H         LINE#         155
  C:2842H         LINE#         156
  C:2842H         LINE#         157
  C:2846H         LINE#         158
  C:284CH         LINE#         159
  C:284FH         LINE#         160
  -------         ENDPROC       _ADC_ENABLEHWTRIGGER
  -------         PROC          ADC_DISABLEHWTRIGGER
  C:3016H         LINE#         162
  C:3016H         LINE#         163
  C:3016H         LINE#         164
  C:301CH         LINE#         165
  -------         ENDPROC       ADC_DISABLEHWTRIGGER
  -------         PROC          _ADC_INTERRUPT
  D:0007H         SYMBOL        u8ADCINT
  D:0005H         SYMBOL        u8ADCIntSource
  C:2C7CH         LINE#         182
  C:2C7CH         LINE#         183
  C:2C7CH         LINE#         184
  C:2C7FH         LINE#         185
  C:2C86H         LINE#         186
  C:2C86H         LINE#         187
  C:2C86H         LINE#         188
  C:2C89H         LINE#         189
  C:2C8AH         LINE#         191
  C:2C8AH         LINE#         192
  C:2C96H         LINE#         193
  C:2C96H         LINE#         194
  C:2C9BH         LINE#         195
  C:2CA3H         LINE#         196
  C:2CA6H         LINE#         197
  C:2CA6H         LINE#         198
  C:2CA6H         LINE#         199
  C:2CA9H         LINE#         200
  C:2CA9H         LINE#         201
  C:2CA9H         LINE#         202
  C:2CA9H         LINE#         203
  -------         ENDPROC       _ADC_INTERRUPT
  -------         PROC          READ_BANDGAP
  -------         DO            
  D:0007H         SYMBOL        BandgapHigh
  D:0005H         SYMBOL        BandgapLow
  D:0006H         SYMBOL        u16bgvalue
BL51 BANKED LINKER/LOCATER V6.22.2.0                                                  08/18/2022  10:44:42  PAGE 13


  -------         ENDDO         
  C:25C8H         LINE#         211
  C:25C8H         LINE#         212
  C:25C8H         LINE#         215
  C:25DEH         LINE#         216
  C:25E1H         LINE#         217
  C:25E4H         LINE#         218
  C:25E6H         LINE#         219
  C:25FBH         LINE#         220
  C:2600H         LINE#         221
  C:2603H         LINE#         222
  C:2619H         LINE#         223
  C:261BH         LINE#         224
  C:2628H         LINE#         225
  C:263EH         LINE#         226
  C:263EH         LINE#         227
  -------         ENDPROC       READ_BANDGAP
  -------         PROC          _ADC_VREF_SET
  D:0007H         SYMBOL        u8ADCVref
  D:0005H         SYMBOL        u8ADCVrefPreload
  D:0003H         SYMBOL        u8ADCVrefLevel
  C:1C0FH         LINE#         241
  C:1C0FH         LINE#         242
  C:1C0FH         LINE#         243
  C:1C16H         LINE#         244
  C:1C16H         LINE#         245
  C:1C16H         LINE#         246
  C:1C2CH         LINE#         247
  C:1C2EH         LINE#         248
  C:1C2EH         LINE#         249
  C:1C44H         LINE#         250
  C:1C44H         LINE#         251
  C:1C44H         LINE#         252
  C:1C44H         LINE#         254
  C:1C4BH         LINE#         255
  C:1C4BH         LINE#         256
  C:1C4BH         LINE#         257
  C:1C61H         LINE#         258
  C:1C63H         LINE#         259
  C:1C63H         LINE#         260
  C:1C79H         LINE#         261
  C:1C79H         LINE#         262
  C:1C79H         LINE#         263
  C:1C79H         LINE#         264
  C:1C8AH         LINE#         265
  C:1C8AH         LINE#         266
  C:1C8AH         LINE#         267
  C:1C9DH         LINE#         268
  C:1C9EH         LINE#         269
  C:1C9EH         LINE#         270
  C:1CB4H         LINE#         271
  C:1CB5H         LINE#         272
  C:1CB5H         LINE#         273
  C:1CCBH         LINE#         274
  C:1CCCH         LINE#         275
  C:1CCCH         LINE#         276
  C:1CE2H         LINE#         277
BL51 BANKED LINKER/LOCATER V6.22.2.0                                                  08/18/2022  10:44:42  PAGE 14


  C:1CE3H         LINE#         278
  C:1CE3H         LINE#         279
  C:1CF9H         LINE#         280
  C:1CF9H         LINE#         281
  C:1CF9H         LINE#         283
  C:1CF9H         LINE#         286
  -------         ENDPROC       _ADC_VREF_SET
  -------         ENDMOD        ADC

  -------         MODULE        GPIO
  C:0000H         SYMBOL        _ICE_DUMMY_
  D:00B1H         PUBLIC        P0M1
  D:00B3H         PUBLIC        P1M1
  D:00B2H         PUBLIC        P0M2
  D:0080H         PUBLIC        P0
  D:00B5H         PUBLIC        P2M1
  D:00B4H         PUBLIC        P1M2
  D:0090H         PUBLIC        P1
  D:00C2H         PUBLIC        P3M1
  D:00B6H         PUBLIC        P2M2
  D:00A0H         PUBLIC        P2
  D:00C3H         PUBLIC        P3M2
  D:00B9H         PUBLIC        P4M1
  D:00B0H         PUBLIC        P3
  D:00BDH         PUBLIC        P5M1
  D:00BAH         PUBLIC        P4M2
  D:00D8H         PUBLIC        P4
  D:0084H         PUBLIC        P6M1
  D:00BEH         PUBLIC        P5M2
  D:0085H         PUBLIC        P6M2
  D:00A8H         PUBLIC        IE
  D:00B8H         PUBLIC        IP
  D:008AH         PUBLIC        P0DW
  D:008BH         PUBLIC        P1DW
  D:008CH         PUBLIC        P2DW
  D:008DH         PUBLIC        P3DW
  D:008EH         PUBLIC        P4DW
  D:008FH         PUBLIC        P5DW
  D:008FH         PUBLIC        P6DW
  D:0092H         PUBLIC        P0UP
  D:0093H         PUBLIC        P1UP
  D:0094H         PUBLIC        P2UP
  D:0095H         PUBLIC        P3UP
  D:0096H         PUBLIC        P4UP
  D:0097H         PUBLIC        P5UP
  D:0097H         PUBLIC        P6UP
  D:0098H         PUBLIC        SCON
  D:0088H         PUBLIC        TCON
  D:0091H         PUBLIC        SFRS
  C:1EB5H         PUBLIC        _GPIO_SetMode
  C:2304H         PUBLIC        _GPIO_Pull_Disable
  D:00C0H         PUBLIC        I2C0CON
  D:00E8H         PUBLIC        I2C1CON
  C:24C4H         PUBLIC        _GPIO_Pull_Enable
  D:00F8H         PUBLIC        S1CON
  D:00C8H         PUBLIC        T2CON
  D:00D0H         PUBLIC        PSW
BL51 BANKED LINKER/LOCATER V6.22.2.0                                                  08/18/2022  10:44:42  PAGE 15


  -------         PROC          _GPIO_PULL_ENABLE
  D:0007H         SYMBOL        u8Port
  D:0005H         SYMBOL        u8PinMask
  D:0003H         SYMBOL        u8PullMode
  C:24C4H         LINE#         23
  C:24C4H         LINE#         24
  C:24C4H         LINE#         25
  C:24C7H         LINE#         26
  C:24CEH         LINE#         27
  C:24CEH         LINE#         28
  C:24CEH         LINE#         29
  C:24F0H         LINE#         30
  C:24F0H         LINE#         31
  C:24F4H         LINE#         32
  C:24F8H         LINE#         33
  C:24FCH         LINE#         34
  C:2500H         LINE#         35
  C:2504H         LINE#         36
  C:2508H         LINE#         37
  C:250CH         LINE#         38
  C:250CH         LINE#         39
  C:250DH         LINE#         40
  C:250DH         LINE#         41
  C:252FH         LINE#         42
  C:252FH         LINE#         43
  C:2533H         LINE#         44
  C:2537H         LINE#         45
  C:253BH         LINE#         46
  C:253FH         LINE#         47
  C:2543H         LINE#         48
  C:2547H         LINE#         49
  C:254AH         LINE#         50
  C:254AH         LINE#         51
  C:254AH         LINE#         52
  C:254AH         LINE#         53
  -------         ENDPROC       _GPIO_PULL_ENABLE
  -------         PROC          _GPIO_PULL_DISABLE
  D:0007H         SYMBOL        u8Port
  D:0005H         SYMBOL        u8PinMask
  D:0003H         SYMBOL        u8PullMode
  C:2304H         LINE#         65
  C:2304H         LINE#         66
  C:2304H         LINE#         67
  C:2307H         LINE#         68
  C:2311H         LINE#         69
  C:2311H         LINE#         70
  C:2311H         LINE#         71
  C:2336H         LINE#         72
  C:2336H         LINE#         73
  C:233BH         LINE#         74
  C:2340H         LINE#         75
  C:2345H         LINE#         76
  C:234AH         LINE#         77
  C:234FH         LINE#         78
  C:2354H         LINE#         79
  C:2359H         LINE#         80
  C:2359H         LINE#         81
BL51 BANKED LINKER/LOCATER V6.22.2.0                                                  08/18/2022  10:44:42  PAGE 16


  C:235AH         LINE#         82
  C:235AH         LINE#         83
  C:237CH         LINE#         84
  C:237CH         LINE#         85
  C:2381H         LINE#         86
  C:2386H         LINE#         87
  C:238BH         LINE#         88
  C:2390H         LINE#         89
  C:2395H         LINE#         90
  C:239AH         LINE#         91
  C:239EH         LINE#         92
  C:239EH         LINE#         93
  C:239EH         LINE#         94
  C:239EH         LINE#         95
  -------         ENDPROC       _GPIO_PULL_DISABLE
  -------         PROC          _GPIO_SETMODE
  X:0217H         SYMBOL        u8Port
  D:0001H         SYMBOL        u8PinMask
  D:0003H         SYMBOL        u8Mode
  -------         DO            
  D:0004H         SYMBOL        u8PnM1
  D:0006H         SYMBOL        u8PnM2
  -------         ENDDO         
  C:1EB5H         LINE#         107
  C:1EBCH         LINE#         108
  C:1EBCH         LINE#         111
  C:1EBFH         LINE#         112
  C:1EE1H         LINE#         113
  C:1EE1H         LINE#         114
  C:1EE7H         LINE#         115
  C:1EEDH         LINE#         116
  C:1EF3H         LINE#         117
  C:1EF9H         LINE#         118
  C:1EFFH         LINE#         119
  C:1F05H         LINE#         120
  C:1F09H         LINE#         121
  C:1F09H         LINE#         122
  C:1F17H         LINE#         123
  C:1F17H         LINE#         124
  C:1F17H         LINE#         125
  C:1F1CH         LINE#         126
  C:1F1FH         LINE#         127
  C:1F21H         LINE#         128
  C:1F21H         LINE#         129
  C:1F25H         LINE#         130
  C:1F28H         LINE#         131
  C:1F2AH         LINE#         132
  C:1F2AH         LINE#         133
  C:1F2DH         LINE#         134
  C:1F31H         LINE#         135
  C:1F33H         LINE#         136
  C:1F33H         LINE#         137
  C:1F36H         LINE#         138
  C:1F39H         LINE#         139
  C:1F39H         LINE#         140
  C:1F39H         LINE#         141
  C:1F5EH         LINE#         142
BL51 BANKED LINKER/LOCATER V6.22.2.0                                                  08/18/2022  10:44:42  PAGE 17


  C:1F5EH         LINE#         143
  C:1F63H         LINE#         144
  C:1F68H         LINE#         145
  C:1F6DH         LINE#         146
  C:1F72H         LINE#         147
  C:1F77H         LINE#         148
  C:1F7CH         LINE#         149
  C:1F80H         LINE#         150
  C:1F80H         LINE#         151
  -------         ENDPROC       _GPIO_SETMODE
  -------         ENDMOD        GPIO

  -------         MODULE        I2C
  C:0000H         SYMBOL        _ICE_DUMMY_
  D:0080H         PUBLIC        P0
  D:0090H         PUBLIC        P1
  D:00A0H         PUBLIC        P2
  D:00B0H         PUBLIC        P3
  D:00D8H         PUBLIC        P4
  D:009BH         PUBLIC        EIE0
  D:009CH         PUBLIC        EIE1
  C:2F07H         PUBLIC        _I2C_DisableInt
  D:00A8H         PUBLIC        IE
  C:2EEFH         PUBLIC        _I2C_EnableInt
  C:2F45H         PUBLIC        _I2C_Close
  D:00B8H         PUBLIC        IP
  C:2F9EH         PUBLIC        _I2C_SLAVE_ADDRESS_MASK_ENABLE
  D:00BDH         PUBLIC        I2C0STAT
  D:00B4H         PUBLIC        I2C1STAT
  C:271BH         PUBLIC        _I2C_Open
  D:0098H         PUBLIC        SCON
  D:0088H         PUBLIC        TCON
  D:00C1H         PUBLIC        I2C0ADDR0
  D:00A1H         PUBLIC        I2C0ADDR1
  D:00B2H         PUBLIC        I2C1ADDR0
  D:00A4H         PUBLIC        I2C1ADDR1
  D:00A2H         PUBLIC        I2C0ADDR2
  D:00A5H         PUBLIC        I2C1ADDR2
  D:00A3H         PUBLIC        I2C0ADDR3
  D:0091H         PUBLIC        SFRS
  D:00A6H         PUBLIC        I2C1ADDR3
  C:2F69H         PUBLIC        _I2C_DisableTimeout
  C:2F1FH         PUBLIC        _I2C_GetStatus
  D:00BEH         PUBLIC        I2C0CLK
  D:00B5H         PUBLIC        I2C1CLK
  D:00C0H         PUBLIC        I2C0CON
  D:00E8H         PUBLIC        I2C1CON
  D:00BFH         PUBLIC        I2C0TOC
  C:2F57H         PUBLIC        _I2C_EnableTimeout
  D:00B6H         PUBLIC        I2C1TOC
  C:29CCH         PUBLIC        _I2C_SetSlaveAddrMask
  D:00CFH         PUBLIC        I2C0ADDRM
  D:00D7H         PUBLIC        I2C1ADDRM
  D:00F8H         PUBLIC        S1CON
  D:00C8H         PUBLIC        T2CON
  C:2F32H         PUBLIC        _I2C_SLAVE_ADDRESS_MASK_DISABLE
  C:2F7BH         PUBLIC        _I2C_ClearTimeoutFlag
BL51 BANKED LINKER/LOCATER V6.22.2.0                                                  08/18/2022  10:44:42  PAGE 18


  D:00D0H         PUBLIC        PSW
  -------         PROC          _I2C_OPEN
  D:0007H         SYMBOL        u8I2CSel
  X:0295H         SYMBOL        u32SYSCLK
  X:0299H         SYMBOL        u32I2CCLK
  C:271BH         LINE#         21
  C:271BH         LINE#         22
  C:271BH         LINE#         23
  C:271EH         LINE#         24
  C:2725H         LINE#         25
  C:2725H         LINE#         26
  C:2755H         LINE#         27
  C:2784H         LINE#         28
  C:2784H         LINE#         29
  -------         ENDPROC       _I2C_OPEN
  -------         PROC          _I2C_CLOSE
  D:0007H         SYMBOL        u8I2CSel
  C:2F45H         LINE#         36
  C:2F45H         LINE#         37
  C:2F45H         LINE#         38
  C:2F48H         LINE#         39
  C:2F4FH         LINE#         40
  C:2F4FH         LINE#         41
  C:2F53H         LINE#         42
  C:2F56H         LINE#         43
  C:2F56H         LINE#         44
  -------         ENDPROC       _I2C_CLOSE
  -------         PROC          _I2C_ENABLEINT
  D:0007H         SYMBOL        u8I2CSel
  C:2EEFH         LINE#         51
  C:2EEFH         LINE#         52
  C:2EEFH         LINE#         53
  C:2EF2H         LINE#         54
  C:2EF9H         LINE#         55
  C:2EF9H         LINE#         56
  C:2F00H         LINE#         57
  C:2F06H         LINE#         58
  C:2F06H         LINE#         59
  -------         ENDPROC       _I2C_ENABLEINT
  -------         PROC          _I2C_DISABLEINT
  D:0007H         SYMBOL        u8I2CSel
  C:2F07H         LINE#         66
  C:2F07H         LINE#         67
  C:2F07H         LINE#         68
  C:2F0AH         LINE#         69
  C:2F11H         LINE#         70
  C:2F11H         LINE#         71
  C:2F18H         LINE#         72
  C:2F1EH         LINE#         73
  C:2F1EH         LINE#         74
  -------         ENDPROC       _I2C_DISABLEINT
  -------         PROC          _I2C_GETSTATUS
  D:0007H         SYMBOL        u8I2CSel
  -------         DO            
  D:0006H         SYMBOL        u8i2cstat
  -------         ENDDO         
  C:2F1FH         LINE#         82
BL51 BANKED LINKER/LOCATER V6.22.2.0                                                  08/18/2022  10:44:42  PAGE 19


  C:2F1FH         LINE#         83
  C:2F1FH         LINE#         85
  C:2F22H         LINE#         86
  C:2F29H         LINE#         87
  C:2F29H         LINE#         88
  C:2F2DH         LINE#         89
  C:2F2FH         LINE#         90
  C:2F2FH         LINE#         91
  C:2F31H         LINE#         92
  -------         ENDPROC       _I2C_GETSTATUS
  -------         PROC          _I2C_SETSLAVEADDRMASK
  D:0007H         SYMBOL        u8I2CSel
  D:0005H         SYMBOL        u8SlaveNo
  D:0003H         SYMBOL        u8SlaveAddrMask
  C:29CCH         LINE#         104
  C:29CCH         LINE#         105
  C:29CCH         LINE#         106
  C:29D3H         LINE#         107
  C:29D3H         LINE#         108
  C:29D3H         LINE#         109
  C:29E1H         LINE#         110
  C:29E1H         LINE#         111
  C:29E8H         LINE#         112
  C:29EFH         LINE#         113
  C:29F6H         LINE#         114
  C:29FBH         LINE#         115
  C:29FBH         LINE#         116
  C:29FBH         LINE#         117
  C:2A09H         LINE#         118
  C:2A09H         LINE#         119
  C:2A0FH         LINE#         120
  C:2A15H         LINE#         121
  C:2A1BH         LINE#         122
  C:2A22H         LINE#         123
  C:2A22H         LINE#         124
  C:2A22H         LINE#         125
  C:2A22H         LINE#         126
  -------         ENDPROC       _I2C_SETSLAVEADDRMASK
  -------         PROC          _I2C_ENABLETIMEOUT
  D:0007H         SYMBOL        u8I2CSel
  C:2F57H         LINE#         136
  C:2F57H         LINE#         137
  C:2F57H         LINE#         138
  C:2F5AH         LINE#         139
  C:2F61H         LINE#         140
  C:2F61H         LINE#         141
  C:2F65H         LINE#         142
  C:2F68H         LINE#         143
  C:2F68H         LINE#         144
  -------         ENDPROC       _I2C_ENABLETIMEOUT
  -------         PROC          _I2C_DISABLETIMEOUT
  D:0007H         SYMBOL        u8I2CSel
  C:2F69H         LINE#         153
  C:2F69H         LINE#         154
  C:2F69H         LINE#         155
  C:2F6CH         LINE#         156
  C:2F73H         LINE#         157
BL51 BANKED LINKER/LOCATER V6.22.2.0                                                  08/18/2022  10:44:42  PAGE 20


  C:2F73H         LINE#         158
  C:2F77H         LINE#         159
  C:2F7AH         LINE#         160
  C:2F7AH         LINE#         161
  -------         ENDPROC       _I2C_DISABLETIMEOUT
  -------         PROC          _I2C_CLEARTIMEOUTFLAG
  D:0007H         SYMBOL        u8I2CSel
  C:2F7BH         LINE#         163
  C:2F7BH         LINE#         164
  C:2F7BH         LINE#         165
  C:2F7EH         LINE#         166
  C:2F85H         LINE#         167
  C:2F85H         LINE#         168
  C:2F89H         LINE#         169
  C:2F8CH         LINE#         170
  C:2F8CH         LINE#         171
  C:2F8CH         LINE#         172
  -------         ENDPROC       _I2C_CLEARTIMEOUTFLAG
  -------         PROC          _I2C_SLAVE_ADDRESS_MASK_ENABLE
  D:0007H         SYMBOL        u8I2CSel
  D:0005H         SYMBOL        u8I2CAddMaskBit
  C:2F9EH         LINE#         182
  C:2F9EH         LINE#         183
  C:2F9EH         LINE#         184
  C:2FA1H         LINE#         185
  C:2FA8H         LINE#         186
  C:2FA8H         LINE#         187
  C:2FABH         LINE#         188
  C:2FAEH         LINE#         189
  C:2FAEH         LINE#         190
  C:2FAEH         LINE#         191
  -------         ENDPROC       _I2C_SLAVE_ADDRESS_MASK_ENABLE
  -------         PROC          _I2C_SLAVE_ADDRESS_MASK_DISABLE
  D:0007H         SYMBOL        u8I2CSLVSEL
  D:0005H         SYMBOL        u8I2CAddMaskBit
  C:2F32H         LINE#         201
  C:2F32H         LINE#         202
  C:2F32H         LINE#         203
  C:2F35H         LINE#         204
  C:2F3CH         LINE#         205
  C:2F3CH         LINE#         206
  C:2F40H         LINE#         207
  C:2F44H         LINE#         208
  C:2F44H         LINE#         209
  C:2F44H         LINE#         210
  -------         ENDPROC       _I2C_SLAVE_ADDRESS_MASK_DISABLE
  -------         ENDMOD        I2C

  -------         MODULE        UART3
  C:0000H         SYMBOL        _ICE_DUMMY_
  D:00DBH         PUBLIC        SC1ETURD0
  D:00DCH         PUBLIC        SC1ETURD1
  D:0080H         PUBLIC        P0
  D:0090H         PUBLIC        P1
  D:00A0H         PUBLIC        P2
  D:00B0H         PUBLIC        P3
  D:00D8H         PUBLIC        P4
BL51 BANKED LINKER/LOCATER V6.22.2.0                                                  08/18/2022  10:44:42  PAGE 21


  D:00E6H         PUBLIC        SC1CR0
  D:00A8H         PUBLIC        IE
  D:00E7H         PUBLIC        SC1CR1
  D:00B8H         PUBLIC        IP
  D:0098H         PUBLIC        SCON
  D:0088H         PUBLIC        TCON
  C:009EH         PUBLIC        _UART3_Send_Data
  D:0091H         PUBLIC        SFRS
  D:00DFH         PUBLIC        SC1TSR
  D:00C0H         PUBLIC        I2C0CON
  D:00E8H         PUBLIC        I2C1CON
  X:02B0H         PUBLIC        uart3rvbuffer
  D:00D9H         PUBLIC        SC1DR
  C:2E68H         PUBLIC        SMC1_ISR
  D:00F8H         PUBLIC        S1CON
  C:20FBH         PUBLIC        _UART3_Open
  D:00C8H         PUBLIC        T2CON
  C:007EH         PUBLIC        UART3_Receive_Data
  B:0021H.7       PUBLIC        uart3rvflag
  D:00D0H         PUBLIC        PSW
  -------         PROC          SMC1_ISR
  C:2E68H         LINE#         19
  C:2E6EH         LINE#         21
  C:2E70H         LINE#         22
  C:2E73H         LINE#         23
  C:2E75H         LINE#         24
  C:2E7BH         LINE#         25
  C:2E7DH         LINE#         26
  -------         ENDPROC       SMC1_ISR
  -------         PROC          _UART3_OPEN
  X:0217H         SYMBOL        u32SysClock
  X:021BH         SYMBOL        u32Baudrate
  C:20FBH         LINE#         35
  C:2101H         LINE#         36
  C:2101H         LINE#         37
  C:2107H         LINE#         38
  C:210DH         LINE#         39
  C:2113H         LINE#         40
  C:2119H         LINE#         41
  C:211FH         LINE#         42
  C:215BH         LINE#         43
  C:215EH         LINE#         44
  C:219FH         LINE#         45
  C:21A5H         LINE#         46
  C:21A8H         LINE#         47
  C:21AEH         LINE#         48
  -------         ENDPROC       _UART3_OPEN
  -------         PROC          UART3_RECEIVE_DATA
  -------         DO            
  D:0007H         SYMBOL        c
  -------         ENDDO         
  C:007EH         LINE#         57
  C:007EH         LINE#         58
  C:007EH         LINE#         61
  C:0084H         LINE#         62
  C:0098H         LINE#         63
  C:009AH         LINE#         65
BL51 BANKED LINKER/LOCATER V6.22.2.0                                                  08/18/2022  10:44:42  PAGE 22


  C:009AH         LINE#         66
  -------         ENDPROC       UART3_RECEIVE_DATA
  -------         PROC          _UART3_SEND_DATA
  D:0007H         SYMBOL        c
  C:009EH         LINE#         75
  C:009EH         LINE#         76
  C:009EH         LINE#         77
  C:00A4H         LINE#         78
  C:00A6H         LINE#         79
  C:00ABH         LINE#         80
  C:00B1H         LINE#         81
  -------         ENDPROC       _UART3_SEND_DATA
  -------         ENDMOD        UART3

  -------         MODULE        UART
  C:0000H         SYMBOL        _ICE_DUMMY_
  D:0080H         PUBLIC        P0
  D:0090H         PUBLIC        P1
  D:00C2H         PUBLIC        P3M1
  D:00A0H         PUBLIC        P2
  D:00C3H         PUBLIC        P3M2
  D:00B0H         PUBLIC        P3
  D:00D8H         PUBLIC        P4
  D:009CH         PUBLIC        EIE1
  C:2DAAH         PUBLIC        _UART_Send_Data
  B:0021H.1       PUBLIC        UART0PRINTFG
  B:0021H.2       PUBLIC        UART1PRINTFG
  D:00A8H         PUBLIC        IE
  D:00B8H         PUBLIC        IP
  B:0098H.0       PUBLIC        RI
  B:0098H.1       PUBLIC        TI
  C:2D05H         PUBLIC        _UART_Interrupt_Enable
  C:2C1BH         PUBLIC        Enable_UART0_VCOM_printf
  B:00F8H.0       PUBLIC        RI_1
  B:00F8H.1       PUBLIC        TI_1
  D:0099H         PUBLIC        SBUF
  D:0087H         PUBLIC        PCON
  C:12BEH         PUBLIC        _UART_Open
  D:0098H         PUBLIC        SCON
  X:02ADH         PUBLIC        uart0_receive_data
  B:0021H.3       PUBLIC        uart0_receive_flag
  D:0089H         PUBLIC        TMOD
  D:0088H         PUBLIC        TCON
  X:02AEH         PUBLIC        uart1_receive_data
  B:0021H.4       PUBLIC        uart1_receive_flag
  C:2E2BH         PUBLIC        UART0_ISR
  C:2D84H         PUBLIC        UART1_ISR
  D:0091H         PUBLIC        SFRS
  C:2E4AH         PUBLIC        _UART_Receive_Data
  D:00C6H         PUBLIC        RH3
  D:008DH         PUBLIC        TH1
  D:00C0H         PUBLIC        I2C0CON
  D:00E8H         PUBLIC        I2C1CON
  D:00C5H         PUBLIC        RL3
  D:009AH         PUBLIC        SBUF1
  D:00F8H         PUBLIC        S1CON
  D:00C8H         PUBLIC        T2CON
BL51 BANKED LINKER/LOCATER V6.22.2.0                                                  08/18/2022  10:44:42  PAGE 23


  D:00C4H         PUBLIC        T3CON
  D:008EH         PUBLIC        CKCON
  D:00F6H         PUBLIC        P3MF10
  D:00D0H         PUBLIC        PSW
  -------         PROC          ENABLE_UART0_VCOM_PRINTF
  C:2C1BH         LINE#         20
  C:2C1BH         LINE#         21
  C:2C1BH         LINE#         26
  C:2C24H         LINE#         27
  C:2C2DH         LINE#         28
  C:2C46H         LINE#         29
  C:2C4BH         LINE#         30
  -------         ENDPROC       ENABLE_UART0_VCOM_PRINTF
  -------         PROC          UART0_ISR
  C:2E2BH         LINE#         40
  C:2E31H         LINE#         42
  C:2E33H         LINE#         43
  C:2E36H         LINE#         44
  C:2E36H         LINE#         45
  C:2E38H         LINE#         46
  C:2E3EH         LINE#         47
  C:2E41H         LINE#         48
  C:2E41H         LINE#         49
  C:2E41H         LINE#         50
  C:2E41H         LINE#         53
  C:2E41H         LINE#         54
  C:2E43H         LINE#         55
  -------         ENDPROC       UART0_ISR
  -------         PROC          UART1_ISR
  C:2D84H         LINE#         59
  C:2D8AH         LINE#         61
  C:2D8CH         LINE#         62
  C:2D8FH         LINE#         63
  C:2D8FH         LINE#         64
  C:2D91H         LINE#         65
  C:2D97H         LINE#         66
  C:2D99H         LINE#         67
  C:2D99H         LINE#         68
  C:2D9CH         LINE#         69
  C:2D9FH         LINE#         70
  C:2DA1H         LINE#         71
  C:2DA3H         LINE#         72
  -------         ENDPROC       UART1_ISR
  -------         PROC          _UART_OPEN
  X:0217H         SYMBOL        u32SysClock
  X:021BH         SYMBOL        u8UARTPort
  X:021CH         SYMBOL        u32Baudrate
  C:12BEH         LINE#         87
  C:12C4H         LINE#         88
  C:12C4H         LINE#         89
  C:12E3H         LINE#         90
  C:12E3H         LINE#         91
  C:12E3H         LINE#         92
  C:12E3H         LINE#         93
  C:12E6H         LINE#         94
  C:12E9H         LINE#         95
  C:12ECH         LINE#         96
BL51 BANKED LINKER/LOCATER V6.22.2.0                                                  08/18/2022  10:44:42  PAGE 24


  C:12EFH         LINE#         97
  C:12F4H         LINE#         98
  C:12F9H         LINE#         99
  C:1325H         LINE#         100
  C:1328H         LINE#         101
  C:1329H         LINE#         102
  C:1329H         LINE#         103
  C:132CH         LINE#         104
  C:132FH         LINE#         105
  C:1332H         LINE#         106
  C:1335H         LINE#         107
  C:133AH         LINE#         108
  C:1376H         LINE#         109
  C:13B0H         LINE#         110
  C:13B5H         LINE#         111
  C:13B6H         LINE#         112
  C:13B6H         LINE#         113
  C:13B6H         LINE#         114
  C:13B9H         LINE#         115
  C:13BCH         LINE#         116
  C:13BFH         LINE#         117
  C:13FBH         LINE#         118
  C:1435H         LINE#         119
  C:143AH         LINE#         120
  C:143AH         LINE#         122
  C:143AH         LINE#         123
  -------         ENDPROC       _UART_OPEN
  -------         PROC          _UART_RECEIVE_DATA
  D:0007H         SYMBOL        UARTPort
  -------         DO            
  D:0006H         SYMBOL        c
  -------         ENDDO         
  C:2E4AH         LINE#         127
  C:2E4AH         LINE#         128
  C:2E4AH         LINE#         130
  C:2E4DH         LINE#         131
  C:2E55H         LINE#         132
  C:2E55H         LINE#         133
  C:2E55H         LINE#         134
  C:2E58H         LINE#         135
  C:2E5AH         LINE#         136
  C:2E5CH         LINE#         137
  C:2E5EH         LINE#         138
  C:2E5EH         LINE#         139
  C:2E61H         LINE#         140
  C:2E63H         LINE#         141
  C:2E65H         LINE#         142
  C:2E65H         LINE#         143
  C:2E65H         LINE#         144
  C:2E67H         LINE#         145
  -------         ENDPROC       _UART_RECEIVE_DATA
  -------         PROC          _UART_SEND_DATA
  D:0007H         SYMBOL        UARTPort
  D:0005H         SYMBOL        c
  C:2DAAH         LINE#         149
  C:2DAAH         LINE#         150
  C:2DAAH         LINE#         151
BL51 BANKED LINKER/LOCATER V6.22.2.0                                                  08/18/2022  10:44:42  PAGE 25


  C:2DADH         LINE#         152
  C:2DB5H         LINE#         153
  C:2DB5H         LINE#         154
  C:2DB5H         LINE#         155
  C:2DB7H         LINE#         156
  C:2DB9H         LINE#         157
  C:2DBCH         LINE#         158
  C:2DBEH         LINE#         159
  C:2DBFH         LINE#         160
  C:2DBFH         LINE#         161
  C:2DC1H         LINE#         162
  C:2DC5H         LINE#         163
  C:2DC8H         LINE#         164
  C:2DCAH         LINE#         165
  C:2DCAH         LINE#         166
  C:2DCAH         LINE#         167
  -------         ENDPROC       _UART_SEND_DATA
  -------         PROC          _UART_INTERRUPT_ENABLE
  D:0007H         SYMBOL        u8UARTPort
  D:0005H         SYMBOL        u8UARTINTStatus
  C:2D05H         LINE#         178
  C:2D05H         LINE#         179
  C:2D05H         LINE#         180
  C:2D0DH         LINE#         181
  C:2D0DH         LINE#         182
  C:2D0DH         LINE#         183
  C:2D14H         LINE#         184
  C:2D14H         LINE#         185
  C:2D18H         LINE#         186
  C:2D1CH         LINE#         187
  C:2D1CH         LINE#         188
  C:2D1DH         LINE#         189
  C:2D1DH         LINE#         190
  C:2D24H         LINE#         191
  C:2D24H         LINE#         192
  C:2D2BH         LINE#         193
  C:2D31H         LINE#         194
  C:2D31H         LINE#         195
  C:2D31H         LINE#         196
  C:2D31H         LINE#         197
  -------         ENDPROC       _UART_INTERRUPT_ENABLE
  -------         ENDMOD        UART

  -------         MODULE        PWM0
  C:0000H         SYMBOL        _ICE_DUMMY_
  D:0080H         PUBLIC        P0
  D:0090H         PUBLIC        P1
  D:00A0H         PUBLIC        P2
  D:00B0H         PUBLIC        P3
  D:00D8H         PUBLIC        P4
  B:00A8H.7       PUBLIC        EA
  D:00A8H         PUBLIC        IE
  D:00C7H         PUBLIC        TA
  D:00B8H         PUBLIC        IP
  D:00FAH         PUBLIC        PWM0DTCNT
  D:0098H         PUBLIC        SCON
  C:0C58H         PUBLIC        _PWM0_ConfigOutputChannel
BL51 BANKED LINKER/LOCATER V6.22.2.0                                                  08/18/2022  10:44:42  PAGE 26


  D:0088H         PUBLIC        TCON
  D:00D1H         PUBLIC        PWM0CON0
  D:00DFH         PUBLIC        PWM0CON1
  D:009DH         PUBLIC        PWM1CON1
  D:00D1H         PUBLIC        PWM0PH
  D:0091H         PUBLIC        SFRS
  D:00D9H         PUBLIC        PWM0PL
  D:00E0H         PUBLIC        ACC
  C:3024H         PUBLIC        PWM0_STOP
  D:00C0H         PUBLIC        I2C0CON
  D:00E8H         PUBLIC        I2C1CON
  D:00F9H         PUBLIC        PWM0DTEN
  C:2970H         PUBLIC        _PWM0_DeadZoneEnable
  D:00D3H         PUBLIC        PWM0C1H
  D:00D4H         PUBLIC        PWM0C2H
  D:00D5H         PUBLIC        PWM0C3H
  D:00DAH         PUBLIC        PWM0C0L
  D:00C4H         PUBLIC        PWM0C4H
  D:00F8H         PUBLIC        S1CON
  D:00DBH         PUBLIC        PWM0C1L
  D:00C5H         PUBLIC        PWM0C5H
  D:00DCH         PUBLIC        PWM0C2L
  D:00C8H         PUBLIC        T2CON
  D:00DDH         PUBLIC        PWM0C3L
  C:2FAFH         PUBLIC        PWM0_DeadZone_ALL_Disable
  D:00CCH         PUBLIC        PWM0C4L
  D:00CDH         PUBLIC        PWM0C5L
  C:263FH         PUBLIC        _PWM0_ClockSource
  C:26ADH         PUBLIC        _PWM1_ClockSource
  D:008EH         PUBLIC        CKCON
  D:00D0H         PUBLIC        PSW
  C:301DH         PUBLIC        PWM0_RUN
  -------         PROC          _PWM0_CLOCKSOURCE
  D:0007H         SYMBOL        u8PWMCLKSource
  D:0005H         SYMBOL        u8PWM0CLKDIV
  C:263FH         LINE#         25
  C:263FH         LINE#         26
  C:263FH         LINE#         27
  C:2646H         LINE#         28
  C:2646H         LINE#         29
  C:264EH         LINE#         30
  C:2654H         LINE#         31
  C:2654H         LINE#         32
  C:2657H         LINE#         33
  C:2678H         LINE#         34
  C:2678H         LINE#         35
  C:267CH         LINE#         36
  C:2683H         LINE#         37
  C:268AH         LINE#         38
  C:2691H         LINE#         39
  C:2698H         LINE#         40
  C:269FH         LINE#         41
  C:26A6H         LINE#         42
  C:26ACH         LINE#         43
  C:26ACH         LINE#         44
  -------         ENDPROC       _PWM0_CLOCKSOURCE
  -------         PROC          _PWM0_CONFIGOUTPUTCHANNEL
BL51 BANKED LINKER/LOCATER V6.22.2.0                                                  08/18/2022  10:44:42  PAGE 27


  D:0007H         SYMBOL        u8PWM0ChannelNum
  D:0005H         SYMBOL        u8PWM0OPMode
  D:0003H         SYMBOL        u8PWM0PwmType
  X:021AH         SYMBOL        u32PWM0Frequency
  X:021EH         SYMBOL        u16PWM0DutyCycle
  C:0C58H         LINE#         57
  C:0C58H         LINE#         62
  C:0C58H         LINE#         63
  C:0C5BH         LINE#         64
  C:0C66H         LINE#         65
  C:0C66H         LINE#         66
  C:0C6BH         LINE#         67
  C:0C73H         LINE#         68
  C:0C79H         LINE#         69
  C:0C79H         LINE#         70
  C:0C80H         LINE#         71
  C:0C80H         LINE#         72
  C:0C85H         LINE#         73
  C:0C88H         LINE#         74
  C:0C88H         LINE#         75
  C:0CABH         LINE#         76
  C:0CABH         LINE#         77
  C:0D01H         LINE#         78
  C:0D57H         LINE#         79
  C:0DADH         LINE#         80
  C:0E03H         LINE#         81
  C:0E58H         LINE#         82
  C:0EABH         LINE#         83
  C:0EABH         LINE#         84
  C:0EC0H         LINE#         85
  C:0ECCH         LINE#         86
  -------         ENDPROC       _PWM0_CONFIGOUTPUTCHANNEL
  -------         PROC          _PWM0_DEADZONEENABLE
  D:0007H         SYMBOL        u8PWM0Pair
  D:0004H         SYMBOL        u16PWM0DZValue
  C:2970H         LINE#         96
  C:2970H         LINE#         97
  C:2970H         LINE#         98
  C:2973H         LINE#         99
  C:2979H         LINE#         100
  C:297EH         LINE#         101
  C:2986H         LINE#         102
  C:2994H         LINE#         103
  C:2994H         LINE#         104
  C:299FH         LINE#         105
  C:29AAH         LINE#         106
  C:29B5H         LINE#         107
  C:29BEH         LINE#         108
  C:29BEH         LINE#         109
  C:29BFH         LINE#         110
  C:29C5H         LINE#         111
  C:29C7H         LINE#         112
  C:29CBH         LINE#         113
  -------         ENDPROC       _PWM0_DEADZONEENABLE
  -------         PROC          PWM0_DEADZONE_ALL_DISABLE
  C:2FAFH         LINE#         122
  C:2FAFH         LINE#         123
BL51 BANKED LINKER/LOCATER V6.22.2.0                                                  08/18/2022  10:44:42  PAGE 28


  C:2FAFH         LINE#         124
  C:2FB2H         LINE#         125
  C:2FB8H         LINE#         126
  C:2FBBH         LINE#         127
  C:2FBFH         LINE#         128
  -------         ENDPROC       PWM0_DEADZONE_ALL_DISABLE
  -------         PROC          PWM0_RUN
  C:301DH         LINE#         137
  C:301DH         LINE#         138
  C:301DH         LINE#         139
  C:3023H         LINE#         140
  -------         ENDPROC       PWM0_RUN
  -------         PROC          PWM0_STOP
  C:3024H         LINE#         149
  C:3024H         LINE#         150
  C:3024H         LINE#         151
  C:302AH         LINE#         152
  -------         ENDPROC       PWM0_STOP
  -------         PROC          _PWM1_CLOCKSOURCE
  D:0007H         SYMBOL        u8PWMCLKSource
  D:0005H         SYMBOL        u8PWM0CLKDIV
  C:26ADH         LINE#         166
  C:26ADH         LINE#         167
  C:26ADH         LINE#         168
  C:26B4H         LINE#         169
  C:26B4H         LINE#         170
  C:26BCH         LINE#         171
  C:26C2H         LINE#         172
  C:26C2H         LINE#         173
  C:26C5H         LINE#         174
  C:26E6H         LINE#         175
  C:26E6H         LINE#         176
  C:26EAH         LINE#         177
  C:26F1H         LINE#         178
  C:26F8H         LINE#         179
  C:26FFH         LINE#         180
  C:2706H         LINE#         181
  C:270DH         LINE#         182
  C:2714H         LINE#         183
  C:271AH         LINE#         184
  C:271AH         LINE#         185
  -------         ENDPROC       _PWM1_CLOCKSOURCE
  -------         ENDMOD        PWM0

  -------         MODULE        PWM123
  C:0000H         SYMBOL        _ICE_DUMMY_
  D:0080H         PUBLIC        P0
  D:0090H         PUBLIC        P1
  D:00A0H         PUBLIC        P2
  D:00B0H         PUBLIC        P3
  D:00D8H         PUBLIC        P4
  D:00A8H         PUBLIC        IE
  D:00B8H         PUBLIC        IP
  C:1AFCH         PUBLIC        _PWM123_ConfigOutputChannel
  D:0098H         PUBLIC        SCON
  D:0088H         PUBLIC        TCON
  D:009DH         PUBLIC        PWM1CON1
BL51 BANKED LINKER/LOCATER V6.22.2.0                                                  08/18/2022  10:44:42  PAGE 29


  D:00C5H         PUBLIC        PWM2CON1
  D:00D5H         PUBLIC        PWM3CON1
  D:0086H         PUBLIC        PWM1PH
  D:0091H         PUBLIC        SFRS
  D:00B9H         PUBLIC        PWM2PH
  D:00C9H         PUBLIC        PWM3PH
  D:0099H         PUBLIC        PWM1PL
  D:00C1H         PUBLIC        PWM2PL
  D:00D1H         PUBLIC        PWM3PL
  D:00C0H         PUBLIC        I2C0CON
  D:00E8H         PUBLIC        I2C1CON
  C:1126H         PUBLIC        _PWM123_ClockSource
  D:008AH         PUBLIC        PWM1C0H
  D:00BAH         PUBLIC        PWM2C0H
  D:008BH         PUBLIC        PWM1C1H
  D:00CAH         PUBLIC        PWM3C0H
  D:00BBH         PUBLIC        PWM2C1H
  D:00CBH         PUBLIC        PWM3C1H
  D:00F8H         PUBLIC        S1CON
  D:009AH         PUBLIC        PWM1C0L
  D:00C2H         PUBLIC        PWM2C0L
  D:009BH         PUBLIC        PWM1C1L
  D:00C8H         PUBLIC        T2CON
  D:00D2H         PUBLIC        PWM3C0L
  D:00C3H         PUBLIC        PWM2C1L
  D:00D3H         PUBLIC        PWM3C1L
  D:00D0H         PUBLIC        PSW
  -------         PROC          _PWM123_CLOCKSOURCE
  D:0007H         SYMBOL        u8PWMNum
  X:0217H         SYMBOL        u8PWMCLKDIV
  C:1126H         LINE#         23
  C:112BH         LINE#         24
  C:112BH         LINE#         25
  C:112DH         LINE#         26
  C:1142H         LINE#         27
  C:1142H         LINE#         28
  C:1142H         LINE#         29
  C:1169H         LINE#         30
  C:1169H         LINE#         31
  C:1172H         LINE#         32
  C:117EH         LINE#         33
  C:118AH         LINE#         34
  C:1196H         LINE#         35
  C:11A2H         LINE#         36
  C:11AEH         LINE#         37
  C:11BAH         LINE#         38
  C:11C3H         LINE#         39
  C:11C3H         LINE#         40
  C:11C6H         LINE#         41
  C:11C6H         LINE#         42
  C:11EDH         LINE#         43
  C:11EDH         LINE#         44
  C:11F6H         LINE#         45
  C:1202H         LINE#         46
  C:120EH         LINE#         47
  C:121AH         LINE#         48
  C:1226H         LINE#         49
BL51 BANKED LINKER/LOCATER V6.22.2.0                                                  08/18/2022  10:44:42  PAGE 30


  C:1232H         LINE#         50
  C:123DH         LINE#         51
  C:1245H         LINE#         52
  C:1245H         LINE#         53
  C:1247H         LINE#         54
  C:1247H         LINE#         55
  C:126BH         LINE#         56
  C:126BH         LINE#         57
  C:1273H         LINE#         58
  C:127EH         LINE#         59
  C:1289H         LINE#         60
  C:1294H         LINE#         61
  C:129FH         LINE#         62
  C:12AAH         LINE#         63
  C:12B5H         LINE#         64
  C:12BBH         LINE#         65
  C:12BBH         LINE#         66
  C:12BBH         LINE#         67
  C:12BBH         LINE#         68
  C:12BDH         LINE#         69
  -------         ENDPROC       _PWM123_CLOCKSOURCE
  -------         PROC          _PWM123_CONFIGOUTPUTCHANNEL
  D:0007H         SYMBOL        u8PWMNum
  X:0218H         SYMBOL        u8PWMChannelNum
  D:0002H         SYMBOL        u16PWMFrequency
  X:021BH         SYMBOL        u16PWMDutyCycle
  C:1AFCH         LINE#         83
  C:1B01H         LINE#         87
  C:1B01H         LINE#         88
  C:1B03H         LINE#         89
  C:1B06H         LINE#         90
  C:1B18H         LINE#         91
  C:1B18H         LINE#         92
  C:1B18H         LINE#         93
  C:1B22H         LINE#         94
  C:1B22H         LINE#         95
  C:1B43H         LINE#         96
  C:1B62H         LINE#         97
  C:1B62H         LINE#         98
  C:1B65H         LINE#         99
  C:1B67H         LINE#         100
  C:1B6AH         LINE#         101
  C:1B6AH         LINE#         102
  C:1B74H         LINE#         103
  C:1B74H         LINE#         104
  C:1B95H         LINE#         105
  C:1BB4H         LINE#         106
  C:1BB4H         LINE#         107
  C:1BB7H         LINE#         108
  C:1BB9H         LINE#         109
  C:1BBBH         LINE#         110
  C:1BBBH         LINE#         111
  C:1BC5H         LINE#         112
  C:1BC5H         LINE#         113
  C:1BE6H         LINE#         114
  C:1C05H         LINE#         115
  C:1C05H         LINE#         116
BL51 BANKED LINKER/LOCATER V6.22.2.0                                                  08/18/2022  10:44:42  PAGE 31


  C:1C08H         LINE#         117
  C:1C0CH         LINE#         118
  C:1C0CH         LINE#         119
  C:1C0CH         LINE#         120
  C:1C0EH         LINE#         121
  -------         ENDPROC       _PWM123_CONFIGOUTPUTCHANNEL
  -------         ENDMOD        PWM123

  -------         MODULE        EEPROM
  C:0000H         SYMBOL        _ICE_DUMMY_
  D:0080H         PUBLIC        P0
  D:0090H         PUBLIC        P1
  D:00A0H         PUBLIC        P2
  D:00B0H         PUBLIC        P3
  D:00D8H         PUBLIC        P4
  B:00A8H.7       PUBLIC        EA
  D:00A8H         PUBLIC        IE
  C:143BH         PUBLIC        _Write_DATAFLASH_BYTE
  D:00C7H         PUBLIC        TA
  D:00B8H         PUBLIC        IP
  D:0098H         PUBLIC        SCON
  D:0088H         PUBLIC        TCON
  D:009FH         PUBLIC        CHPCON
  D:0091H         PUBLIC        SFRS
  D:00A5H         PUBLIC        IAPUEN
  D:00A4H         PUBLIC        IAPTRG
  C:2785H         PUBLIC        _Read_DATAFLASH_ARRAY
  D:00C0H         PUBLIC        I2C0CON
  D:00E8H         PUBLIC        I2C1CON
  C:1F81H         PUBLIC        _Write_DATAFLASH_ARRAY
  D:00A7H         PUBLIC        IAPAH
  D:00F8H         PUBLIC        S1CON
  D:00AEH         PUBLIC        IAPFD
  D:00C8H         PUBLIC        T2CON
  D:00A6H         PUBLIC        IAPAL
  D:00AFH         PUBLIC        IAPCN
  C:09B5H         PUBLIC        _WriteDataToOnePage
  D:00D0H         PUBLIC        PSW
  -------         PROC          _WRITE_DATAFLASH_BYTE
  X:02A5H         SYMBOL        u16EPAddr
  X:02A7H         SYMBOL        u8EPData
  -------         DO            
  X:02A8H         SYMBOL        looptmp
  X:02A9H         SYMBOL        u16_addrl_r
  D:0006H         SYMBOL        RAMtmp
  -------         ENDDO         
  C:143BH         LINE#         26
  C:1446H         LINE#         27
  C:1446H         LINE#         28
  C:1449H         LINE#         33
  C:146BH         LINE#         36
  C:147EH         LINE#         37
  C:147EH         LINE#         38
  C:1490H         LINE#         39
  C:149FH         LINE#         40
  C:14A7H         LINE#         43
  C:14BFH         LINE#         46
BL51 BANKED LINKER/LOCATER V6.22.2.0                                                  08/18/2022  10:44:42  PAGE 32


  C:14C8H         LINE#         47
  C:14CBH         LINE#         48
  C:14CEH         LINE#         49
  C:14E4H         LINE#         50
  C:14F9H         LINE#         51
  C:14FCH         LINE#         52
  C:1511H         LINE#         55
  C:1526H         LINE#         56
  C:153BH         LINE#         57
  C:153EH         LINE#         59
  C:1550H         LINE#         60
  C:1550H         LINE#         61
  C:155AH         LINE#         62
  C:155DH         LINE#         63
  C:156AH         LINE#         64
  C:1580H         LINE#         65
  C:1588H         LINE#         67
  C:159EH         LINE#         68
  C:15B3H         LINE#         69
  -------         ENDPROC       _WRITE_DATAFLASH_BYTE
  -------         PROC          _WRITE_DATAFLASH_ARRAY
  X:029DH         SYMBOL        u16_addr
  X:029FH         SYMBOL        pDat
  X:02A2H         SYMBOL        num
  -------         DO            
  D:0003H         SYMBOL        CPageAddr
  X:02A4H         SYMBOL        EPageAddr
  D:0005H         SYMBOL        cnt
  -------         ENDDO         
  C:1F81H         LINE#         73
  C:1F92H         LINE#         74
  C:1F92H         LINE#         76
  C:1FA6H         LINE#         77
  C:1FC0H         LINE#         79
  C:1FC7H         LINE#         80
  C:1FC7H         LINE#         81
  C:1FE3H         LINE#         82
  C:1FF1H         LINE#         83
  C:1FFBH         LINE#         84
  C:200AH         LINE#         85
  C:201BH         LINE#         86
  C:201DH         LINE#         88
  C:2028H         LINE#         89
  C:2028H         LINE#         90
  C:2041H         LINE#         91
  C:2041H         LINE#         92
  -------         ENDPROC       _WRITE_DATAFLASH_ARRAY
  -------         PROC          _READ_DATAFLASH_ARRAY
  X:021CH         SYMBOL        u16_addr
  X:021EH         SYMBOL        pDat
  X:0221H         SYMBOL        num
  -------         DO            
  X:0223H         SYMBOL        i
  -------         ENDDO         
  C:2785H         LINE#         94
  C:2796H         LINE#         95
  C:2796H         LINE#         98
BL51 BANKED LINKER/LOCATER V6.22.2.0                                                  08/18/2022  10:44:42  PAGE 33


  C:27B1H         LINE#         99
  C:27ECH         LINE#         100
  -------         ENDPROC       _READ_DATAFLASH_ARRAY
  -------         PROC          _WRITEDATATOONEPAGE
  X:018DH         SYMBOL        u16_addr
  X:018FH         SYMBOL        pDat
  X:0192H         SYMBOL        num
  -------         DO            
  X:0193H         SYMBOL        i
  X:0194H         SYMBOL        offset
  X:0195H         SYMBOL        pCode
  X:0197H         SYMBOL        xd_tmp
  C:0AFCH         SYMBOL        WriteDataToPage20
  -------         ENDDO         
  C:09B5H         LINE#         103
  C:09C6H         LINE#         104
  C:09C6H         LINE#         109
  C:09DCH         LINE#         110
  C:09F1H         LINE#         112
  C:0A00H         LINE#         113
  C:0A09H         LINE#         115
  C:0A17H         LINE#         117
  C:0A1FH         LINE#         119
  C:0A30H         LINE#         120
  C:0A30H         LINE#         121
  C:0A43H         LINE#         122
  C:0A4BH         LINE#         124
  C:0A55H         LINE#         125
  C:0A55H         LINE#         126
  C:0A58H         LINE#         127
  C:0A61H         LINE#         128
  C:0A64H         LINE#         130
  C:0A75H         LINE#         131
  C:0A75H         LINE#         132
  C:0A8AH         LINE#         133
  C:0AA0H         LINE#         134
  C:0AA2H         LINE#         135
  C:0AAAH         LINE#         137
  C:0ABBH         LINE#         138
  C:0ABBH         LINE#         139
  C:0AE2H         LINE#         140
  C:0AEAH         LINE#         142
  C:0AF9H         LINE#         143
  C:0AFCH         LINE#         145
[...]
  C:295BH         LINE#         215
  C:295EH         LINE#         217
  C:2961H         LINE#         218
  C:2964H         LINE#         221
  C:2967H         LINE#         222
  C:296AH         LINE#         223
  C:296FH         LINE#         224
  -------         ENDPROC       _I2C_WRITE_PROCESS
  -------         PROC          _I2C_READ_PROCESS
  D:0007H         SYMBOL        u8DAT
  -------         DO            
  D:0006H         SYMBOL        u8Count
  -------         ENDDO         
  C:254BH         LINE#         229
  C:254BH         LINE#         230
  C:254BH         LINE#         233
  C:254EH         LINE#         234
  C:2551H         LINE#         235
  C:2556H         LINE#         236
  C:255DH         LINE#         237
  C:2560H         LINE#         240
  C:2563H         LINE#         241
  C:2566H         LINE#         242
  C:2569H         LINE#         243
  C:256EH         LINE#         244
  C:2575H         LINE#         245
  C:2578H         LINE#         248
  C:2584H         LINE#         249
  C:2584H         LINE#         250
  C:2587H         LINE#         251
  C:258AH         LINE#         252
  C:258FH         LINE#         254
  C:2596H         LINE#         255
  C:2599H         LINE#         257
  C:259EH         LINE#         258
  C:25A1H         LINE#         259
  C:25A4H         LINE#         260
  C:25A7H         LINE#         263
  C:25AAH         LINE#         264
  C:25ADH         LINE#         265
  C:25B2H         LINE#         266
  C:25B9H         LINE#         267
  C:25BCH         LINE#         270
  C:25BFH         LINE#         271
BL51 BANKED LINKER/LOCATER V6.22.2.0                                                  08/18/2022  10:44:42  PAGE 53


  C:25C2H         LINE#         272
  C:25C7H         LINE#         273
  -------         ENDPROC       _I2C_READ_PROCESS
  -------         ENDMOD        SHTC3

  -------         MODULE        TIMER0
  C:0000H         SYMBOL        _ICE_DUMMY_
  D:0080H         PUBLIC        P0
  D:0090H         PUBLIC        P1
  D:00A0H         PUBLIC        P2
  D:00B0H         PUBLIC        P3
  C:1718H         PUBLIC        Timer0_ISR
  D:00D8H         PUBLIC        P4
  B:00A8H.7       PUBLIC        EA
  C:3051H         PUBLIC        Get_OneCircleSaveFlag
  D:00A8H         PUBLIC        IE
  C:304BH         PUBLIC        Get_SaveAddr
  D:00B8H         PUBLIC        IP
  C:2ED5H         PUBLIC        Timer0_Init
  D:0098H         PUBLIC        SCON
  D:0089H         PUBLIC        TMOD
  D:0088H         PUBLIC        TCON
  C:3045H         PUBLIC        Clr__TempHutStartFlag
  D:0091H         PUBLIC        SFRS
  B:0088H.5       PUBLIC        TF0
  D:008CH         PUBLIC        TH0
  C:305DH         PUBLIC        _Set_Save_AddrP
  D:00C0H         PUBLIC        I2C0CON
  D:008AH         PUBLIC        TL0
  D:00E8H         PUBLIC        I2C1CON
  C:2042H         PUBLIC        Time_Process
  X:0262H         PUBLIC        Sys_TimePar
  C:303FH         PUBLIC        Get_TempHutStartFlag
  C:3057H         PUBLIC        _Set_OneCircle_Flag
  D:00F8H         PUBLIC        S1CON
  D:00C8H         PUBLIC        T2CON
  D:008EH         PUBLIC        CKCON
  D:00D0H         PUBLIC        PSW
  -------         PROC          TIMER0_INIT
  C:2ED5H         LINE#         53
  C:2ED5H         LINE#         54
  C:2ED5H         LINE#         55
  C:2EDBH         LINE#         56
  C:2EE0H         LINE#         57
  C:2EE3H         LINE#         58
  C:2EE6H         LINE#         59
  C:2EE9H         LINE#         60
  C:2EEBH         LINE#         61
  C:2EEEH         LINE#         62
  -------         ENDPROC       TIMER0_INIT
  -------         PROC          TIMER0_ISR
  C:1718H         LINE#         66
  C:1720H         LINE#         68
  C:1722H         LINE#         70
  C:1725H         LINE#         71
  C:1728H         LINE#         72
  C:172AH         LINE#         73
BL51 BANKED LINKER/LOCATER V6.22.2.0                                                  08/18/2022  10:44:42  PAGE 54


  C:1730H         LINE#         74
  C:1734H         LINE#         75
  C:1738H         LINE#         76
  C:173CH         LINE#         77
  C:1740H         LINE#         78
  C:1744H         LINE#         79
  C:1748H         LINE#         80
  C:174CH         LINE#         81
  C:175AH         LINE#         82
  C:1768H         LINE#         83
  C:1775H         LINE#         84
  C:1775H         LINE#         85
  C:177BH         LINE#         86
  C:1780H         LINE#         87
  C:1780H         LINE#         88
  C:178DH         LINE#         89
  C:178DH         LINE#         90
  C:1793H         LINE#         91
  C:1798H         LINE#         92
  C:1798H         LINE#         93
  C:17A5H         LINE#         94
  C:17A5H         LINE#         95
  C:17ABH         LINE#         96
  C:17B0H         LINE#         97
  C:17B0H         LINE#         98
  C:17BDH         LINE#         99
  C:17BDH         LINE#         100
  C:17C3H         LINE#         101
  C:17C8H         LINE#         102
  C:17C8H         LINE#         103
  C:17D5H         LINE#         104
  C:17D5H         LINE#         105
  C:17DBH         LINE#         106
  C:17E0H         LINE#         107
  C:17E0H         LINE#         108
  C:17EDH         LINE#         109
  C:17EDH         LINE#         110
  C:17F3H         LINE#         111
  C:17F8H         LINE#         112
  C:17F8H         LINE#         113
  C:1805H         LINE#         114
  C:1805H         LINE#         115
  C:180BH         LINE#         116
  C:1810H         LINE#         117
  C:1810H         LINE#         118
  C:181DH         LINE#         119
  C:181DH         LINE#         120
  C:1823H         LINE#         121
  C:1828H         LINE#         122
  C:1828H         LINE#         123
  C:1837H         LINE#         124
  C:1837H         LINE#         125
  C:183DH         LINE#         126
  C:1844H         LINE#         127
  C:1844H         LINE#         128
  C:1853H         LINE#         129
  C:1853H         LINE#         130
BL51 BANKED LINKER/LOCATER V6.22.2.0                                                  08/18/2022  10:44:42  PAGE 55


  C:1859H         LINE#         131
  C:1860H         LINE#         132
  C:1860H         LINE#         135
  C:1862H         LINE#         136
  -------         ENDPROC       TIMER0_ISR
  -------         PROC          TIME_PROCESS
  C:2042H         LINE#         138
  C:2042H         LINE#         139
  C:2042H         LINE#         140
  C:204AH         LINE#         141
  C:204AH         LINE#         142
  C:2055H         LINE#         143
  C:205AH         LINE#         144
  C:205BH         LINE#         145
  C:2063H         LINE#         146
  C:2063H         LINE#         148
  C:2066H         LINE#         149
  C:2069H         LINE#         151
  C:206EH         LINE#         152
  C:206FH         LINE#         153
  C:2077H         LINE#         154
  C:2077H         LINE#         155
  C:207FH         LINE#         156
  C:207FH         LINE#         157
  C:2085H         LINE#         158
  C:2085H         LINE#         159
  C:208AH         LINE#         160
  C:208FH         LINE#         161
  C:208FH         LINE#         162
  C:2096H         LINE#         163
  C:209DH         LINE#         164
  C:20A7H         LINE#         165
  C:20A7H         LINE#         166
  C:20ADH         LINE#         167
  C:20B1H         LINE#         168
  C:20B6H         LINE#         169
  C:20B6H         LINE#         170
  C:20BBH         LINE#         171
  C:20BBH         LINE#         172
  C:20C0H         LINE#         173
  C:20C1H         LINE#         176
  C:20C9H         LINE#         177
  C:20C9H         LINE#         178
  C:20CCH         LINE#         179
  C:20D0H         LINE#         180
  C:20DAH         LINE#         181
  C:20DAH         LINE#         182
  C:20DEH         LINE#         183
  C:20E3H         LINE#         184
  C:20E3H         LINE#         185
  C:20F0H         LINE#         186
  C:20F0H         LINE#         187
  C:20F2H         LINE#         188
  C:20F5H         LINE#         190
  C:20F5H         LINE#         192
  C:20FAH         LINE#         193
  C:20FAH         LINE#         196
BL51 BANKED LINKER/LOCATER V6.22.2.0                                                  08/18/2022  10:44:42  PAGE 56


  -------         ENDPROC       TIME_PROCESS
  -------         PROC          GET_TEMPHUTSTARTFLAG
  C:303FH         LINE#         200
  C:303FH         LINE#         201
  C:303FH         LINE#         202
  C:3044H         LINE#         203
  -------         ENDPROC       GET_TEMPHUTSTARTFLAG
  -------         PROC          CLR__TEMPHUTSTARTFLAG
  C:3045H         LINE#         205
  C:3045H         LINE#         206
  C:3045H         LINE#         207
  C:304AH         LINE#         208
  -------         ENDPROC       CLR__TEMPHUTSTARTFLAG
  -------         PROC          GET_SAVEADDR
  C:304BH         LINE#         210
  C:304BH         LINE#         211
  C:304BH         LINE#         212
  C:3050H         LINE#         213
  -------         ENDPROC       GET_SAVEADDR
  -------         PROC          GET_ONECIRCLESAVEFLAG
  C:3051H         LINE#         215
  C:3051H         LINE#         216
  C:3051H         LINE#         217
  C:3056H         LINE#         218
  -------         ENDPROC       GET_ONECIRCLESAVEFLAG
  -------         PROC          _SET_ONECIRCLE_FLAG
  D:0007H         SYMBOL        Flag
  C:3057H         LINE#         220
  C:3057H         LINE#         221
  C:3057H         LINE#         222
  C:305CH         LINE#         223
  -------         ENDPROC       _SET_ONECIRCLE_FLAG
  -------         PROC          _SET_SAVE_ADDRP
  D:0007H         SYMBOL        Addr
  C:305DH         LINE#         225
  C:305DH         LINE#         226
  C:305DH         LINE#         227
  C:3062H         LINE#         228
  -------         ENDPROC       _SET_SAVE_ADDRP
  -------         ENDMOD        TIMER0

  -------         MODULE        UART1_USER
  C:0000H         SYMBOL        _ICE_DUMMY_
  D:0080H         PUBLIC        P0
  D:00B5H         PUBLIC        P2M1
  D:0090H         PUBLIC        P1
  D:00B6H         PUBLIC        P2M2
  D:00A0H         PUBLIC        P2
  D:00B0H         PUBLIC        P3
  D:00D8H         PUBLIC        P4
  D:009CH         PUBLIC        EIE1
  B:00A8H.7       PUBLIC        EA
  D:00A8H         PUBLIC        IE
  D:00B8H         PUBLIC        IP
  D:0098H         PUBLIC        SCON
  D:0088H         PUBLIC        TCON
  D:0091H         PUBLIC        SFRS
BL51 BANKED LINKER/LOCATER V6.22.2.0                                                  08/18/2022  10:44:42  PAGE 57


  D:00C0H         PUBLIC        I2C0CON
  D:00E8H         PUBLIC        I2C1CON
  D:00F8H         PUBLIC        S1CON
  C:2A23H         PUBLIC        Init_UART1
  D:00C8H         PUBLIC        T2CON
  D:00D0H         PUBLIC        PSW
  D:00F3H         PUBLIC        P2MF32
  -------         PROC          INIT_UART1
  C:2A23H         LINE#         4
  C:2A23H         LINE#         5
  C:2A23H         LINE#         6
  C:2A2CH         LINE#         7
  C:2A35H         LINE#         8
  C:2A3EH         LINE#         9
  C:2A47H         LINE#         11
  C:2A60H         LINE#         12
  C:2A66H         LINE#         13
  C:2A68H         LINE#         14
  -------         ENDPROC       INIT_UART1
  -------         ENDMOD        UART1_USER

  -------         MODULE        UART2_USER
  C:0000H         SYMBOL        _ICE_DUMMY_
  D:00F4H         PUBLIC        P2MF54
  D:0080H         PUBLIC        P0
  D:00B5H         PUBLIC        P2M1
  D:0090H         PUBLIC        P1
  D:00B6H         PUBLIC        P2M2
  D:00A0H         PUBLIC        P2
  D:00B0H         PUBLIC        P3
  D:00D8H         PUBLIC        P4
  B:00A8H.7       PUBLIC        EA
  D:00A8H         PUBLIC        IE
  D:00B8H         PUBLIC        IP
  D:0098H         PUBLIC        SCON
  D:0088H         PUBLIC        TCON
  D:0091H         PUBLIC        SFRS
  D:00C0H         PUBLIC        I2C0CON
  D:00E8H         PUBLIC        I2C1CON
  D:00DDH         PUBLIC        SC0IE
  D:00F8H         PUBLIC        S1CON
  C:2AACH         PUBLIC        Init_UART2
  D:00C8H         PUBLIC        T2CON
  D:00D0H         PUBLIC        PSW
  -------         PROC          INIT_UART2
  C:2AACH         LINE#         3
  C:2AACH         LINE#         4
  C:2AACH         LINE#         5
  C:2AB5H         LINE#         6
  C:2ABEH         LINE#         7
  C:2AC7H         LINE#         8
  C:2AD0H         LINE#         10
  C:2AE5H         LINE#         11
  C:2AEBH         LINE#         12
  C:2AEDH         LINE#         14
  -------         ENDPROC       INIT_UART2
  -------         ENDMOD        UART2_USER
BL51 BANKED LINKER/LOCATER V6.22.2.0                                                  08/18/2022  10:44:42  PAGE 58



  -------         MODULE        UART3_USER
  C:0000H         SYMBOL        _ICE_DUMMY_
  D:00B3H         PUBLIC        P1M1
  D:0080H         PUBLIC        P0
  D:00B4H         PUBLIC        P1M2
  D:0090H         PUBLIC        P1
  D:00A0H         PUBLIC        P2
  D:00B0H         PUBLIC        P3
  D:00D8H         PUBLIC        P4
  B:00A8H.7       PUBLIC        EA
  D:00A8H         PUBLIC        IE
  D:00B8H         PUBLIC        IP
  D:0098H         PUBLIC        SCON
  D:0088H         PUBLIC        TCON
  D:0091H         PUBLIC        SFRS
  D:00C0H         PUBLIC        I2C0CON
  D:00E8H         PUBLIC        I2C1CON
  D:00DDH         PUBLIC        SC1IE
  D:00F8H         PUBLIC        S1CON
  D:00C8H         PUBLIC        T2CON
  C:2AEEH         PUBLIC        Init_UART3
  D:00FDH         PUBLIC        P1MF10
  D:00FEH         PUBLIC        P1MF32
  D:00D0H         PUBLIC        PSW
  C:2FEDH         PUBLIC        _putchar
  -------         PROC          INIT_UART3
  C:2AEEH         LINE#         3
  C:2AEEH         LINE#         4
  C:2AEEH         LINE#         5
  C:2AF7H         LINE#         6
  C:2B00H         LINE#         7
  C:2B09H         LINE#         8
  C:2B12H         LINE#         9
  C:2B27H         LINE#         11
  C:2B2DH         LINE#         12
  C:2B2FH         LINE#         15
  -------         ENDPROC       INIT_UART3
  -------         PROC          _PUTCHAR
  X:023FH         SYMBOL        c
  C:2FEDH         LINE#         18
  C:2FF2H         LINE#         19
  C:2FF2H         LINE#         21
  C:2FF5H         LINE#         23
  C:2FFAH         LINE#         24
  -------         ENDPROC       _PUTCHAR
  -------         ENDMOD        UART3_USER

  -------         MODULE        WDT
  C:0000H         SYMBOL        _ICE_DUMMY_
  D:0080H         PUBLIC        P0
  D:0090H         PUBLIC        P1
  D:00A0H         PUBLIC        P2
  D:00B0H         PUBLIC        P3
  D:00D8H         PUBLIC        P4
  B:00A8H.7       PUBLIC        EA
  D:00A8H         PUBLIC        IE
BL51 BANKED LINKER/LOCATER V6.22.2.0                                                  08/18/2022  10:44:42  PAGE 59


  D:00C7H         PUBLIC        TA
  D:00B8H         PUBLIC        IP
  D:0098H         PUBLIC        SCON
  D:0088H         PUBLIC        TCON
  D:0091H         PUBLIC        SFRS
  D:00C0H         PUBLIC        I2C0CON
  D:00E8H         PUBLIC        I2C1CON
  D:00F8H         PUBLIC        S1CON
  C:2BE6H         PUBLIC        FEED_WDT
  C:2B30H         PUBLIC        WDT_Init
  D:00C8H         PUBLIC        T2CON
  D:00D0H         PUBLIC        PSW
  D:00AAH         PUBLIC        WDCON
  -------         PROC          WDT_INIT
  C:2B30H         LINE#         2
  C:2B30H         LINE#         3
  C:2B30H         LINE#         4
  C:2B39H         LINE#         10
  C:2B4FH         LINE#         11
  C:2B64H         LINE#         12
  C:2B6DH         LINE#         13
  -------         ENDPROC       WDT_INIT
  -------         PROC          FEED_WDT
  C:2BE6H         LINE#         15
  C:2BE6H         LINE#         16
  C:2BE6H         LINE#         17
  C:2BFCH         LINE#         18
  C:2C11H         LINE#         19
  C:2C1AH         LINE#         20
  -------         ENDPROC       FEED_WDT
  -------         ENDMOD        WDT

  -------         MODULE        WIFI
  C:0000H         SYMBOL        _ICE_DUMMY_
  D:0080H         PUBLIC        P0
  D:0090H         PUBLIC        P1
  D:00A0H         PUBLIC        P2
  D:00B0H         PUBLIC        P3
  D:00D8H         PUBLIC        P4
  C:006EH         PUBLIC        Init_Wifi
  D:00A8H         PUBLIC        IE
  D:00B8H         PUBLIC        IP
  B:0090H.3       PUBLIC        P13
  D:0098H         PUBLIC        SCON
  D:0088H         PUBLIC        TCON
  D:00C0H         PUBLIC        I2C0CON
  D:00E8H         PUBLIC        I2C1CON
  D:00F8H         PUBLIC        S1CON
  D:00C8H         PUBLIC        T2CON
  D:00D0H         PUBLIC        PSW
  -------         PROC          INIT_WIFI
  C:006EH         LINE#         23
  C:006EH         LINE#         24
  C:006EH         LINE#         25
  C:0077H         LINE#         26
  C:0079H         LINE#         27
  -------         ENDPROC       INIT_WIFI
BL51 BANKED LINKER/LOCATER V6.22.2.0                                                  08/18/2022  10:44:42  PAGE 60


  -------         ENDMOD        WIFI

  -------         MODULE        ?C?CLDPTR
  C:06F5H         PUBLIC        ?C?CLDPTR
  -------         ENDMOD        ?C?CLDPTR

  -------         MODULE        ?C?CLDOPTR
  C:070EH         PUBLIC        ?C?CLDOPTR
  -------         ENDMOD        ?C?CLDOPTR

  -------         MODULE        ?C?CSTPTR
  C:073BH         PUBLIC        ?C?CSTPTR
  -------         ENDMOD        ?C?CSTPTR

  -------         MODULE        ?C?CSTOPTR
  C:074DH         PUBLIC        ?C?CSTOPTR
  -------         ENDMOD        ?C?CSTOPTR

  -------         MODULE        ?C?IMUL
  C:076FH         PUBLIC        ?C?IMUL
  -------         ENDMOD        ?C?IMUL

  -------         MODULE        ?C?UIDIV
  C:0781H         PUBLIC        ?C?UIDIV
  -------         ENDMOD        ?C?UIDIV

  -------         MODULE        ?C?IILDX
  C:07D6H         PUBLIC        ?C?IILDX
  -------         ENDMOD        ?C?IILDX

  -------         MODULE        ?C?ILDIX
  C:07ECH         PUBLIC        ?C?ILDIX
  -------         ENDMOD        ?C?ILDIX

  -------         MODULE        ?C?LMUL
  C:0802H         PUBLIC        ?C?LMUL
  -------         ENDMOD        ?C?LMUL

  -------         MODULE        ?C?ULDIV
  C:088DH         PUBLIC        ?C?ULDIV
  -------         ENDMOD        ?C?ULDIV

  -------         MODULE        ?C?ULSHR
  C:091FH         PUBLIC        ?C?ULSHR
  -------         ENDMOD        ?C?ULSHR

  -------         MODULE        ?C?LSTXDATA
  C:0932H         PUBLIC        ?C?LSTXDATA
  -------         ENDMOD        ?C?LSTXDATA

  -------         MODULE        ?C?LSTKXDATA
  C:093EH         PUBLIC        ?C?LSTKXDATA
  -------         ENDMOD        ?C?LSTKXDATA

  -------         MODULE        PRINTF
  X:0217H         PUBLIC        ?_PRINTF517?BYTE
  X:0217H         PUBLIC        ?_PRINTF?BYTE
BL51 BANKED LINKER/LOCATER V6.22.2.0                                                  08/18/2022  10:44:42  PAGE 61


  X:0217H         PUBLIC        ?_SPRINTF517?BYTE
  X:0217H         PUBLIC        ?_SPRINTF?BYTE
  C:0121H         PUBLIC        _PRINTF
  C:0121H         PUBLIC        _PRINTF517
  C:011BH         PUBLIC        _SPRINTF
  C:011BH         PUBLIC        _SPRINTF517
  -------         ENDMOD        PRINTF

  -------         MODULE        ?C?PLDIXDATA
  C:096FH         PUBLIC        ?C?PLDIXDATA
  -------         ENDMOD        ?C?PLDIXDATA

  -------         MODULE        ?C?PSTXDATA
  C:0986H         PUBLIC        ?C?PSTXDATA
  -------         ENDMOD        ?C?PSTXDATA

  -------         MODULE        ?C?CCASE
  C:098FH         PUBLIC        ?C?CCASE
  -------         ENDMOD        ?C?CCASE

Program Size: data=19.0 xdata=689 code=12392
LINK/LOCATE RUN COMPLETE.  0 WARNING(S),  0 ERROR(S)
