C51 COMPILER V9.60.0.0   UART2                                                             11/11/2022 18:17:34 PAGE 1   


C51 COMPILER V9.60.0.0, COMPILATION OF MODULE UART2
OBJECT MODULE PLACED IN .\Output\uart2.obj
COMPILER INVOKED BY: d:\Keil_v5\C51\BIN\C51.EXE ..\..\..\UserCode\StdDriver\src\uart2.c LARGE OPTIMIZE(7,SPEED) BROWSE I
                    -NCDIR(..\..\..\UserCode\Device\Include;..\..\..\UserCode\StdDriver\inc;..\..\..\UserCode\User\ins;..\..\..\UserCode\StdD
                    -river\src;..\..\..\UserCode\StdDriver\lib) DEBUG OBJECTEXTEND PRINT(.\LST\uart2.lst) TABS(2) OBJECT(.\Output\uart2.obj)

line level    source

   1          /*--------------------------------------------------------------------------------------------------------
             --*/
   2          /*                                                                                                        
             - */
   3          /* Copyright(c) 2020 nuvoton Technology Corp. All rights reserved.                                        
             - */
   4          /*                                                                                                        
             - */
   5          /*--------------------------------------------------------------------------------------------------------
             --*/
   6          
   7          //********************************************************************************************************
             -***
   8          //  Nuvoton Technoledge Corp. 
   9          //  Website: http://www.nuvoton.com
  10          //  E-Mail : MicroC-8bit@nuvoton.com
  11          //  Date   : Jun/21/2020
  12          //********************************************************************************************************
             -***
  13          
  14          #include "ML51.h"
  15          
  16           
  17          unsigned char uart2rvbuffer=0;
  18          bit uart2rvflag;
  19          
  20          void SMC0_ISR(void) interrupt 19          // Vector @  0x9B
  21          {
  22   1          _push_(SFRS);
  23   1          //uart2rvflag = 1;
  24   1          SFRS = 0;
  25   1          uart2rvbuffer = SC0DR;
  26   1          _pop_(SFRS);
  27   1      }
  28          /**
  29           * @brief       UART2 transfer data without interrupt 
  30           * @param       u32SysClock , define Fsys value(value)
  31           * @param       u32Baudrate, Define baudrate (value)
  32           * @return      none
  33           * @details     none
  34           * @example:    UART2_Open(24000000,115200)
  35           */ 
  36          void UART2_Open(unsigned long u32SysClock, unsigned long u32Baudrate)
  37          {
  38   1          set_SC0CR0_SCEN;         /* Enable SC module */
  39   1          set_SC0CR1_UARTEN;       /* set as UART mode */
  40   1          set_SC0CR1_CLKKEEP;      
  41   1          clr_SC0CR0_CONSEL;       /* clr CONSEL and AUTOCEN*/
  42   1          clr_SC0CR0_AUTOCEN;
  43   1       
  44   1          SC0ETURD0 = LOBYTE((u32SysClock/8/u32Baudrate)-1);  /* define baud rate low byte */
  45   1          SC0ETURD1 &= 0xF0;                                  /* define baud rate high byte */
  46   1          SC0ETURD1 |= (HIBYTE(u32SysClock/8/u32Baudrate-1))&0x0F; 
C51 COMPILER V9.60.0.0   UART2                                                             11/11/2022 18:17:34 PAGE 2   

  47   1          set_SC0CR1_PBOFF;     //parity bit disable
  48   1          SC0CR1&=0xCF;         //datalegth 8bit
  49   1          set_SC0CR0_NSB;       //stop bit = 1bit
  50   1      }
  51          
  52          /**
  53           * @brief       UART2 receive data without interrupt 
  54           * @param       baudrate value
  55           * @return      received data
  56           * @details     none
  57           * @example:    temp = UART2_Receive_Data()
  58           */ 
  59          unsigned char UART2_Receive_One_Byte()
  60          {
  61   1          unsigned char c;
  62   1          clr_SC0CR0_RXOFF;
  63   1          while((SC0TSR&SET_BIT1)==SET_BIT1);
  64   1          c = SC0DR;
  65   1          return (c);
  66   1      }
  67          
  68          /**
  69           * @brief       UART2 transfer data without interrupt 
  70           * @param       baudrate value
  71           * @return      none
  72           * @details     none
  73           * @example:    UART2_Send_Data(0x55)
  74           */ 
  75          void UART2_Send_Data(unsigned char c)
  76          {
  77   1            clr_SC0CR0_TXOFF;
  78   1            SC0DR = c;
  79   1            while(!(SC0TSR|SET_BIT3));
  80   1            clr_SC0CR0_TXOFF;
  81   1      }
  82          
  83          
  84          
  85          
  86          
  87          
  88          
  89          


MODULE INFORMATION:   STATIC OVERLAYABLE
   CODE SIZE        =    238    ----
   CONSTANT SIZE    =   ----    ----
   XDATA SIZE       =      1       8
   PDATA SIZE       =   ----    ----
   DATA SIZE        =   ----    ----
   IDATA SIZE       =   ----    ----
   BIT SIZE         =      1    ----
END OF MODULE INFORMATION.


C51 COMPILATION COMPLETE.  0 WARNING(S),  0 ERROR(S)
